#
# There is insufficient memory for the Java Runtime Environment to continue.
# Native memory allocation (mmap) failed to map 7340032 bytes. Error detail: G1 virtual space
# Possible reasons:
#   The system is out of physical RAM or swap space
#   This process is running with CompressedOops enabled, and the Java Heap may be blocking the growth of the native heap
# Possible solutions:
#   Reduce memory load on the system
#   Increase physical memory or swap space
#   Check if swap backing store is full
#   Decrease Java heap size (-Xmx/-Xms)
#   Decrease number of Java threads
#   Decrease Java thread stack sizes (-Xss)
#   Set larger code cache with -XX:ReservedCodeCacheSize=
#   JVM is running with Unscaled Compressed Oops mode in which the Java heap is
#     placed in the first 4GB address space. The Java Heap base address is the
#     maximum limit for the native heap growth. Please use -XX:HeapBaseMinAddress
#     to set the Java Heap base and to place the Java Heap above 4GB virtual address.
# This output file may be truncated or incomplete.
#
#  Out of Memory Error (os_windows.cpp:3926), pid=27060, tid=20296
#
# JRE version: OpenJDK Runtime Environment (21.0.10) (build 21.0.10+-14961533-b1163.108)
# Java VM: OpenJDK 64-Bit Server VM (21.0.10+-14961533-b1163.108, mixed mode, tiered, compressed oops, compressed class ptrs, g1 gc, windows-amd64)
# No core dump will be written. Minidumps are not enabled by default on client versions of Windows
#

---------------  S U M M A R Y ------------

Command Line: --add-opens=java.base/java.lang=ALL-UNNAMED --add-opens=java.base/java.lang.invoke=ALL-UNNAMED --add-opens=java.base/java.util=ALL-UNNAMED --add-opens=java.prefs/java.util.prefs=ALL-UNNAMED --add-exports=jdk.compiler/com.sun.tools.javac.api=ALL-UNNAMED --add-exports=jdk.compiler/com.sun.tools.javac.util=ALL-UNNAMED --add-opens=java.base/java.util=ALL-UNNAMED --add-opens=java.prefs/java.util.prefs=ALL-UNNAMED --add-opens=java.base/java.nio.charset=ALL-UNNAMED --add-opens=java.base/java.net=ALL-UNNAMED --add-opens=java.base/java.util.concurrent=ALL-UNNAMED --add-opens=java.base/java.util.concurrent.atomic=ALL-UNNAMED --add-opens=java.xml/javax.xml.namespace=ALL-UNNAMED --add-opens=java.base/java.time=ALL-UNNAMED -Xmx2048m -Dfile.encoding=UTF-8 -Duser.country=IN -Duser.language=en -Duser.variant -javaagent:C:\Users\prave\.gradle\wrapper\dists\gradle-9.4.1-bin\arn2x92ynaizyzdaamcbpbhtj\gradle-9.4.1\lib\agents\gradle-instrumentation-agent-9.4.1.jar org.gradle.launcher.daemon.bootstrap.GradleDaemon 9.4.1

Host: 11th Gen Intel(R) Core(TM) i3-1115G4 @ 3.00GHz, 4 cores, 7G,  Windows 11 , 64 bit Build 22621 (10.0.22621.5415)
Time: Mon Jun  1 22:47:47 2026 India Standard Time elapsed time: 34.880774 seconds (0d 0h 0m 34s)

---------------  T H R E A D  ---------------

Current thread (0x000001de325bd4a0):  VMThread "VM Thread"          [id=20296, stack(0x00000012cd800000,0x00000012cd900000) (1024K)]

Stack: [0x00000012cd800000,0x00000012cd900000]
Native frames: (J=compiled Java code, j=interpreted, Vv=VM code, C=native code)
V  [jvm.dll+0x6d78a9]
V  [jvm.dll+0x8665b3]
V  [jvm.dll+0x868bde]
V  [jvm.dll+0x8692c3]
V  [jvm.dll+0x280ee6]
V  [jvm.dll+0x6d4165]
V  [jvm.dll+0x6c77fa]
V  [jvm.dll+0x358f4b]
V  [jvm.dll+0x360bc6]
V  [jvm.dll+0x3b2ea6]
V  [jvm.dll+0x3b3178]
V  [jvm.dll+0x32b65c]
V  [jvm.dll+0x32b6e7]
V  [jvm.dll+0x3715cc]
V  [jvm.dll+0x36fd7e]
V  [jvm.dll+0x32adb1]
V  [jvm.dll+0x36f480]
V  [jvm.dll+0x86f048]
V  [jvm.dll+0x870394]
V  [jvm.dll+0x8708d0]
V  [jvm.dll+0x870b63]
V  [jvm.dll+0x80fd28]
V  [jvm.dll+0x6d60fd]
C  [ucrtbase.dll+0x29333]
C  [KERNEL32.DLL+0x1259d]
C  [ntdll.dll+0x5af78]

VM_Operation (0x00000012ce8fe9b0): G1CollectForAllocation, mode: safepoint, requested by thread 0x000001de38589940


---------------  P R O C E S S  ---------------

Threads class SMR info:
_java_thread_list=0x000001de3bc64d70, length=42, elements={
0x000001de1b75ca90, 0x000001de32769470, 0x000001de3277f690, 0x000001de3276a930,
0x000001de327a83d0, 0x000001de3278c6a0, 0x000001de3278d8a0, 0x000001de3278eaa0,
0x000001de327934d0, 0x000001de32794710, 0x000001de32a96a30, 0x000001de38408040,
0x000001de38857de0, 0x000001de38589940, 0x000001de385b5b60, 0x000001de385b8a20,
0x000001de38846300, 0x000001de39de0350, 0x000001de39de9030, 0x000001de39dea3e0,
0x000001de39deb100, 0x000001de39de7c80, 0x000001de39de8310, 0x000001de39de89a0,
0x000001de37d0acf0, 0x000001de37d06b50, 0x000001de37d043f0, 0x000001de37d07870,
0x000001de37d08590, 0x000001de37d092b0, 0x000001de37d09940, 0x000001de37d09fd0,
0x000001de37d0a660, 0x000001de37d03d60, 0x000001de37d071e0, 0x000001de37d0b380,
0x000001de37d04a80, 0x000001de37d05110, 0x000001de37d057a0, 0x000001de37d05e30,
0x000001de3bb9ce10, 0x000001de3bb9a020
}

Java Threads: ( => current thread )
  0x000001de1b75ca90 JavaThread "main"                              [_thread_blocked, id=16708, stack(0x00000012cd100000,0x00000012cd200000) (1024K)]
  0x000001de32769470 JavaThread "Common-Cleaner"             daemon [_thread_blocked, id=10952, stack(0x00000012cd900000,0x00000012cda00000) (1024K)]
  0x000001de3277f690 JavaThread "Reference Handler"          daemon [_thread_blocked, id=25632, stack(0x00000012cda00000,0x00000012cdb00000) (1024K)]
  0x000001de3276a930 JavaThread "Finalizer"                  daemon [_thread_blocked, id=39536, stack(0x00000012cdb00000,0x00000012cdc00000) (1024K)]
  0x000001de327a83d0 JavaThread "Signal Dispatcher"          daemon [_thread_blocked, id=26488, stack(0x00000012cdc00000,0x00000012cdd00000) (1024K)]
  0x000001de3278c6a0 JavaThread "Attach Listener"            daemon [_thread_blocked, id=3060, stack(0x00000012cdd00000,0x00000012cde00000) (1024K)]
  0x000001de3278d8a0 JavaThread "Service Thread"             daemon [_thread_blocked, id=18548, stack(0x00000012cde00000,0x00000012cdf00000) (1024K)]
  0x000001de3278eaa0 JavaThread "Monitor Deflation Thread"   daemon [_thread_blocked, id=12024, stack(0x00000012cdf00000,0x00000012ce000000) (1024K)]
  0x000001de327934d0 JavaThread "C2 CompilerThread0"         daemon [_thread_blocked, id=34664, stack(0x00000012ce000000,0x00000012ce100000) (1024K)]
  0x000001de32794710 JavaThread "C1 CompilerThread0"         daemon [_thread_blocked, id=41480, stack(0x00000012ce100000,0x00000012ce200000) (1024K)]
  0x000001de32a96a30 JavaThread "Notification Thread"        daemon [_thread_blocked, id=20452, stack(0x00000012ce200000,0x00000012ce300000) (1024K)]
  0x000001de38408040 JavaThread "Daemon health stats"               [_thread_blocked, id=34876, stack(0x00000012ce600000,0x00000012ce700000) (1024K)]
  0x000001de38857de0 JavaThread "Incoming local TCP Connector on port 53077"        [_thread_in_native, id=45268, stack(0x00000012ce700000,0x00000012ce800000) (1024K)]
  0x000001de38589940 JavaThread "Daemon periodic checks"            [_thread_blocked, id=27836, stack(0x00000012ce800000,0x00000012ce900000) (1024K)]
  0x000001de385b5b60 JavaThread "Daemon"                            [_thread_blocked, id=31548, stack(0x00000012ce900000,0x00000012cea00000) (1024K)]
  0x000001de385b8a20 JavaThread "Handler for socket connection from /127.0.0.1:53077 to /127.0.0.1:49247"        [_thread_in_native, id=39752, stack(0x00000012cea00000,0x00000012ceb00000) (1024K)]
  0x000001de38846300 JavaThread "Cancel handler"                    [_thread_blocked, id=30612, stack(0x00000012ceb00000,0x00000012cec00000) (1024K)]
  0x000001de39de0350 JavaThread "Daemon worker"                     [_thread_blocked, id=17188, stack(0x00000012cec00000,0x00000012ced00000) (1024K)]
  0x000001de39de9030 JavaThread "Asynchronous log dispatcher for DefaultDaemonConnection: socket connection from /127.0.0.1:53077 to /127.0.0.1:49247"        [_thread_blocked, id=43820, stack(0x00000012ced00000,0x00000012cee00000) (1024K)]
  0x000001de39dea3e0 JavaThread "Stdin handler"                     [_thread_blocked, id=27160, stack(0x00000012cee00000,0x00000012cef00000) (1024K)]
  0x000001de39deb100 JavaThread "Daemon client event forwarder"        [_thread_blocked, id=17296, stack(0x00000012cef00000,0x00000012cf000000) (1024K)]
  0x000001de39de7c80 JavaThread "Cache worker for journal cache (C:\Users\prave\.gradle\caches\journal-1)"        [_thread_blocked, id=39504, stack(0x00000012cf000000,0x00000012cf100000) (1024K)]
  0x000001de39de8310 JavaThread "File lock request listener"        [_thread_in_native, id=17000, stack(0x00000012cf100000,0x00000012cf200000) (1024K)]
  0x000001de39de89a0 JavaThread "Cache worker for file hash cache (C:\Users\prave\.gradle\caches\9.4.1\fileHashes)"        [_thread_blocked, id=5524, stack(0x00000012cf200000,0x00000012cf300000) (1024K)]
  0x000001de37d0acf0 JavaThread "Cache worker for file hash cache (C:\Users\prave\AndroidStudioProjects\smartcareerpath\.gradle\9.4.1\fileHashes)"        [_thread_blocked, id=24928, stack(0x00000012cf300000,0x00000012cf400000) (1024K)]
  0x000001de37d06b50 JavaThread "Cache worker for Build Output Cleanup Cache (C:\Users\prave\AndroidStudioProjects\smartcareerpath\.gradle\buildOutputCleanup)"        [_thread_blocked, id=12644, stack(0x00000012cf400000,0x00000012cf500000) (1024K)]
  0x000001de37d043f0 JavaThread "File watcher server"        daemon [_thread_in_native, id=31532, stack(0x00000012cf500000,0x00000012cf600000) (1024K)]
  0x000001de37d07870 JavaThread "File watcher consumer"      daemon [_thread_blocked, id=27216, stack(0x00000012cf600000,0x00000012cf700000) (1024K)]
  0x000001de37d08590 JavaThread "Cache worker for file content cache (C:\Users\prave\.gradle\caches\9.4.1\fileContent)"        [_thread_blocked, id=35160, stack(0x00000012cf700000,0x00000012cf800000) (1024K)]
  0x000001de37d092b0 JavaThread "Cache worker for checksums cache (C:\Users\prave\AndroidStudioProjects\smartcareerpath\.gradle\9.4.1\checksums)"        [_thread_blocked, id=36804, stack(0x00000012cf800000,0x00000012cf900000) (1024K)]
  0x000001de37d09940 JavaThread "Cache worker for cache directory md-supplier (C:\Users\prave\.gradle\caches\9.4.1\md-supplier)"        [_thread_blocked, id=36636, stack(0x00000012cf900000,0x00000012cfa00000) (1024K)]
  0x000001de37d09fd0 JavaThread "Cache worker for cache directory md-rule (C:\Users\prave\.gradle\caches\9.4.1\md-rule)"        [_thread_blocked, id=41028, stack(0x00000012cfa00000,0x00000012cfb00000) (1024K)]
  0x000001de37d0a660 JavaThread "jar transforms"                    [_thread_blocked, id=21124, stack(0x00000012cfb00000,0x00000012cfc00000) (1024K)]
  0x000001de37d03d60 JavaThread "jar transforms Thread 2"           [_thread_blocked, id=29796, stack(0x00000012cfc00000,0x00000012cfd00000) (1024K)]
  0x000001de37d071e0 JavaThread "jar transforms Thread 3"           [_thread_blocked, id=13548, stack(0x00000012cfd00000,0x00000012cfe00000) (1024K)]
  0x000001de37d0b380 JavaThread "Build operations"                  [_thread_blocked, id=30400, stack(0x00000012cff00000,0x00000012d0000000) (1024K)]
  0x000001de37d04a80 JavaThread "Build operations Thread 2"         [_thread_blocked, id=12824, stack(0x00000012d0000000,0x00000012d0100000) (1024K)]
  0x000001de37d05110 JavaThread "Build operations Thread 3"         [_thread_blocked, id=1800, stack(0x00000012d0100000,0x00000012d0200000) (1024K)]
  0x000001de37d057a0 JavaThread "Build operations Thread 4"         [_thread_blocked, id=26492, stack(0x00000012d0200000,0x00000012d0300000) (1024K)]
  0x000001de37d05e30 JavaThread "jar transforms Thread 4"           [_thread_blocked, id=23904, stack(0x00000012cfe00000,0x00000012cff00000) (1024K)]
  0x000001de3bb9ce10 JavaThread "build event listener"              [_thread_blocked, id=1476, stack(0x00000012d0300000,0x00000012d0400000) (1024K)]
  0x000001de3bb9a020 JavaThread "Memory manager"                    [_thread_blocked, id=10440, stack(0x00000012d0400000,0x00000012d0500000) (1024K)]
Total: 42

Other Threads:
=>0x000001de325bd4a0 VMThread "VM Thread"                           [id=20296, stack(0x00000012cd800000,0x00000012cd900000) (1024K)]
  0x000001de325623e0 WatcherThread "VM Periodic Task Thread"        [id=27844, stack(0x00000012cd700000,0x00000012cd800000) (1024K)]
  0x000001de1b7b3250 WorkerThread "GC Thread#0"                     [id=40084, stack(0x00000012cd200000,0x00000012cd300000) (1024K)]
  0x000001de37160f70 WorkerThread "GC Thread#1"                     [id=20984, stack(0x00000012ce300000,0x00000012ce400000) (1024K)]
  0x000001de3720cad0 WorkerThread "GC Thread#2"                     [id=23432, stack(0x00000012ce400000,0x00000012ce500000) (1024K)]
  0x000001de37aff450 WorkerThread "GC Thread#3"                     [id=44096, stack(0x00000012ce500000,0x00000012ce600000) (1024K)]
  0x000001de1b7c4150 ConcurrentGCThread "G1 Main Marker"            [id=328, stack(0x00000012cd300000,0x00000012cd400000) (1024K)]
  0x000001de1b7c4ce0 WorkerThread "G1 Conc#0"                       [id=45108, stack(0x00000012cd400000,0x00000012cd500000) (1024K)]
  0x000001de32436500 ConcurrentGCThread "G1 Refine#0"               [id=17300, stack(0x00000012cd500000,0x00000012cd600000) (1024K)]
  0x000001de32438ea0 ConcurrentGCThread "G1 Service"                [id=30376, stack(0x00000012cd600000,0x00000012cd700000) (1024K)]
Total: 10

Threads with active compile tasks:
Total: 0

VM state: at safepoint (normal execution)

VM Mutex/Monitor currently owned by a thread:  ([mutex/lock_event])
[0x00007ffabde386d0] Threads_lock - owner thread: 0x000001de325bd4a0
[0x00007ffabde387d0] Heap_lock - owner thread: 0x000001de38589940

Heap address: 0x0000000080000000, size: 2048 MB, Compressed Oops mode: 32-bit

CDS archive(s) not mapped
Compressed class space mapped at: 0x0000000100000000-0x0000000140000000, reserved size: 1073741824
Narrow klass base: 0x0000000000000000, Narrow klass shift: 3, Narrow klass range: 0x140000000

GC Precious Log:
 CardTable entry size: 512
 Card Set container configuration: InlinePtr #cards 5 size 8 Array Of Cards #cards 12 size 40 Howl #buckets 4 coarsen threshold 1843 Howl Bitmap #cards 512 size 80 coarsen threshold 460 Card regions per heap region 1 cards per card region 2048
 CPUs: 4 total, 4 available
 Memory: 7930M
 Large Page Support: Disabled
 NUMA Support: Disabled
 Compressed Oops: Enabled (32-bit)
 Heap Region Size: 1M
 Heap Min Capacity: 8M
 Heap Initial Capacity: 124M
 Heap Max Capacity: 2G
 Pre-touch: Disabled
 Parallel Workers: 4
 Concurrent Workers: 1
 Concurrent Refinement Workers: 4
 Periodic GC: Disabled

Heap:
 garbage-first heap   total 124928K, used 75148K [0x0000000080000000, 0x0000000100000000)
  region size 1024K, 5 young (5120K), 5 survivors (5120K)
 Metaspace       used 85833K, committed 87872K, reserved 1179648K
  class space    used 12001K, committed 12992K, reserved 1048576K

Heap Regions: E=young(eden), S=young(survivor), O=old, HS=humongous(starts), HC=humongous(continues), CS=collection set, F=free, TAMS=top-at-mark-start, PB=parsable bottom
|   0|0x0000000080000000, 0x0000000080100000, 0x0000000080100000|100%|HS|  |TAMS 0x0000000080000000| PB 0x0000000080000000| Complete 
|   1|0x0000000080100000, 0x0000000080200000, 0x0000000080200000|100%|HC|  |TAMS 0x0000000080100000| PB 0x0000000080100000| Complete 
|   2|0x0000000080200000, 0x0000000080300000, 0x0000000080300000|100%|HC|  |TAMS 0x0000000080200000| PB 0x0000000080200000| Complete 
|   3|0x0000000080300000, 0x0000000080400000, 0x0000000080400000|100%|HC|  |TAMS 0x0000000080300000| PB 0x0000000080300000| Complete 
|   4|0x0000000080400000, 0x0000000080500000, 0x0000000080500000|100%| O|  |TAMS 0x0000000080400000| PB 0x0000000080400000| Untracked 
|   5|0x0000000080500000, 0x0000000080600000, 0x0000000080600000|100%| O|  |TAMS 0x0000000080500000| PB 0x0000000080500000| Untracked 
|   6|0x0000000080600000, 0x0000000080700000, 0x0000000080700000|100%| O|  |TAMS 0x0000000080600000| PB 0x0000000080600000| Untracked 
|   7|0x0000000080700000, 0x0000000080800000, 0x0000000080800000|100%| O|  |TAMS 0x0000000080700000| PB 0x0000000080700000| Untracked 
|   8|0x0000000080800000, 0x0000000080900000, 0x0000000080900000|100%|HS|  |TAMS 0x0000000080800000| PB 0x0000000080800000| Complete 
|   9|0x0000000080900000, 0x0000000080a00000, 0x0000000080a00000|100%| O|  |TAMS 0x0000000080900000| PB 0x0000000080900000| Untracked 
|  10|0x0000000080a00000, 0x0000000080b00000, 0x0000000080b00000|100%| O|  |TAMS 0x0000000080a00000| PB 0x0000000080a00000| Untracked 
|  11|0x0000000080b00000, 0x0000000080c00000, 0x0000000080c00000|100%| O|  |TAMS 0x0000000080b00000| PB 0x0000000080b00000| Untracked 
|  12|0x0000000080c00000, 0x0000000080d00000, 0x0000000080d00000|100%| O|  |TAMS 0x0000000080c00000| PB 0x0000000080c00000| Untracked 
|  13|0x0000000080d00000, 0x0000000080e00000, 0x0000000080e00000|100%| O|  |TAMS 0x0000000080d00000| PB 0x0000000080d00000| Untracked 
|  14|0x0000000080e00000, 0x0000000080f00000, 0x0000000080f00000|100%| O|  |TAMS 0x0000000080e00000| PB 0x0000000080e00000| Untracked 
|  15|0x0000000080f00000, 0x0000000081000000, 0x0000000081000000|100%| O|  |TAMS 0x0000000080f00000| PB 0x0000000080f00000| Untracked 
|  16|0x0000000081000000, 0x0000000081100000, 0x0000000081100000|100%| O|  |TAMS 0x0000000081000000| PB 0x0000000081000000| Untracked 
|  17|0x0000000081100000, 0x0000000081200000, 0x0000000081200000|100%| O|  |TAMS 0x0000000081100000| PB 0x0000000081100000| Untracked 
|  18|0x0000000081200000, 0x0000000081300000, 0x0000000081300000|100%| O|  |TAMS 0x0000000081200000| PB 0x0000000081200000| Untracked 
|  19|0x0000000081300000, 0x0000000081400000, 0x0000000081400000|100%| O|  |TAMS 0x0000000081300000| PB 0x0000000081300000| Untracked 
|  20|0x0000000081400000, 0x0000000081500000, 0x0000000081500000|100%| O|  |TAMS 0x0000000081400000| PB 0x0000000081400000| Untracked 
|  21|0x0000000081500000, 0x0000000081600000, 0x0000000081600000|100%| O|  |TAMS 0x0000000081500000| PB 0x0000000081500000| Untracked 
|  22|0x0000000081600000, 0x0000000081700000, 0x0000000081700000|100%| O|  |TAMS 0x0000000081600000| PB 0x0000000081600000| Untracked 
|  23|0x0000000081700000, 0x0000000081800000, 0x0000000081800000|100%| O|  |TAMS 0x0000000081700000| PB 0x0000000081700000| Untracked 
|  24|0x0000000081800000, 0x0000000081900000, 0x0000000081900000|100%| O|  |TAMS 0x0000000081800000| PB 0x0000000081800000| Untracked 
|  25|0x0000000081900000, 0x0000000081a00000, 0x0000000081a00000|100%| O|  |TAMS 0x0000000081900000| PB 0x0000000081900000| Untracked 
|  26|0x0000000081a00000, 0x0000000081b00000, 0x0000000081b00000|100%| O|  |TAMS 0x0000000081a00000| PB 0x0000000081a00000| Untracked 
|  27|0x0000000081b00000, 0x0000000081c00000, 0x0000000081c00000|100%| O|  |TAMS 0x0000000081b00000| PB 0x0000000081b00000| Untracked 
|  28|0x0000000081c00000, 0x0000000081d00000, 0x0000000081d00000|100%| O|  |TAMS 0x0000000081c00000| PB 0x0000000081c00000| Untracked 
|  29|0x0000000081d00000, 0x0000000081e00000, 0x0000000081e00000|100%|HS|  |TAMS 0x0000000081d00000| PB 0x0000000081d00000| Complete 
|  30|0x0000000081e00000, 0x0000000081f00000, 0x0000000081f00000|100%|HC|  |TAMS 0x0000000081e00000| PB 0x0000000081e00000| Complete 
|  31|0x0000000081f00000, 0x0000000082000000, 0x0000000082000000|100%| O|  |TAMS 0x0000000081f00000| PB 0x0000000081f00000| Untracked 
|  32|0x0000000082000000, 0x0000000082100000, 0x0000000082100000|100%| O|  |TAMS 0x0000000082000000| PB 0x0000000082000000| Untracked 
|  33|0x0000000082100000, 0x0000000082200000, 0x0000000082200000|100%| O|  |TAMS 0x0000000082100000| PB 0x0000000082100000| Untracked 
|  34|0x0000000082200000, 0x0000000082300000, 0x0000000082300000|100%| O|  |TAMS 0x0000000082200000| PB 0x0000000082200000| Untracked 
|  35|0x0000000082300000, 0x0000000082400000, 0x0000000082400000|100%| O|  |TAMS 0x0000000082300000| PB 0x0000000082300000| Untracked 
|  36|0x0000000082400000, 0x0000000082500000, 0x0000000082500000|100%| O|  |TAMS 0x0000000082400000| PB 0x0000000082400000| Untracked 
|  37|0x0000000082500000, 0x0000000082500000, 0x0000000082600000|  0%| F|  |TAMS 0x0000000082500000| PB 0x0000000082500000| Untracked 
|  38|0x0000000082600000, 0x0000000082700000, 0x0000000082700000|100%| O|  |TAMS 0x0000000082600000| PB 0x0000000082600000| Untracked 
|  39|0x0000000082700000, 0x0000000082800000, 0x0000000082800000|100%| O|  |TAMS 0x0000000082700000| PB 0x0000000082700000| Untracked 
|  40|0x0000000082800000, 0x0000000082900000, 0x0000000082900000|100%| O|  |TAMS 0x0000000082800000| PB 0x0000000082800000| Untracked 
|  41|0x0000000082900000, 0x0000000082a00000, 0x0000000082a00000|100%| O|  |TAMS 0x0000000082900000| PB 0x0000000082900000| Untracked 
|  42|0x0000000082a00000, 0x0000000082b00000, 0x0000000082b00000|100%| O|  |TAMS 0x0000000082a00000| PB 0x0000000082a00000| Untracked 
|  43|0x0000000082b00000, 0x0000000082c00000, 0x0000000082c00000|100%| O|  |TAMS 0x0000000082b00000| PB 0x0000000082b00000| Untracked 
|  44|0x0000000082c00000, 0x0000000082d00000, 0x0000000082d00000|100%| O|Cm|TAMS 0x0000000082c00000| PB 0x0000000082c00000| Complete 
|  45|0x0000000082d00000, 0x0000000082e00000, 0x0000000082e00000|100%|HS|  |TAMS 0x0000000082d00000| PB 0x0000000082d00000| Complete 
|  46|0x0000000082e00000, 0x0000000082f00000, 0x0000000082f00000|100%| O|  |TAMS 0x0000000082e00000| PB 0x0000000082e00000| Untracked 
|  47|0x0000000082f00000, 0x0000000083000000, 0x0000000083000000|100%| O|  |TAMS 0x0000000082f00000| PB 0x0000000082f00000| Untracked 
|  48|0x0000000083000000, 0x0000000083100000, 0x0000000083100000|100%| O|  |TAMS 0x0000000083000000| PB 0x0000000083000000| Untracked 
|  49|0x0000000083100000, 0x0000000083200000, 0x0000000083200000|100%|HS|  |TAMS 0x0000000083100000| PB 0x0000000083100000| Complete 
|  50|0x0000000083200000, 0x0000000083300000, 0x0000000083300000|100%|HS|  |TAMS 0x0000000083200000| PB 0x0000000083200000| Complete 
|  51|0x0000000083300000, 0x0000000083400000, 0x0000000083400000|100%| O|  |TAMS 0x0000000083300000| PB 0x0000000083300000| Untracked 
|  52|0x0000000083400000, 0x0000000083500000, 0x0000000083500000|100%| O|  |TAMS 0x0000000083400000| PB 0x0000000083400000| Untracked 
|  53|0x0000000083500000, 0x0000000083600000, 0x0000000083600000|100%|HS|  |TAMS 0x0000000083500000| PB 0x0000000083500000| Complete 
|  54|0x0000000083600000, 0x0000000083700000, 0x0000000083700000|100%|HC|  |TAMS 0x0000000083600000| PB 0x0000000083600000| Complete 
|  55|0x0000000083700000, 0x0000000083800000, 0x0000000083800000|100%|HS|  |TAMS 0x0000000083700000| PB 0x0000000083700000| Complete 
|  56|0x0000000083800000, 0x0000000083900000, 0x0000000083900000|100%|HS|  |TAMS 0x0000000083800000| PB 0x0000000083800000| Complete 
|  57|0x0000000083900000, 0x0000000083a00000, 0x0000000083a00000|100%| O|  |TAMS 0x0000000083900000| PB 0x0000000083900000| Untracked 
|  58|0x0000000083a00000, 0x0000000083b00000, 0x0000000083b00000|100%|HS|  |TAMS 0x0000000083a00000| PB 0x0000000083a00000| Complete 
|  59|0x0000000083b00000, 0x0000000083b00000, 0x0000000083c00000|  0%| F|  |TAMS 0x0000000083b00000| PB 0x0000000083b00000| Untracked 
|  60|0x0000000083c00000, 0x0000000083d00000, 0x0000000083d00000|100%| O|  |TAMS 0x0000000083c00000| PB 0x0000000083c00000| Untracked 
|  61|0x0000000083d00000, 0x0000000083e00000, 0x0000000083e00000|100%| O|  |TAMS 0x0000000083d00000| PB 0x0000000083d00000| Untracked 
|  62|0x0000000083e00000, 0x0000000083f00000, 0x0000000083f00000|100%| O|Cm|TAMS 0x0000000083e00000| PB 0x0000000083e00000| Complete 
|  63|0x0000000083f00000, 0x0000000084000000, 0x0000000084000000|100%| O|  |TAMS 0x0000000083f00000| PB 0x0000000083f00000| Untracked 
|  64|0x0000000084000000, 0x0000000084100000, 0x0000000084100000|100%| O|  |TAMS 0x0000000084000000| PB 0x0000000084000000| Untracked 
|  65|0x0000000084100000, 0x000000008412cb28, 0x0000000084200000| 17%| O|  |TAMS 0x0000000084100000| PB 0x0000000084100000| Untracked 
|  66|0x0000000084200000, 0x0000000084300000, 0x0000000084300000|100%|HS|  |TAMS 0x0000000084200000| PB 0x0000000084200000| Complete 
|  67|0x0000000084300000, 0x0000000084400000, 0x0000000084400000|100%|HC|  |TAMS 0x0000000084300000| PB 0x0000000084300000| Complete 
|  68|0x0000000084400000, 0x0000000084400000, 0x0000000084500000|  0%| F|  |TAMS 0x0000000084400000| PB 0x0000000084400000| Untracked 
|  69|0x0000000084500000, 0x0000000084500000, 0x0000000084600000|  0%| F|  |TAMS 0x0000000084500000| PB 0x0000000084500000| Untracked 
|  70|0x0000000084600000, 0x0000000084600000, 0x0000000084700000|  0%| F|  |TAMS 0x0000000084600000| PB 0x0000000084600000| Untracked 
|  71|0x0000000084700000, 0x0000000084700000, 0x0000000084800000|  0%| F|  |TAMS 0x0000000084700000| PB 0x0000000084700000| Untracked 
|  72|0x0000000084800000, 0x0000000084800000, 0x0000000084900000|  0%| F|  |TAMS 0x0000000084800000| PB 0x0000000084800000| Untracked 
|  73|0x0000000084900000, 0x0000000084900000, 0x0000000084a00000|  0%| F|  |TAMS 0x0000000084900000| PB 0x0000000084900000| Untracked 
|  74|0x0000000084a00000, 0x0000000084a36590, 0x0000000084b00000| 21%| S|CS|TAMS 0x0000000084a00000| PB 0x0000000084a00000| Complete 
|  75|0x0000000084b00000, 0x0000000084c00000, 0x0000000084c00000|100%| S|CS|TAMS 0x0000000084b00000| PB 0x0000000084b00000| Complete 
|  76|0x0000000084c00000, 0x0000000084d00000, 0x0000000084d00000|100%| S|CS|TAMS 0x0000000084c00000| PB 0x0000000084c00000| Complete 
|  77|0x0000000084d00000, 0x0000000084e00000, 0x0000000084e00000|100%| S|CS|TAMS 0x0000000084d00000| PB 0x0000000084d00000| Complete 
|  78|0x0000000084e00000, 0x0000000084f00000, 0x0000000084f00000|100%| S|CS|TAMS 0x0000000084e00000| PB 0x0000000084e00000| Complete 
|  79|0x0000000084f00000, 0x0000000084f00000, 0x0000000085000000|  0%| F|  |TAMS 0x0000000084f00000| PB 0x0000000084f00000| Untracked 
|  80|0x0000000085000000, 0x0000000085000000, 0x0000000085100000|  0%| F|  |TAMS 0x0000000085000000| PB 0x0000000085000000| Untracked 
|  81|0x0000000085100000, 0x0000000085100000, 0x0000000085200000|  0%| F|  |TAMS 0x0000000085100000| PB 0x0000000085100000| Untracked 
|  82|0x0000000085200000, 0x0000000085200000, 0x0000000085300000|  0%| F|  |TAMS 0x0000000085200000| PB 0x0000000085200000| Untracked 
|  83|0x0000000085300000, 0x0000000085300000, 0x0000000085400000|  0%| F|  |TAMS 0x0000000085300000| PB 0x0000000085300000| Untracked 
|  84|0x0000000085400000, 0x0000000085400000, 0x0000000085500000|  0%| F|  |TAMS 0x0000000085400000| PB 0x0000000085400000| Untracked 
|  85|0x0000000085500000, 0x0000000085500000, 0x0000000085600000|  0%| F|  |TAMS 0x0000000085500000| PB 0x0000000085500000| Untracked 
|  86|0x0000000085600000, 0x0000000085600000, 0x0000000085700000|  0%| F|  |TAMS 0x0000000085600000| PB 0x0000000085600000| Untracked 
|  87|0x0000000085700000, 0x0000000085700000, 0x0000000085800000|  0%| F|  |TAMS 0x0000000085700000| PB 0x0000000085700000| Untracked 
|  88|0x0000000085800000, 0x0000000085800000, 0x0000000085900000|  0%| F|  |TAMS 0x0000000085800000| PB 0x0000000085800000| Untracked 
|  89|0x0000000085900000, 0x0000000085900000, 0x0000000085a00000|  0%| F|  |TAMS 0x0000000085900000| PB 0x0000000085900000| Untracked 
|  90|0x0000000085a00000, 0x0000000085a00000, 0x0000000085b00000|  0%| F|  |TAMS 0x0000000085a00000| PB 0x0000000085a00000| Untracked 
|  91|0x0000000085b00000, 0x0000000085b00000, 0x0000000085c00000|  0%| F|  |TAMS 0x0000000085b00000| PB 0x0000000085b00000| Untracked 
|  92|0x0000000085c00000, 0x0000000085c00000, 0x0000000085d00000|  0%| F|  |TAMS 0x0000000085c00000| PB 0x0000000085c00000| Untracked 
|  93|0x0000000085d00000, 0x0000000085d00000, 0x0000000085e00000|  0%| F|  |TAMS 0x0000000085d00000| PB 0x0000000085d00000| Untracked 
|  94|0x0000000085e00000, 0x0000000085e00000, 0x0000000085f00000|  0%| F|  |TAMS 0x0000000085e00000| PB 0x0000000085e00000| Untracked 
|  95|0x0000000085f00000, 0x0000000085f00000, 0x0000000086000000|  0%| F|  |TAMS 0x0000000085f00000| PB 0x0000000085f00000| Untracked 
|  96|0x0000000086000000, 0x0000000086000000, 0x0000000086100000|  0%| F|  |TAMS 0x0000000086000000| PB 0x0000000086000000| Untracked 
|  97|0x0000000086100000, 0x0000000086100000, 0x0000000086200000|  0%| F|  |TAMS 0x0000000086100000| PB 0x0000000086100000| Untracked 
|  98|0x0000000086200000, 0x0000000086200000, 0x0000000086300000|  0%| F|  |TAMS 0x0000000086200000| PB 0x0000000086200000| Untracked 
|  99|0x0000000086300000, 0x0000000086300000, 0x0000000086400000|  0%| F|  |TAMS 0x0000000086300000| PB 0x0000000086300000| Untracked 
| 100|0x0000000086400000, 0x0000000086400000, 0x0000000086500000|  0%| F|  |TAMS 0x0000000086400000| PB 0x0000000086400000| Untracked 
| 101|0x0000000086500000, 0x0000000086500000, 0x0000000086600000|  0%| F|  |TAMS 0x0000000086500000| PB 0x0000000086500000| Untracked 
| 102|0x0000000086600000, 0x0000000086600000, 0x0000000086700000|  0%| F|  |TAMS 0x0000000086600000| PB 0x0000000086600000| Untracked 
| 103|0x0000000086700000, 0x0000000086700000, 0x0000000086800000|  0%| F|  |TAMS 0x0000000086700000| PB 0x0000000086700000| Untracked 
| 104|0x0000000086800000, 0x0000000086800000, 0x0000000086900000|  0%| F|  |TAMS 0x0000000086800000| PB 0x0000000086800000| Untracked 
| 105|0x0000000086900000, 0x0000000086900000, 0x0000000086a00000|  0%| F|  |TAMS 0x0000000086900000| PB 0x0000000086900000| Untracked 
| 106|0x0000000086a00000, 0x0000000086a00000, 0x0000000086b00000|  0%| F|  |TAMS 0x0000000086a00000| PB 0x0000000086a00000| Untracked 
| 107|0x0000000086b00000, 0x0000000086b00000, 0x0000000086c00000|  0%| F|  |TAMS 0x0000000086b00000| PB 0x0000000086b00000| Untracked 
| 108|0x0000000086c00000, 0x0000000086c00000, 0x0000000086d00000|  0%| F|  |TAMS 0x0000000086c00000| PB 0x0000000086c00000| Untracked 
| 109|0x0000000086d00000, 0x0000000086d00000, 0x0000000086e00000|  0%| F|  |TAMS 0x0000000086d00000| PB 0x0000000086d00000| Untracked 
| 110|0x0000000086e00000, 0x0000000086e00000, 0x0000000086f00000|  0%| F|  |TAMS 0x0000000086e00000| PB 0x0000000086e00000| Untracked 
| 111|0x0000000086f00000, 0x0000000086f00000, 0x0000000087000000|  0%| F|  |TAMS 0x0000000086f00000| PB 0x0000000086f00000| Untracked 
| 112|0x0000000087000000, 0x0000000087000000, 0x0000000087100000|  0%| F|  |TAMS 0x0000000087000000| PB 0x0000000087000000| Untracked 
| 113|0x0000000087100000, 0x0000000087100000, 0x0000000087200000|  0%| F|  |TAMS 0x0000000087100000| PB 0x0000000087100000| Untracked 
| 114|0x0000000087200000, 0x0000000087200000, 0x0000000087300000|  0%| F|  |TAMS 0x0000000087200000| PB 0x0000000087200000| Untracked 
| 115|0x0000000087300000, 0x0000000087300000, 0x0000000087400000|  0%| F|  |TAMS 0x0000000087300000| PB 0x0000000087300000| Untracked 
| 123|0x0000000087b00000, 0x0000000087b00000, 0x0000000087c00000|  0%| F|  |TAMS 0x0000000087b00000| PB 0x0000000087b00000| Untracked 
|2043|0x00000000ffb00000, 0x00000000ffc00000, 0x00000000ffc00000|100%| O|  |TAMS 0x00000000ffb00000| PB 0x00000000ffb00000| Untracked 
|2044|0x00000000ffc00000, 0x00000000ffd00000, 0x00000000ffd00000|100%| O|  |TAMS 0x00000000ffc00000| PB 0x00000000ffc00000| Untracked 
|2045|0x00000000ffd00000, 0x00000000ffe00000, 0x00000000ffe00000|100%| O|  |TAMS 0x00000000ffd00000| PB 0x00000000ffd00000| Untracked 
|2046|0x00000000ffe00000, 0x00000000fff00000, 0x00000000fff00000|100%| O|  |TAMS 0x00000000ffe00000| PB 0x00000000ffe00000| Untracked 
|2047|0x00000000fff00000, 0x00000000fff00000, 0x0000000100000000|  0%| F|  |TAMS 0x00000000fff00000| PB 0x00000000fff00000| Untracked 

Card table byte_map: [0x000001de2dcc0000,0x000001de2e0c0000] _byte_map_base: 0x000001de2d8c0000

Marking Bits: (CMBitMap*) 0x000001de1b7b3870
 Bits: [0x000001de2e0c0000, 0x000001de300c0000)

Polling page: 0x000001de19590000

Metaspace:

Usage:
  Non-class:     72.10 MB used.
      Class:     11.72 MB used.
       Both:     83.82 MB used.

Virtual space:
  Non-class space:      128.00 MB reserved,      73.12 MB ( 57%) committed,  2 nodes.
      Class space:        1.00 GB reserved,      12.69 MB (  1%) committed,  1 nodes.
             Both:        1.12 GB reserved,      85.81 MB (  7%) committed. 

Chunk freelists:
   Non-Class:  6.77 MB
       Class:  3.33 MB
        Both:  10.09 MB

MaxMetaspaceSize: unlimited
CompressedClassSpaceSize: 1.00 GB
Initial GC threshold: 21.00 MB
Current GC threshold: 136.88 MB
CDS: off
 - commit_granule_bytes: 65536.
 - commit_granule_words: 8192.
 - virtual_space_node_default_size: 8388608.
 - enlarge_chunks_in_place: 1.
 - use_allocation_guard: 0.


Internal statistics:

num_allocs_failed_limit: 9.
num_arena_births: 3938.
num_arena_deaths: 0.
num_vsnodes_births: 3.
num_vsnodes_deaths: 0.
num_space_committed: 1373.
num_space_uncommitted: 0.
num_chunks_returned_to_freelist: 9.
num_chunks_taken_from_freelist: 7651.
num_chunk_merges: 6.
num_chunk_splits: 4963.
num_chunks_enlarged: 3015.
num_inconsistent_stats: 0.

CodeHeap 'non-profiled nmethods': size=120000Kb used=4462Kb max_used=4462Kb free=115537Kb
 bounds [0x000001de26390000, 0x000001de267f0000, 0x000001de2d8c0000]
CodeHeap 'profiled nmethods': size=120000Kb used=14556Kb max_used=14579Kb free=105443Kb
 bounds [0x000001de1e8c0000, 0x000001de1f730000, 0x000001de25df0000]
CodeHeap 'non-nmethods': size=5760Kb used=2149Kb max_used=2174Kb free=3610Kb
 bounds [0x000001de25df0000, 0x000001de26060000, 0x000001de26390000]
CodeCache: size=245760Kb, used=21167Kb, max_used=21215Kb, free=224590Kb
 total_blobs=8810, nmethods=7975, adapters=739, full_count=0
Compilation: enabled, stopped_count=0, restarted_count=0

Compilation events (20 events):
Event: 34.687 Thread 0x000001de327934d0 9384       4       jdk.internal.util.xml.impl.Parser::bappend (200 bytes)
Event: 34.688 Thread 0x000001de327934d0 nmethod 9384 0x000001de267e2d10 code [0x000001de267e2ea0, 0x000001de267e2ff0]
Event: 34.688 Thread 0x000001de327934d0 9410       4       java.util.ArrayList::toArray (57 bytes)
Event: 34.692 Thread 0x000001de327934d0 nmethod 9410 0x000001de267e3110 code [0x000001de267e32c0, 0x000001de267e3980]
Event: 34.692 Thread 0x000001de327934d0 9382       4       jdk.internal.util.xml.impl.Parser::step (891 bytes)
Event: 34.774 Thread 0x000001de32794710 9419   !   3       com.sun.jmx.mbeanserver.Introspector::descriptorForAnnotations (248 bytes)
Event: 34.776 Thread 0x000001de32794710 nmethod 9419 0x000001de1e96ac10 code [0x000001de1e96afe0, 0x000001de1e96c838]
Event: 34.790 Thread 0x000001de327934d0 nmethod 9382 0x000001de267e3b90 code [0x000001de267e3fe0, 0x000001de267e6940]
Event: 34.790 Thread 0x000001de327934d0 9366       4       java.util.ImmutableCollections$ListItr::hasNext (17 bytes)
Event: 34.791 Thread 0x000001de327934d0 nmethod 9366 0x000001de267e7e90 code [0x000001de267e8020, 0x000001de267e80b8]
Event: 34.791 Thread 0x000001de327934d0 9370       4       java.util.StringJoiner::toString (53 bytes)
Event: 34.806 Thread 0x000001de327934d0 nmethod 9370 0x000001de267e8190 code [0x000001de267e83c0, 0x000001de267e90d8]
Event: 34.806 Thread 0x000001de327934d0 9371       4       java.lang.System$2::join (11 bytes)
Event: 34.824 Thread 0x000001de32794710 9420       3       org.gradle.api.internal.provider.AbstractMinimalProvider::get (10 bytes)
Event: 34.825 Thread 0x000001de32794710 nmethod 9420 0x000001de1e96a710 code [0x000001de1e96a8c0, 0x000001de1e96ab38]
Event: 34.826 Thread 0x000001de327934d0 nmethod 9371 0x000001de267e9b10 code [0x000001de267e9d40, 0x000001de267eaab8]
Event: 34.826 Thread 0x000001de327934d0 9418       4       java.lang.StringConcatHelper::checkOverflow (17 bytes)
Event: 34.826 Thread 0x000001de327934d0 nmethod 9418 0x000001de267eb490 code [0x000001de267eb620, 0x000001de267eb6a8]
Event: 34.831 Thread 0x000001de327934d0 9421       4       org.gradle.internal.io.StreamByteBuffer$StreamByteBufferChunk::readFrom (30 bytes)
Event: 34.832 Thread 0x000001de327934d0 nmethod 9421 0x000001de267eb790 code [0x000001de267eb920, 0x000001de267eb9e8]

GC Heap History (20 events):
Event: 25.689 GC heap after
{Heap after GC invocations=20 (full 0):
 garbage-first heap   total 88064K, used 48299K [0x0000000080000000, 0x0000000100000000)
  region size 1024K, 5 young (5120K), 5 survivors (5120K)
 Metaspace       used 71070K, committed 72960K, reserved 1114112K
  class space    used 10191K, committed 11072K, reserved 1048576K
}
Event: 27.368 GC heap before
{Heap before GC invocations=21 (full 0):
 garbage-first heap   total 88064K, used 80043K [0x0000000080000000, 0x0000000100000000)
  region size 1024K, 37 young (37888K), 5 survivors (5120K)
 Metaspace       used 71599K, committed 73536K, reserved 1114112K
  class space    used 10217K, committed 11136K, reserved 1048576K
}
Event: 27.380 GC heap after
{Heap after GC invocations=22 (full 0):
 garbage-first heap   total 89088K, used 50753K [0x0000000080000000, 0x0000000100000000)
  region size 1024K, 5 young (5120K), 5 survivors (5120K)
 Metaspace       used 71599K, committed 73536K, reserved 1114112K
  class space    used 10217K, committed 11136K, reserved 1048576K
}
Event: 28.650 GC heap before
{Heap before GC invocations=22 (full 0):
 garbage-first heap   total 89088K, used 80449K [0x0000000080000000, 0x0000000100000000)
  region size 1024K, 35 young (35840K), 5 survivors (5120K)
 Metaspace       used 71798K, committed 73664K, reserved 1114112K
  class space    used 10218K, committed 11136K, reserved 1048576K
}
Event: 28.662 GC heap after
{Heap after GC invocations=23 (full 0):
 garbage-first heap   total 90112K, used 51324K [0x0000000080000000, 0x0000000100000000)
  region size 1024K, 4 young (4096K), 4 survivors (4096K)
 Metaspace       used 71798K, committed 73664K, reserved 1114112K
  class space    used 10218K, committed 11136K, reserved 1048576K
}
Event: 29.569 GC heap before
{Heap before GC invocations=23 (full 0):
 garbage-first heap   total 90112K, used 82044K [0x0000000080000000, 0x0000000100000000)
  region size 1024K, 35 young (35840K), 4 survivors (4096K)
 Metaspace       used 71810K, committed 73664K, reserved 1114112K
  class space    used 10218K, committed 11136K, reserved 1048576K
}
Event: 29.576 GC heap after
{Heap after GC invocations=24 (full 0):
 garbage-first heap   total 90112K, used 52172K [0x0000000080000000, 0x0000000100000000)
  region size 1024K, 3 young (3072K), 3 survivors (3072K)
 Metaspace       used 71810K, committed 73664K, reserved 1114112K
  class space    used 10218K, committed 11136K, reserved 1048576K
}
Event: 30.395 GC heap before
{Heap before GC invocations=25 (full 0):
 garbage-first heap   total 90112K, used 88012K [0x0000000080000000, 0x0000000100000000)
  region size 1024K, 31 young (31744K), 3 survivors (3072K)
 Metaspace       used 72285K, committed 74176K, reserved 1114112K
  class space    used 10281K, committed 11200K, reserved 1048576K
}
Event: 30.405 GC heap after
{Heap after GC invocations=26 (full 0):
 garbage-first heap   total 99328K, used 66358K [0x0000000080000000, 0x0000000100000000)
  region size 1024K, 5 young (5120K), 5 survivors (5120K)
 Metaspace       used 72285K, committed 74176K, reserved 1114112K
  class space    used 10281K, committed 11200K, reserved 1048576K
}
Event: 30.850 GC heap before
{Heap before GC invocations=26 (full 0):
 garbage-first heap   total 99328K, used 88886K [0x0000000080000000, 0x0000000100000000)
  region size 1024K, 27 young (27648K), 5 survivors (5120K)
 Metaspace       used 73837K, committed 75776K, reserved 1114112K
  class space    used 10463K, committed 11392K, reserved 1048576K
}
Event: 30.862 GC heap after
{Heap after GC invocations=27 (full 0):
 garbage-first heap   total 99328K, used 69379K [0x0000000080000000, 0x0000000100000000)
  region size 1024K, 2 young (2048K), 2 survivors (2048K)
 Metaspace       used 73837K, committed 75776K, reserved 1114112K
  class space    used 10463K, committed 11392K, reserved 1048576K
}
Event: 31.471 GC heap before
{Heap before GC invocations=27 (full 0):
 garbage-first heap   total 99328K, used 90883K [0x0000000080000000, 0x0000000100000000)
  region size 1024K, 23 young (23552K), 2 survivors (2048K)
 Metaspace       used 75375K, committed 77376K, reserved 1179648K
  class space    used 10682K, committed 11648K, reserved 1048576K
}
Event: 31.474 GC heap after
{Heap after GC invocations=28 (full 0):
 garbage-first heap   total 99328K, used 70046K [0x0000000080000000, 0x0000000100000000)
  region size 1024K, 3 young (3072K), 3 survivors (3072K)
 Metaspace       used 75375K, committed 77376K, reserved 1179648K
  class space    used 10682K, committed 11648K, reserved 1048576K
}
Event: 32.225 GC heap before
{Heap before GC invocations=29 (full 0):
 garbage-first heap   total 117760K, used 90526K [0x0000000080000000, 0x0000000100000000)
  region size 1024K, 24 young (24576K), 3 survivors (3072K)
 Metaspace       used 77343K, committed 79360K, reserved 1179648K
  class space    used 10872K, committed 11840K, reserved 1048576K
}
Event: 32.230 GC heap after
{Heap after GC invocations=30 (full 0):
 garbage-first heap   total 117760K, used 70417K [0x0000000080000000, 0x0000000100000000)
  region size 1024K, 2 young (2048K), 2 survivors (2048K)
 Metaspace       used 77343K, committed 79360K, reserved 1179648K
  class space    used 10872K, committed 11840K, reserved 1048576K
}
Event: 33.294 GC heap before
{Heap before GC invocations=30 (full 0):
 garbage-first heap   total 117760K, used 106257K [0x0000000080000000, 0x0000000100000000)
  region size 1024K, 38 young (38912K), 2 survivors (2048K)
 Metaspace       used 81110K, committed 83136K, reserved 1179648K
  class space    used 11319K, committed 12288K, reserved 1048576K
}
Event: 33.300 GC heap after
{Heap after GC invocations=31 (full 0):
 garbage-first heap   total 117760K, used 71048K [0x0000000080000000, 0x0000000100000000)
  region size 1024K, 3 young (3072K), 3 survivors (3072K)
 Metaspace       used 81110K, committed 83136K, reserved 1179648K
  class space    used 11319K, committed 12288K, reserved 1048576K
}
Event: 33.591 GC heap before
{Heap before GC invocations=31 (full 0):
 garbage-first heap   total 117760K, used 78216K [0x0000000080000000, 0x0000000100000000)
  region size 1024K, 11 young (11264K), 3 survivors (3072K)
 Metaspace       used 81991K, committed 84032K, reserved 1179648K
  class space    used 11478K, committed 12480K, reserved 1048576K
}
Event: 33.596 GC heap after
{Heap after GC invocations=32 (full 0):
 garbage-first heap   total 117760K, used 71441K [0x0000000080000000, 0x0000000100000000)
  region size 1024K, 3 young (3072K), 3 survivors (3072K)
 Metaspace       used 81991K, committed 84032K, reserved 1179648K
  class space    used 11478K, committed 12480K, reserved 1048576K
}
Event: 34.866 GC heap before
{Heap before GC invocations=33 (full 0):
 garbage-first heap   total 124928K, used 110353K [0x0000000080000000, 0x0000000100000000)
  region size 1024K, 39 young (39936K), 3 survivors (3072K)
 Metaspace       used 85833K, committed 87872K, reserved 1179648K
  class space    used 12001K, committed 12992K, reserved 1048576K
}

Dll operation events (3 events):
Event: 0.018 Loaded shared library C:\Program Files\Android\Android Studio\jbr\bin\java.dll
Event: 0.025 Loaded shared library C:\Program Files\Android\Android Studio\jbr\bin\zip.dll
Event: 1.394 Loaded shared library C:\Program Files\Android\Android Studio\jbr\bin\verify.dll

Deoptimization events (20 events):
Event: 34.442 Thread 0x000001de39de0350 DEOPT PACKING pc=0x000001de26583f8c sp=0x00000012cecf3d30
Event: 34.442 Thread 0x000001de39de0350 DEOPT UNPACKING pc=0x000001de25e47aa2 sp=0x00000012cecf3cc8 mode 2
Event: 34.493 Thread 0x000001de39de0350 Uncommon trap: trap_request=0xffffff45 fr.pc=0x000001de264718e8 relative=0x00000000000000c8
Event: 34.493 Thread 0x000001de39de0350 Uncommon trap: reason=unstable_if action=reinterpret pc=0x000001de264718e8 method=java.lang.CharacterDataLatin1.isWhitespace(I)Z @ 14 c2
Event: 34.493 Thread 0x000001de39de0350 DEOPT PACKING pc=0x000001de264718e8 sp=0x00000012cecf4780
Event: 34.493 Thread 0x000001de39de0350 DEOPT UNPACKING pc=0x000001de25e47aa2 sp=0x00000012cecf4648 mode 2
Event: 34.493 Thread 0x000001de39de0350 Uncommon trap: trap_request=0xffffff45 fr.pc=0x000001de264153bc relative=0x000000000000009c
Event: 34.493 Thread 0x000001de39de0350 Uncommon trap: reason=unstable_if action=reinterpret pc=0x000001de264153bc method=java.lang.CharacterDataLatin1.isWhitespace(I)Z @ 14 c2
Event: 34.493 Thread 0x000001de39de0350 DEOPT PACKING pc=0x000001de264153bc sp=0x00000012cecf4740
Event: 34.493 Thread 0x000001de39de0350 DEOPT UNPACKING pc=0x000001de25e47aa2 sp=0x00000012cecf46b0 mode 2
Event: 34.573 Thread 0x000001de39de0350 Uncommon trap: trap_request=0xffffff45 fr.pc=0x000001de266b0cd8 relative=0x00000000000000b8
Event: 34.573 Thread 0x000001de39de0350 Uncommon trap: reason=unstable_if action=reinterpret pc=0x000001de266b0cd8 method=jdk.internal.util.xml.impl.Parser.bappend(CC)V @ 1 c2
Event: 34.573 Thread 0x000001de39de0350 DEOPT PACKING pc=0x000001de266b0cd8 sp=0x00000012cecf45d0
Event: 34.573 Thread 0x000001de39de0350 DEOPT UNPACKING pc=0x000001de25e47aa2 sp=0x00000012cecf4558 mode 2
Event: 34.574 Thread 0x000001de39de0350 Uncommon trap: trap_request=0xffffff45 fr.pc=0x000001de266b0914 relative=0x0000000000000074
Event: 34.574 Thread 0x000001de39de0350 Uncommon trap: reason=unstable_if action=reinterpret pc=0x000001de266b0914 method=jdk.internal.util.xml.impl.Parser.ensureCapacity(I)V @ 40 c2
Event: 34.574 Thread 0x000001de39de0350 DEOPT PACKING pc=0x000001de266b0914 sp=0x00000012cecf45d0
Event: 34.574 Thread 0x000001de39de0350 DEOPT UNPACKING pc=0x000001de25e47aa2 sp=0x00000012cecf4548 mode 2
Event: 34.576 Thread 0x000001de39de0350 DEOPT PACKING pc=0x000001de1ed3a84a sp=0x00000012cecf4150
Event: 34.576 Thread 0x000001de39de0350 DEOPT UNPACKING pc=0x000001de25e485e2 sp=0x00000012cecf3610 mode 0

Classes loaded (20 events):
Event: 34.641 Loading class javax/management/NotificationFilter
Event: 34.641 Loading class javax/management/NotificationFilter done
Event: 34.641 Loading class javax/management/ListenerNotFoundException
Event: 34.641 Loading class javax/management/OperationsException
Event: 34.642 Loading class javax/management/JMException
Event: 34.642 Loading class javax/management/JMException done
Event: 34.642 Loading class javax/management/OperationsException done
Event: 34.642 Loading class javax/management/ListenerNotFoundException done
Event: 34.642 Loading class jdk/jfr/Recording
Event: 34.642 Loading class jdk/jfr/Recording done
Event: 34.642 Loading class jdk/jfr/FlightRecorder
Event: 34.643 Loading class jdk/jfr/FlightRecorder done
Event: 34.643 Loading class jdk/management/jfr/FlightRecorderMXBeanImpl$MXBeanListener
Event: 34.643 Loading class jdk/jfr/FlightRecorderListener
Event: 34.643 Loading class jdk/jfr/FlightRecorderListener done
Event: 34.643 Loading class jdk/management/jfr/FlightRecorderMXBeanImpl$MXBeanListener done
Event: 34.741 Loading class com/sun/jmx/mbeanserver/StandardMBeanSupport
Event: 34.743 Loading class com/sun/jmx/mbeanserver/StandardMBeanSupport done
Event: 34.747 Loading class com/sun/jmx/mbeanserver/StandardMBeanIntrospector
Event: 34.747 Loading class com/sun/jmx/mbeanserver/StandardMBeanIntrospector done

Classes unloaded (0 events):
No events

Classes redefined (0 events):
No events

Internal exceptions (20 events):
Event: 34.738 Thread 0x000001de39de0350 Exception <a 'sun/nio/fs/WindowsException'{0x00000000850097b0}> (0x00000000850097b0) 
thrown [s\src\hotspot\share\prims\jni.cpp, line 537]
Event: 34.749 Thread 0x000001de39de0350 Exception <a 'sun/nio/fs/WindowsException'{0x0000000085020808}> (0x0000000085020808) 
thrown [s\src\hotspot\share\prims\jni.cpp, line 537]
Event: 34.759 Thread 0x000001de39de0350 Exception <a 'sun/nio/fs/WindowsException'{0x0000000085036538}> (0x0000000085036538) 
thrown [s\src\hotspot\share\prims\jni.cpp, line 537]
Event: 34.785 Thread 0x000001de39de0350 Exception <a 'sun/nio/fs/WindowsException'{0x000000008504b270}> (0x000000008504b270) 
thrown [s\src\hotspot\share\prims\jni.cpp, line 537]
Event: 34.791 Thread 0x000001de39de0350 Exception <a 'sun/nio/fs/WindowsException'{0x00000000850765f8}> (0x00000000850765f8) 
thrown [s\src\hotspot\share\prims\jni.cpp, line 537]
Event: 34.807 Thread 0x000001de39de0350 Exception <a 'sun/nio/fs/WindowsException'{0x00000000850acf88}> (0x00000000850acf88) 
thrown [s\src\hotspot\share\prims\jni.cpp, line 537]
Event: 34.813 Thread 0x000001de39de0350 Exception <a 'sun/nio/fs/WindowsException'{0x00000000850be808}> (0x00000000850be808) 
thrown [s\src\hotspot\share\prims\jni.cpp, line 537]
Event: 34.815 Thread 0x000001de39de0350 Exception <a 'sun/nio/fs/WindowsException'{0x00000000850d04d0}> (0x00000000850d04d0) 
thrown [s\src\hotspot\share\prims\jni.cpp, line 537]
Event: 34.816 Thread 0x000001de39de0350 Exception <a 'sun/nio/fs/WindowsException'{0x00000000850f47d0}> (0x00000000850f47d0) 
thrown [s\src\hotspot\share\prims\jni.cpp, line 537]
Event: 34.822 Thread 0x000001de39de0350 Exception <a 'sun/nio/fs/WindowsException'{0x0000000084f032c0}> (0x0000000084f032c0) 
thrown [s\src\hotspot\share\prims\jni.cpp, line 537]
Event: 34.823 Thread 0x000001de39de0350 Exception <a 'sun/nio/fs/WindowsException'{0x0000000084f13e60}> (0x0000000084f13e60) 
thrown [s\src\hotspot\share\prims\jni.cpp, line 537]
Event: 34.826 Thread 0x000001de39de0350 Exception <a 'sun/nio/fs/WindowsException'{0x0000000084f26330}> (0x0000000084f26330) 
thrown [s\src\hotspot\share\prims\jni.cpp, line 537]
Event: 34.830 Thread 0x000001de39de0350 Exception <a 'sun/nio/fs/WindowsException'{0x0000000084f351c8}> (0x0000000084f351c8) 
thrown [s\src\hotspot\share\prims\jni.cpp, line 537]
Event: 34.831 Thread 0x000001de39de0350 Exception <a 'sun/nio/fs/WindowsException'{0x0000000084f42540}> (0x0000000084f42540) 
thrown [s\src\hotspot\share\prims\jni.cpp, line 537]
Event: 34.835 Thread 0x000001de39de0350 Exception <a 'sun/nio/fs/WindowsException'{0x0000000084f51910}> (0x0000000084f51910) 
thrown [s\src\hotspot\share\prims\jni.cpp, line 537]
Event: 34.839 Thread 0x000001de39de0350 Exception <a 'sun/nio/fs/WindowsException'{0x0000000084f5f130}> (0x0000000084f5f130) 
thrown [s\src\hotspot\share\prims\jni.cpp, line 537]
Event: 34.840 Thread 0x000001de39de0350 Exception <a 'sun/nio/fs/WindowsException'{0x0000000084f7ebb8}> (0x0000000084f7ebb8) 
thrown [s\src\hotspot\share\prims\jni.cpp, line 537]
Event: 34.843 Thread 0x000001de39de0350 Exception <a 'sun/nio/fs/WindowsException'{0x0000000084f8c910}> (0x0000000084f8c910) 
thrown [s\src\hotspot\share\prims\jni.cpp, line 537]
Event: 34.847 Thread 0x000001de39de0350 Exception <a 'sun/nio/fs/WindowsException'{0x0000000084f9d1d8}> (0x0000000084f9d1d8) 
thrown [s\src\hotspot\share\prims\jni.cpp, line 537]
Event: 34.849 Thread 0x000001de39de0350 Exception <a 'sun/nio/fs/WindowsException'{0x0000000084fb3d70}> (0x0000000084fb3d70) 
thrown [s\src\hotspot\share\prims\jni.cpp, line 537]

ZGC Phase Switch (0 events):
No events

VM Operations (20 events):
Event: 31.664 Executing safepoint VM operation: G1PauseCleanup done
Event: 32.225 Executing safepoint VM operation: G1CollectForAllocation (G1 Evacuation Pause)
Event: 32.230 Executing safepoint VM operation: G1CollectForAllocation (G1 Evacuation Pause) done
Event: 32.472 Executing non-safepoint VM operation: HandshakeAllThreads (Deoptimize)
Event: 32.472 Executing non-safepoint VM operation: HandshakeAllThreads (Deoptimize) done
Event: 32.863 Executing non-safepoint VM operation: HandshakeAllThreads (Deoptimize)
Event: 32.863 Executing non-safepoint VM operation: HandshakeAllThreads (Deoptimize) done
Event: 33.293 Executing safepoint VM operation: G1CollectForAllocation (G1 Evacuation Pause)
Event: 33.300 Executing safepoint VM operation: G1CollectForAllocation (G1 Evacuation Pause) done
Event: 33.363 Executing non-safepoint VM operation: HandshakeAllThreads (Deoptimize)
Event: 33.363 Executing non-safepoint VM operation: HandshakeAllThreads (Deoptimize) done
Event: 33.591 Executing safepoint VM operation: G1TryInitiateConcMark (G1 Humongous Allocation)
Event: 33.596 Executing safepoint VM operation: G1TryInitiateConcMark (G1 Humongous Allocation) done
Event: 33.721 Executing safepoint VM operation: G1PauseRemark
Event: 33.729 Executing safepoint VM operation: G1PauseRemark done
Event: 33.784 Executing safepoint VM operation: G1PauseCleanup
Event: 33.785 Executing safepoint VM operation: G1PauseCleanup done
Event: 34.787 Executing safepoint VM operation: Cleanup
Event: 34.788 Executing safepoint VM operation: Cleanup done
Event: 34.856 Executing safepoint VM operation: G1CollectForAllocation (G1 Evacuation Pause)

Memory protections (0 events):
No events

Nmethod flushes (20 events):
Event: 33.727 Thread 0x000001de325bd4a0 flushing  nmethod 0x000001de1f431490
Event: 33.727 Thread 0x000001de325bd4a0 flushing  nmethod 0x000001de1f459790
Event: 33.727 Thread 0x000001de325bd4a0 flushing  nmethod 0x000001de1f4e0710
Event: 33.727 Thread 0x000001de325bd4a0 flushing  nmethod 0x000001de2667da90
Event: 33.727 Thread 0x000001de325bd4a0 flushing  nmethod 0x000001de266afb10
Event: 33.727 Thread 0x000001de325bd4a0 flushing  nmethod 0x000001de1e98ba10
Event: 33.727 Thread 0x000001de325bd4a0 flushing  nmethod 0x000001de1e9e5b10
Event: 33.727 Thread 0x000001de325bd4a0 flushing  nmethod 0x000001de1ecb7c10
Event: 33.727 Thread 0x000001de325bd4a0 flushing  nmethod 0x000001de1ed2a990
Event: 33.727 Thread 0x000001de325bd4a0 flushing  nmethod 0x000001de1ee08910
Event: 33.727 Thread 0x000001de325bd4a0 flushing  nmethod 0x000001de1efb2b10
Event: 33.727 Thread 0x000001de325bd4a0 flushing  nmethod 0x000001de1efb4490
Event: 33.727 Thread 0x000001de325bd4a0 flushing  nmethod 0x000001de1f197490
Event: 33.727 Thread 0x000001de325bd4a0 flushing  nmethod 0x000001de1f1eaf90
Event: 33.727 Thread 0x000001de325bd4a0 flushing  nmethod 0x000001de1f1eb910
Event: 33.727 Thread 0x000001de325bd4a0 flushing  nmethod 0x000001de1f1ec390
Event: 33.727 Thread 0x000001de325bd4a0 flushing  nmethod 0x000001de1f22c590
Event: 33.727 Thread 0x000001de325bd4a0 flushing  nmethod 0x000001de1f390d90
Event: 33.727 Thread 0x000001de325bd4a0 flushing  nmethod 0x000001de1f414590
Event: 33.727 Thread 0x000001de325bd4a0 flushing  nmethod 0x000001de1f51f210

Events (20 events):
Event: 12.106 Thread 0x000001de39de0350 Thread added: 0x000001de37d071e0
Event: 12.915 Thread 0x000001de32794710 Thread added: 0x000001de3b58b360
Event: 13.453 Thread 0x000001de39de0350 Thread added: 0x000001de37d0b380
Event: 13.457 Thread 0x000001de39de0350 Thread added: 0x000001de37d04a80
Event: 13.471 Thread 0x000001de39de0350 Thread added: 0x000001de37d05110
Event: 13.874 Thread 0x000001de39de0350 Thread added: 0x000001de37d057a0
Event: 14.147 Thread 0x000001de3b58b360 Thread exited: 0x000001de3b58b360
Event: 14.898 Thread 0x000001de39de0350 Thread added: 0x000001de37d05e30
Event: 24.686 Thread 0x000001de32794710 Thread added: 0x000001de3addf300
Event: 25.816 Thread 0x000001de3addf300 Thread exited: 0x000001de3addf300
Event: 27.116 Thread 0x000001de327934d0 Thread added: 0x000001de329d3b90
Event: 27.781 Thread 0x000001de329d3b90 Thread exited: 0x000001de329d3b90
Event: 27.891 Thread 0x000001de32794710 Thread added: 0x000001de380b82c0
Event: 28.941 Thread 0x000001de380b82c0 Thread exited: 0x000001de380b82c0
Event: 29.400 Thread 0x000001de327934d0 Thread added: 0x000001de380b82c0
Event: 30.678 Thread 0x000001de380b82c0 Thread exited: 0x000001de380b82c0
Event: 31.736 Thread 0x000001de32794710 Thread added: 0x000001de3b513330
Event: 32.193 Thread 0x000001de3b513330 Thread exited: 0x000001de3b513330
Event: 32.476 Thread 0x000001de39de0350 Thread added: 0x000001de3bb9ce10
Event: 33.455 Thread 0x000001de39de0350 Thread added: 0x000001de3bb9a020


Dynamic libraries:
0x00007ff6ceeb0000 - 0x00007ff6ceeba000 	C:\Program Files\Android\Android Studio\jbr\bin\java.exe
0x00007ffb50410000 - 0x00007ffb50628000 	C:\Windows\SYSTEM32\ntdll.dll
0x00007ffb4f2b0000 - 0x00007ffb4f374000 	C:\Windows\System32\KERNEL32.DLL
0x00007ffb4d7b0000 - 0x00007ffb4db83000 	C:\Windows\System32\KERNELBASE.dll
0x00007ffb4d550000 - 0x00007ffb4d661000 	C:\Windows\System32\ucrtbase.dll
0x00007ffb49660000 - 0x00007ffb4967b000 	C:\Program Files\Android\Android Studio\jbr\bin\VCRUNTIME140.dll
0x00007ffb49640000 - 0x00007ffb49658000 	C:\Program Files\Android\Android Studio\jbr\bin\jli.dll
0x00007ffb3d0c0000 - 0x00007ffb3d35c000 	C:\Windows\WinSxS\amd64_microsoft.windows.common-controls_6595b64144ccf1df_6.0.22621.6060_none_2712eda17382d24b\COMCTL32.dll
0x00007ffb4f0d0000 - 0x00007ffb4f282000 	C:\Windows\System32\USER32.dll
0x00007ffb4ebd0000 - 0x00007ffb4ec77000 	C:\Windows\System32\msvcrt.dll
0x00007ffb4e080000 - 0x00007ffb4e0a6000 	C:\Windows\System32\win32u.dll
0x00007ffb4ec80000 - 0x00007ffb4eca9000 	C:\Windows\System32\GDI32.dll
0x00007ffb4df60000 - 0x00007ffb4e07b000 	C:\Windows\System32\gdi32full.dll
0x00007ffb4dd00000 - 0x00007ffb4dd9a000 	C:\Windows\System32\msvcp_win.dll
0x00007ffb4e0b0000 - 0x00007ffb4e0e1000 	C:\Windows\System32\IMM32.DLL
0x00007ffb490c0000 - 0x00007ffb490cc000 	C:\Program Files\Android\Android Studio\jbr\bin\vcruntime140_1.dll
0x00007ffb1c380000 - 0x00007ffb1c40d000 	C:\Program Files\Android\Android Studio\jbr\bin\msvcp140.dll
0x00007ffabd280000 - 0x00007ffabdf16000 	C:\Program Files\Android\Android Studio\jbr\bin\server\jvm.dll
0x00007ffb4fc60000 - 0x00007ffb4fd11000 	C:\Windows\System32\ADVAPI32.dll
0x00007ffb4fb50000 - 0x00007ffb4fbf8000 	C:\Windows\System32\sechost.dll
0x00007ffb4d520000 - 0x00007ffb4d548000 	C:\Windows\System32\bcrypt.dll
0x00007ffb4e200000 - 0x00007ffb4e318000 	C:\Windows\System32\RPCRT4.dll
0x00007ffb501a0000 - 0x00007ffb50211000 	C:\Windows\System32\WS2_32.dll
0x00007ffb4c330000 - 0x00007ffb4c37d000 	C:\Windows\SYSTEM32\POWRPROF.dll
0x00007ffb44770000 - 0x00007ffb447a4000 	C:\Windows\SYSTEM32\WINMM.dll
0x00007ffb43760000 - 0x00007ffb4376a000 	C:\Windows\SYSTEM32\VERSION.dll
0x00007ffb4c310000 - 0x00007ffb4c323000 	C:\Windows\SYSTEM32\UMPDC.dll
0x00007ffb4c5b0000 - 0x00007ffb4c5c8000 	C:\Windows\SYSTEM32\kernel.appcore.dll
0x00007ffb48df0000 - 0x00007ffb48dfa000 	C:\Program Files\Android\Android Studio\jbr\bin\jimage.dll
0x00007ffb4ab90000 - 0x00007ffb4adc3000 	C:\Windows\SYSTEM32\DBGHELP.DLL
0x00007ffb4ecb0000 - 0x00007ffb4f041000 	C:\Windows\System32\combase.dll
0x00007ffb500b0000 - 0x00007ffb50188000 	C:\Windows\System32\OLEAUT32.dll
0x00007ffb2aea0000 - 0x00007ffb2aed2000 	C:\Windows\SYSTEM32\dbgcore.DLL
0x00007ffb4dee0000 - 0x00007ffb4df5b000 	C:\Windows\System32\bcryptPrimitives.dll
0x00007ffb49740000 - 0x00007ffb4974e000 	C:\Program Files\Android\Android Studio\jbr\bin\instrument.dll
0x00007ffb48dd0000 - 0x00007ffb48df0000 	C:\Program Files\Android\Android Studio\jbr\bin\java.dll
0x00007ffb44750000 - 0x00007ffb44768000 	C:\Program Files\Android\Android Studio\jbr\bin\zip.dll
0x00007ffb4e330000 - 0x00007ffb4ebcc000 	C:\Windows\System32\SHELL32.dll
0x00007ffb4d670000 - 0x00007ffb4d7af000 	C:\Windows\System32\wintypes.dll
0x00007ffb4b3e0000 - 0x00007ffb4bcfa000 	C:\Windows\SYSTEM32\windows.storage.dll
0x00007ffb4f970000 - 0x00007ffb4fa74000 	C:\Windows\System32\SHCORE.dll
0x00007ffb4fd20000 - 0x00007ffb4fd89000 	C:\Windows\System32\shlwapi.dll
0x00007ffb4d450000 - 0x00007ffb4d475000 	C:\Windows\SYSTEM32\profapi.dll
0x00007ffb48dc0000 - 0x00007ffb48dd0000 	C:\Program Files\Android\Android Studio\jbr\bin\net.dll
0x00007ffb48ef0000 - 0x00007ffb4901c000 	C:\Windows\SYSTEM32\WINHTTP.dll
0x00007ffb4ca90000 - 0x00007ffb4caf9000 	C:\Windows\system32\mswsock.dll
0x00007ffb3fe50000 - 0x00007ffb3fe66000 	C:\Program Files\Android\Android Studio\jbr\bin\nio.dll
0x00007ffb49630000 - 0x00007ffb49640000 	C:\Program Files\Android\Android Studio\jbr\bin\verify.dll
0x00007ffb47270000 - 0x00007ffb47297000 	C:\Users\prave\.gradle\native\660c5614fbf4a5f2a75b1949f50a0caf5cd603558e7d8a26e50b933a0cfb79d1\windows-amd64\native-platform.dll
0x00007ffb1c300000 - 0x00007ffb1c377000 	C:\Users\prave\.gradle\native\0.2.8\x86_64-windows-gnu\gradle-fileevents.dll
0x00007ffb47260000 - 0x00007ffb47269000 	C:\Program Files\Android\Android Studio\jbr\bin\management.dll
0x00007ffb47200000 - 0x00007ffb4720b000 	C:\Program Files\Android\Android Studio\jbr\bin\management_ext.dll
0x00007ffb4e320000 - 0x00007ffb4e328000 	C:\Windows\System32\PSAPI.DLL
0x00007ffb4bfd0000 - 0x00007ffb4bffd000 	C:\Windows\SYSTEM32\IPHLPAPI.DLL
0x00007ffb4fa90000 - 0x00007ffb4fa99000 	C:\Windows\System32\NSI.dll
0x00007ffb489d0000 - 0x00007ffb489d9000 	C:\Program Files\Android\Android Studio\jbr\bin\extnet.dll
0x00007ffb4cd20000 - 0x00007ffb4cd3b000 	C:\Windows\SYSTEM32\CRYPTSP.dll
0x00007ffb4c510000 - 0x00007ffb4c547000 	C:\Windows\system32\rsaenh.dll
0x00007ffb4cba0000 - 0x00007ffb4cbc8000 	C:\Windows\SYSTEM32\USERENV.dll
0x00007ffb4cd40000 - 0x00007ffb4cd4c000 	C:\Windows\SYSTEM32\CRYPTBASE.dll
0x00007ffb40210000 - 0x00007ffb40218000 	C:\Windows\system32\wshunix.dll

JVMTI agents:
C:\Users\prave\.gradle\wrapper\dists\gradle-9.4.1-bin\arn2x92ynaizyzdaamcbpbhtj\gradle-9.4.1\lib\agents\gradle-instrumentation-agent-9.4.1.jar path:C:\Program Files\Android\Android Studio\jbr\bin\instrument.dll, loaded, initialized, instrumentlib options:none

dbghelp: loaded successfully - version: 4.0.5 - missing functions: none
symbol engine: initialized successfully - sym options: 0x614 - pdb path: .;C:\Program Files\Android\Android Studio\jbr\bin;C:\Windows\SYSTEM32;C:\Windows\WinSxS\amd64_microsoft.windows.common-controls_6595b64144ccf1df_6.0.22621.6060_none_2712eda17382d24b;C:\Program Files\Android\Android Studio\jbr\bin\server;C:\Users\prave\.gradle\native\660c5614fbf4a5f2a75b1949f50a0caf5cd603558e7d8a26e50b933a0cfb79d1\windows-amd64;C:\Users\prave\.gradle\native\0.2.8\x86_64-windows-gnu

VM Arguments:
jvm_args: --add-opens=java.base/java.lang=ALL-UNNAMED --add-opens=java.base/java.lang.invoke=ALL-UNNAMED --add-opens=java.base/java.util=ALL-UNNAMED --add-opens=java.prefs/java.util.prefs=ALL-UNNAMED --add-exports=jdk.compiler/com.sun.tools.javac.api=ALL-UNNAMED --add-exports=jdk.compiler/com.sun.tools.javac.util=ALL-UNNAMED --add-opens=java.base/java.util=ALL-UNNAMED --add-opens=java.prefs/java.util.prefs=ALL-UNNAMED --add-opens=java.base/java.nio.charset=ALL-UNNAMED --add-opens=java.base/java.net=ALL-UNNAMED --add-opens=java.base/java.util.concurrent=ALL-UNNAMED --add-opens=java.base/java.util.concurrent.atomic=ALL-UNNAMED --add-opens=java.xml/javax.xml.namespace=ALL-UNNAMED --add-opens=java.base/java.time=ALL-UNNAMED -Xmx2048m -Dfile.encoding=UTF-8 -Duser.country=IN -Duser.language=en -Duser.variant -javaagent:C:\Users\prave\.gradle\wrapper\dists\gradle-9.4.1-bin\arn2x92ynaizyzdaamcbpbhtj\gradle-9.4.1\lib\agents\gradle-instrumentation-agent-9.4.1.jar 
java_command: org.gradle.launcher.daemon.bootstrap.GradleDaemon 9.4.1
java_class_path (initial): C:\Users\prave\.gradle\wrapper\dists\gradle-9.4.1-bin\arn2x92ynaizyzdaamcbpbhtj\gradle-9.4.1\lib\gradle-daemon-main-9.4.1.jar
Launcher Type: SUN_STANDARD

[Global flags]
     intx CICompilerCount                          = 3                                         {product} {ergonomic}
     uint ConcGCThreads                            = 1                                         {product} {ergonomic}
     uint G1ConcRefinementThreads                  = 4                                         {product} {ergonomic}
   size_t G1HeapRegionSize                         = 1048576                                   {product} {ergonomic}
    uintx GCDrainStackTargetSize                   = 64                                        {product} {ergonomic}
   size_t InitialHeapSize                          = 130023424                                 {product} {ergonomic}
   size_t MarkStackSize                            = 4194304                                   {product} {ergonomic}
   size_t MaxHeapSize                              = 2147483648                                {product} {command line}
   size_t MaxNewSize                               = 1287651328                                {product} {ergonomic}
   size_t MinHeapDeltaBytes                        = 1048576                                   {product} {ergonomic}
   size_t MinHeapSize                              = 8388608                                   {product} {ergonomic}
    uintx NonNMethodCodeHeapSize                   = 5832780                                {pd product} {ergonomic}
    uintx NonProfiledCodeHeapSize                  = 122912730                              {pd product} {ergonomic}
    uintx ProfiledCodeHeapSize                     = 122912730                              {pd product} {ergonomic}
    uintx ReservedCodeCacheSize                    = 251658240                              {pd product} {ergonomic}
     bool SegmentedCodeCache                       = true                                      {product} {ergonomic}
   size_t SoftMaxHeapSize                          = 2147483648                             {manageable} {ergonomic}
     bool UseCompressedOops                        = true                           {product lp64_product} {ergonomic}
     bool UseG1GC                                  = true                                      {product} {ergonomic}
     bool UseLargePagesIndividualAllocation        = false                                  {pd product} {ergonomic}

Logging:
Log output configuration:
 #0: stdout all=warning uptime,level,tags foldmultilines=false
 #1: stderr all=off uptime,level,tags foldmultilines=false

Release file:
JAVA_VERSION="21.0.10" 
MODULES="java.base java.compiler java.datatransfer java.xml java.prefs java.desktop java.instrument java.logging java.management java.security.sasl java.naming java.rmi java.management.rmi java.net.http java.scripting java.security.jgss java.transaction.xa java.sql java.sql.rowset java.xml.crypto java.se java.smartcardio jdk.accessibility jdk.internal.jvmstat jdk.attach jdk.charsets jdk.internal.opt jdk.zipfs jdk.compiler jdk.crypto.ec jdk.crypto.cryptoki jdk.dynalink jdk.hotspot.agent jdk.httpserver jdk.internal.ed jdk.internal.le jdk.internal.vm.ci jdk.jartool jdk.javadoc jdk.jcmd jdk.jdeps jdk.jdwp.agent jdk.jdi jdk.jfr jdk.jlink jdk.jsobject jdk.localedata jdk.management jdk.management.agent jdk.management.jfr jdk.naming.dns jdk.naming.rmi jdk.net jdk.sctp jdk.security.auth jdk.security.jgss jdk.unsupported jdk.unsupported.desktop jdk.xml.dom" 
IMPLEMENTOR="JetBrains s.r.o." 
JAVA_RUNTIME_VERSION="21.0.10+-14961533-b1163.108" 
LIBC="default" 
OS_ARCH="x86_64" 
OS_NAME="Windows" 
SOURCE=".:git:1351622c2ff2" 

Environment Variables:
PATH=C:\Program Files\Python312\Scripts\;C:\Program Files\Python312\;C:\Windows\system32;C:\Windows;C:\Windows\System32\Wbem;C:\Windows\System32\WindowsPowerShell\v1.0\;C:\Windows\System32\OpenSSH\;C:\Program Files\dotnet\;C:\Program Files\IBM\SPSS\Statistics\23\JRE\bin;C:\Program Files\nodejs\;C:\ProgramData\chocolatey\bin;C:\Users\prave\AppData\Local\Programs\Python\Python314\Scripts\;C:\Users\prave\AppData\Local\Programs\Python\Python314\;C:\altera\91sp2\modelsim_ase\win32aloem;C:\altera\91sp2\modelsim_ase\modelsim_ase\win32aloem;C:\Users\prave\AppData\Local\Microsoft\WindowsApps;;C:\Users\prave\AppData\Local\Programs\Microsoft VS Code\bin;C:\Modeltech_pe_edu_10.3a\win32pe_edu;C:\Users\prave\AppData\Roaming\npm;C:\Users\prave\AppData\Local\Programs\Antigravity\bin
USERNAME=prave
OS=Windows_NT
PROCESSOR_IDENTIFIER=Intel64 Family 6 Model 140 Stepping 1, GenuineIntel
TMP=C:\Users\prave\AppData\Local\Temp
TEMP=C:\Users\prave\AppData\Local\Temp




Periodic native trim disabled

JNI global refs:
JNI global refs: 26, weak refs: 0

JNI global refs memory usage: 835, weak refs: 833

Process memory usage:
Resident Set Size: 342228K (4% of 8121124K total physical memory with 383680K free physical memory)

OOME stack traces (most recent first):
Classloader memory used:
Loader org.gradle.internal.classloader.VisitableURLClassLoader                         : 39664K
Loader bootstrap                                                                       : 25009K
Loader org.gradle.initialization.MixInLegacyTypesClassLoader                           : 11865K
Loader org.gradle.internal.classloader.VisitableURLClassLoader$InstrumentingVisitableURLClassLoader: 8464K
Loader jdk.internal.reflect.DelegatingClassLoader                                      : 202K
Loader jdk.internal.loader.ClassLoaders$AppClassLoader                                 : 189K
Loader org.gradle.internal.classloader.VisitableURLClassLoader                         : 161K
Loader jdk.internal.loader.ClassLoaders$PlatformClassLoader                            : 156K
Loader org.gradle.groovy.scripts.internal.DefaultScriptCompilationHandler$ScriptClassLoader: 119K

Classes loaded by more than one classloader:
Class Program                                                                         : loaded 4 times (x 74B)
Class com.google.common.base.Equivalence$Identity                                     : loaded 2 times (x 82B)
Class com.google.common.collect.RegularImmutableMap$KeySet                            : loaded 2 times (x 152B)
Class org.gradle.internal.classloader.FilteringClassLoader                            : loaded 2 times (x 105B)
Class com.google.common.base.CharMatcher$IsEither                                     : loaded 2 times (x 111B)
Class org.gradle.internal.classloader.ClassLoaderHierarchy                            : loaded 2 times (x 70B)
Class com.google.common.util.concurrent.ExecutionError                                : loaded 2 times (x 82B)
Class com.google.common.collect.ImmutableList$1                                       : loaded 2 times (x 97B)
Class com.google.common.collect.RegularImmutableMap                                   : loaded 2 times (x 121B)
Class com.google.common.collect.ImmutableMap$MapViewOfValuesAsSingletonSets           : loaded 2 times (x 126B)
Class com.google.common.collect.UnmodifiableListIterator                              : loaded 2 times (x 95B)
Class [Lcom.google.common.cache.CacheBuilder$OneWeigher;                              : loaded 2 times (x 69B)
Class com.google.common.base.Suppliers                                                : loaded 2 times (x 71B)
Class org.gradle.internal.classloader.DefaultClassLoaderFactory                       : loaded 2 times (x 82B)
Class [Lcom.google.common.collect.ImmutableMapEntry;                                  : loaded 2 times (x 69B)
Class ijKotlinCoroutineJvmDebugInit1_ehvpe6xtk4q77b1m75r6vg650$_run_closure1$_closure2: loaded 2 times (x 139B)
Class com.google.common.collect.ImmutableEnumMap                                      : loaded 2 times (x 126B)
Class org.gradle.api.internal.DefaultClassPathProvider                                : loaded 2 times (x 76B)
Class [Lorg.gradle.api.internal.ClassPathProvider;                                    : loaded 2 times (x 69B)
Class org.gradle.api.internal.ClassPathProvider                                       : loaded 2 times (x 70B)
Class com.google.common.cache.LocalCache$LocalLoadingCache                            : loaded 2 times (x 134B)
Class org.gradle.internal.service.UnknownServiceException                             : loaded 2 times (x 83B)
Class com.google.common.cache.LocalCache$Strength$1                                   : loaded 2 times (x 81B)
Class com.google.common.util.concurrent.SettableFuture                                : loaded 2 times (x 114B)
Class com.google.common.cache.LocalCache$Strength$2                                   : loaded 2 times (x 81B)
Class ijKotlinCoroutineJvmDebugInit1_ehvpe6xtk4q77b1m75r6vg650$_run_closure1          : loaded 2 times (x 139B)
Class com.google.common.cache.LocalCache$Strength$3                                   : loaded 2 times (x 81B)
Class com.google.common.collect.MapDifference                                         : loaded 2 times (x 70B)
Class com.google.common.cache.CacheBuilder$NullListener                               : loaded 2 times (x 82B)
Class org.gradle.internal.classpath.TransformedClassPath                              : loaded 2 times (x 96B)
Class org.gradle.internal.classloader.InstrumentingClassLoader                        : loaded 2 times (x 70B)
Class com.google.common.cache.CacheLoader$FunctionToCacheLoader                       : loaded 2 times (x 75B)
Class com.google.common.collect.Iterators$ArrayItr                                    : loaded 2 times (x 97B)
Class com.google.common.collect.ImmutableCollection$Builder                           : loaded 2 times (x 76B)
Class com.google.common.base.MoreObjects                                              : loaded 2 times (x 71B)
Class com.google.common.collect.UnmodifiableIterator                                  : loaded 2 times (x 80B)
Class org.gradle.internal.service.ServiceLocator                                      : loaded 2 times (x 70B)
Class com.google.common.collect.SingletonImmutableBiMap                               : loaded 2 times (x 143B)
Class com.google.common.cache.LocalCache$1                                            : loaded 2 times (x 89B)
Class com.google.common.collect.Iterators$SingletonIterator                           : loaded 2 times (x 81B)
Class com.google.common.collect.AbstractMapEntry                                      : loaded 2 times (x 81B)
Class com.google.common.cache.LocalCache$2                                            : loaded 2 times (x 142B)
Class com.google.common.collect.RegularImmutableAsList                                : loaded 2 times (x 217B)
Class com.google.common.util.concurrent.AbstractFuture$Trusted                        : loaded 2 times (x 70B)
Class com.google.common.collect.Iterators                                             : loaded 2 times (x 71B)
Class com.google.common.util.concurrent.UncheckedExecutionException                   : loaded 2 times (x 82B)
Class org.gradle.kotlin.dsl.VersionCatalogAccessorsKt                                 : loaded 2 times (x 71B)
Class com.google.common.base.CharMatcher$And                                          : loaded 2 times (x 112B)
Class com.google.common.cache.CacheLoader$UnsupportedLoadingOperationException        : loaded 2 times (x 82B)
Class com.google.common.collect.IndexedImmutableSet                                   : loaded 2 times (x 152B)
Class com.google.common.collect.ImmutableMap$1                                        : loaded 2 times (x 81B)
Class com.google.common.collect.BiMap                                                 : loaded 2 times (x 70B)
Class org.gradle.api.internal.classpath.DefaultModuleRegistry$DefaultModule           : loaded 2 times (x 82B)
Class com.google.common.collect.AbstractIterator                                      : loaded 2 times (x 82B)
Class com.google.common.collect.AbstractIndexedListIterator                           : loaded 2 times (x 96B)
Class com.google.common.collect.ImmutableMapEntrySet                                  : loaded 2 times (x 152B)
Class org.gradle.api.internal.classpath.Module                                        : loaded 2 times (x 70B)
Class com.google.common.cache.Weigher                                                 : loaded 2 times (x 70B)
Class org.gradle.api.internal.classpath.UnknownModuleException                        : loaded 2 times (x 82B)
Class com.google.common.base.Stopwatch                                                : loaded 2 times (x 72B)
Class com.google.common.cache.LocalCache$Strength                                     : loaded 2 times (x 81B)
Class com.google.common.cache.Cache                                                   : loaded 2 times (x 70B)
Class com.google.common.util.concurrent.AbstractFuture$Cancellation                   : loaded 2 times (x 72B)
Class com.google.common.collect.ImmutableMap$Builder                                  : loaded 2 times (x 82B)
Class com.google.common.cache.RemovalListener                                         : loaded 2 times (x 70B)
Class org.gradle.api.internal.DefaultClassPathRegistry                                : loaded 2 times (x 76B)
Class org.gradle.internal.classpath.DefaultClassPath$ImmutableUniqueList              : loaded 2 times (x 199B)
Class org.gradle.api.internal.ClassPathRegistry                                       : loaded 2 times (x 70B)
Class com.google.common.cache.CacheBuilder                                            : loaded 2 times (x 72B)
Class com.google.common.collect.SingletonImmutableList                                : loaded 2 times (x 207B)
Class com.google.common.base.PairwiseEquivalence                                      : loaded 2 times (x 83B)
Class Settings_gradle$1                                                               : loaded 2 times (x 74B)
Class org.gradle.internal.classpath.ClassPath                                         : loaded 2 times (x 70B)
Class com.google.common.collect.ImmutableList$ReverseImmutableList                    : loaded 2 times (x 209B)
Class org.gradle.api.internal.classpath.DefaultModuleRegistry$DefaultModuleAlias      : loaded 2 times (x 80B)
Class com.google.common.base.Suppliers$SupplierOfInstance                             : loaded 2 times (x 79B)
Class com.google.common.collect.Iterators$1                                           : loaded 2 times (x 81B)
Class com.google.common.cache.LocalCache$ComputingValueReference                      : loaded 2 times (x 96B)
Class com.google.common.collect.SingletonImmutableSet                                 : loaded 2 times (x 146B)
Class com.google.common.collect.ImmutableMap$IteratorBasedImmutableMap                : loaded 2 times (x 126B)
Class com.google.common.cache.LocalCache$Segment                                      : loaded 2 times (x 154B)
Class com.google.common.cache.CacheLoader                                             : loaded 2 times (x 74B)
Class com.google.common.collect.Iterators$4                                           : loaded 2 times (x 82B)
Class com.google.common.collect.ImmutableBiMap                                        : loaded 2 times (x 143B)
Class org.gradle.api.internal.classpath.ModuleRegistry                                : loaded 2 times (x 70B)
Class org.gradle.internal.installation.GradleInstallation$1                           : loaded 2 times (x 75B)
Class com.google.common.util.concurrent.internal.InternalFutureFailureAccess          : loaded 2 times (x 72B)
Class com.google.common.collect.Iterators$5                                           : loaded 2 times (x 82B)
Class com.google.common.base.CharMatcher$ForPredicate                                 : loaded 2 times (x 112B)
Class com.google.common.cache.LocalCache$LocalManualCache$1                           : loaded 2 times (x 75B)
Class com.google.common.base.CharMatcher$AnyOf                                        : loaded 2 times (x 112B)
Class com.google.common.collect.ImmutableCollection                                   : loaded 2 times (x 125B)
Class org.gradle.api.internal.classpath.DefaultModuleRegistry                         : loaded 2 times (x 84B)
Class com.google.common.util.concurrent.ListenableFuture                              : loaded 2 times (x 70B)
Class com.google.common.cache.ReferenceEntry                                          : loaded 2 times (x 70B)
Class com.google.common.base.Converter                                                : loaded 2 times (x 90B)
Class com.google.common.collect.ImmutableSet$CachingAsList                            : loaded 2 times (x 148B)
Class com.google.common.util.concurrent.AbstractFuture                                : loaded 2 times (x 106B)
Class com.google.common.base.FunctionalEquivalence                                    : loaded 2 times (x 83B)
Class com.google.common.collect.Iterators$9                                           : loaded 2 times (x 81B)
Class com.google.common.collect.ImmutableAsList                                       : loaded 2 times (x 209B)
Class ijJvmDebugger1_c7taw3lrjo1eoziqqyouhqjk8$_run_closure1                          : loaded 2 times (x 139B)
Class com.google.common.cache.CacheLoader$SupplierToCacheLoader                       : loaded 2 times (x 75B)
Class ijKotlinCoroutineJvmDebugInit1_ehvpe6xtk4q77b1m75r6vg650                        : loaded 2 times (x 171B)
Class org.gradle.internal.service.ServiceLookupException                              : loaded 2 times (x 82B)
Class [Lcom.google.common.cache.LocalCache$EntryFactory;                              : loaded 2 times (x 69B)
Class org.gradle.internal.classloader.ClassLoaderFactory                              : loaded 2 times (x 70B)
Class com.google.common.base.CharMatcher$IsNot                                        : loaded 2 times (x 111B)
Class com.google.common.cache.LocalCache$LocalManualCache                             : loaded 2 times (x 99B)
Class org.gradle.internal.service.CachingServiceLocator                               : loaded 2 times (x 82B)
Class com.google.common.collect.ImmutableMapEntry                                     : loaded 2 times (x 85B)
Class com.google.common.base.Equivalence                                              : loaded 2 times (x 82B)
Class com.google.common.base.Function                                                 : loaded 2 times (x 70B)
Class com.google.common.collect.ImmutableMapEntry$NonTerminalImmutableMapEntry        : loaded 2 times (x 85B)
Class ijJvmDebugger1_c7taw3lrjo1eoziqqyouhqjk8                                        : loaded 2 times (x 171B)
Class com.google.common.collect.IndexedImmutableSet$1                                 : loaded 2 times (x 213B)
Class com.google.common.cache.CacheBuilder$OneWeigher                                 : loaded 2 times (x 82B)
Class com.google.common.collect.RegularImmutableList                                  : loaded 2 times (x 213B)
Class org.gradle.internal.classloader.ClasspathUtil                                   : loaded 2 times (x 71B)
Class com.google.common.util.concurrent.Uninterruptibles                              : loaded 2 times (x 71B)
Class com.google.common.util.concurrent.LazyLogger                                    : loaded 2 times (x 72B)
Class com.google.common.collect.Maps                                                  : loaded 2 times (x 71B)
Class org.gradle.api.specs.Spec                                                       : loaded 2 times (x 70B)
Class [Lcom.google.common.collect.ImmutableEntry;                                     : loaded 2 times (x 69B)
Class com.google.common.cache.LocalCache$LoadingValueReference                        : loaded 2 times (x 96B)
Class com.google.common.collect.Maps$8                                                : loaded 2 times (x 82B)
Class com.google.common.cache.LocalCache$StrongValueReference                         : loaded 2 times (x 90B)
Class org.gradle.internal.classloader.VisitableURLClassLoader$InstrumentingVisitableURLClassLoader: loaded 2 times (x 123B)
Class [Lcom.google.common.cache.CacheBuilder$NullListener;                            : loaded 2 times (x 69B)
Class org.gradle.internal.classloader.VisitableURLClassLoader$Spec                    : loaded 2 times (x 74B)
Class org.gradle.internal.classpath.DefaultClassPath                                  : loaded 2 times (x 90B)
Class com.google.common.base.CharMatcher$BitSetMatcher                                : loaded 2 times (x 112B)
Class com.google.common.collect.RegularImmutableMap$Values                            : loaded 2 times (x 207B)
Class com.google.common.collect.ImmutableSet                                          : loaded 2 times (x 145B)
Class org.gradle.internal.classloader.ClassLoaderSpec                                 : loaded 2 times (x 71B)
Class com.google.common.cache.CacheStats                                              : loaded 2 times (x 71B)
Class com.google.common.util.concurrent.AbstractFuture$Listener                       : loaded 2 times (x 72B)
Class com.google.common.base.CharMatcher$Or                                           : loaded 2 times (x 112B)
Class Settings_gradle$1$1                                                             : loaded 2 times (x 74B)
Class org.gradle.api.internal.classpath.Module$ModuleAlias                            : loaded 2 times (x 70B)
Class com.google.common.base.Supplier                                                 : loaded 2 times (x 70B)
Class org.gradle.internal.classloader.VisitableURLClassLoader                         : loaded 2 times (x 117B)
Class Settings_gradle                                                                 : loaded 2 times (x 124B)
Class org.gradle.internal.Cast                                                        : loaded 2 times (x 71B)
Class org.gradle.api.Action                                                           : loaded 2 times (x 70B)
Class com.google.common.base.CharMatcher$FastMatcher                                  : loaded 2 times (x 111B)
Class com.google.common.base.Ticker                                                   : loaded 2 times (x 72B)
Class [Lcom.google.common.cache.LocalCache$Segment;                                   : loaded 2 times (x 69B)
Class com.google.common.base.Predicate                                                : loaded 2 times (x 70B)
Class [Lcom.google.common.cache.LocalCache$Strength;                                  : loaded 2 times (x 69B)
Class com.google.common.cache.CacheBuilder$1                                          : loaded 2 times (x 85B)
Class com.google.common.collect.ImmutableMap                                          : loaded 2 times (x 120B)
Class org.gradle.internal.classpath.DefaultClassPath$ImmutableUniqueList$Builder      : loaded 2 times (x 75B)
Class com.google.common.base.CharMatcher$NegatedFastMatcher                           : loaded 2 times (x 113B)
Class com.google.common.cache.LocalCache                                              : loaded 2 times (x 187B)
Class com.google.common.cache.CacheBuilder$2                                          : loaded 2 times (x 79B)
Class com.google.common.cache.CacheBuilder$3                                          : loaded 2 times (x 72B)
Class [Lcom.google.common.collect.AbstractMapEntry;                                   : loaded 2 times (x 69B)
Class com.google.common.collect.ImmutableEntry                                        : loaded 2 times (x 82B)
Class org.gradle.api.GradleException                                                  : loaded 2 times (x 82B)
Class com.google.common.collect.CollectPreconditions                                  : loaded 2 times (x 71B)
Class com.google.common.collect.SortedMapDifference                                   : loaded 2 times (x 70B)
Class com.google.common.cache.LocalCache$EntryFactory                                 : loaded 2 times (x 83B)
Class com.google.common.cache.LocalCache$AbstractReferenceEntry                       : loaded 2 times (x 107B)
Class org.gradle.internal.IoActions                                                   : loaded 2 times (x 71B)
Class com.google.common.cache.CacheLoader$InvalidCacheLoadException                   : loaded 2 times (x 82B)
Class com.google.common.collect.ImmutableSet$RegularSetBuilderImpl                    : loaded 2 times (x 77B)
Class com.google.common.cache.LocalCache$StrongEntry                                  : loaded 2 times (x 108B)
Class com.google.common.util.concurrent.AbstractFuture$TrustedFuture                  : loaded 2 times (x 114B)
Class com.google.common.cache.LoadingCache                                            : loaded 2 times (x 70B)
Class [Lcom.google.common.cache.Weigher;                                              : loaded 2 times (x 69B)
Class com.google.common.collect.RegularImmutableMap$BucketOverflowException           : loaded 2 times (x 82B)
Class com.google.common.collect.RegularImmutableBiMap                                 : loaded 2 times (x 149B)
Class com.google.common.base.CharMatcher$Negated                                      : loaded 2 times (x 113B)
Class com.google.common.base.CharMatcher$Is                                           : loaded 2 times (x 111B)
Class com.google.common.cache.LocalCache$ValueReference                               : loaded 2 times (x 70B)
Class com.google.common.util.concurrent.AbstractFuture$Failure                        : loaded 2 times (x 72B)
Class com.google.common.base.Equivalence$Equals                                       : loaded 2 times (x 82B)
Class com.google.common.collect.Hashing                                               : loaded 2 times (x 71B)
Class com.google.common.base.Preconditions                                            : loaded 2 times (x 71B)
Class com.google.common.base.CharMatcher                                              : loaded 2 times (x 111B)
Class com.google.common.collect.PeekingIterator                                       : loaded 2 times (x 70B)
Class com.google.common.base.CharMatcher$NamedFastMatcher                             : loaded 2 times (x 112B)
Class com.google.common.base.CharMatcher$1                                            : loaded 2 times (x 113B)
Class com.google.common.cache.LocalCache$EntryFactory$1                               : loaded 2 times (x 83B)
Class [Lcom.google.common.cache.RemovalListener;                                      : loaded 2 times (x 69B)
Class com.google.common.cache.LocalCache$EntryFactory$2                               : loaded 2 times (x 83B)
Class com.google.common.cache.LocalCache$EntryFactory$3                               : loaded 2 times (x 83B)
Class com.google.common.base.Ticker$1                                                 : loaded 2 times (x 72B)
Class com.google.common.collect.Maps$BiMapConverter                                   : loaded 2 times (x 90B)
Class com.google.common.collect.ImmutableMapEntrySet$RegularEntrySet                  : loaded 2 times (x 152B)
Class ijJvmDebugger1_c7taw3lrjo1eoziqqyouhqjk8$_run_closure1$_closure2                : loaded 2 times (x 140B)
Class com.google.common.base.CharMatcher$InRange                                      : loaded 2 times (x 111B)
Class com.google.common.cache.LocalCache$EntryFactory$4                               : loaded 2 times (x 83B)
Class com.google.common.cache.LocalCache$EntryFactory$5                               : loaded 2 times (x 83B)
Class com.google.common.cache.LocalCache$EntryFactory$6                               : loaded 2 times (x 83B)
Class Build_gradle                                                                    : loaded 2 times (x 72B)
Class org.gradle.internal.installation.CurrentGradleInstallationLocator               : loaded 2 times (x 71B)
Class com.google.common.cache.LocalCache$EntryFactory$7                               : loaded 2 times (x 83B)
Class com.google.common.collect.ImmutableList                                         : loaded 2 times (x 206B)
Class org.gradle.internal.service.DefaultServiceLocator                               : loaded 2 times (x 83B)
Class com.google.common.cache.LocalCache$EntryFactory$8                               : loaded 2 times (x 83B)
Class com.google.common.collect.ImmutableSet$SetBuilderImpl                           : loaded 2 times (x 76B)
Class org.gradle.internal.installation.CurrentGradleInstallation                      : loaded 2 times (x 73B)
Class com.google.common.cache.CacheLoader$1                                           : loaded 2 times (x 75B)
Class com.google.common.collect.ImmutableList$SubList                                 : loaded 2 times (x 209B)
Class org.gradle.util.internal.GUtil                                                  : loaded 2 times (x 71B)
Class com.google.common.cache.AbstractCache$StatsCounter                              : loaded 2 times (x 70B)
Class com.google.common.collect.Iterators$MergingIterator                             : loaded 2 times (x 81B)
Class com.google.common.collect.RegularImmutableSet                                   : loaded 2 times (x 149B)
Class org.gradle.internal.installation.GradleInstallation                             : loaded 2 times (x 75B)

---------------  S Y S T E M  ---------------

OS:
 Windows 11 , 64 bit Build 22621 (10.0.22621.5415)
OS uptime: 11 days 1:35 hours
Hyper-V role detected

CPU: total 4 (initial active 4) (2 cores per cpu, 2 threads per core) family 6 model 140 stepping 1 microcode 0xbe, cx8, cmov, fxsr, ht, mmx, 3dnowpref, sse, sse2, sse3, ssse3, sse4.1, sse4.2, popcnt, lzcnt, tsc, tscinvbit, avx, avx2, aes, erms, clmul, bmi1, bmi2, adx, avx512f, avx512dq, avx512cd, avx512bw, avx512vl, sha, fma, vzeroupper, avx512_vpopcntdq, avx512_vpclmulqdq, avx512_vaes, avx512_vnni, clflush, clflushopt, clwb, avx512_vbmi2, avx512_vbmi, hv, rdtscp, rdpid, fsrm, gfni, avx512_bitalg, f16c, cet_ibt, cet_ss, avx512_ifma
Processor Information for processor 0
  Max Mhz: 2995, Current Mhz: 1996, Mhz Limit: 2995
Processor Information for processor 1
  Max Mhz: 2995, Current Mhz: 2995, Mhz Limit: 2995
Processor Information for processor 2
  Max Mhz: 2995, Current Mhz: 1996, Mhz Limit: 2995
Processor Information for processor 3
  Max Mhz: 2995, Current Mhz: 2995, Mhz Limit: 2995

Memory: 4k page, system-wide physical 7930M (370M free)
TotalPageFile size 32506M (AvailPageFile size 16M)
current process WorkingSet (physical memory assigned to process): 334M, peak: 334M
current process commit charge ("private bytes"): 378M, peak: 386M

vm_info: OpenJDK 64-Bit Server VM (21.0.10+-14961533-b1163.108) for windows-amd64 JRE (21.0.10+-14961533-b1163.108), built on 2026-03-02T19:58:50Z by "builder" with MS VC++ 16.10 / 16.11 (VS2019)

END.
