#
# There is insufficient memory for the Java Runtime Environment to continue.
# Native memory allocation (mmap) failed to map 130023424 bytes. Error detail: G1 virtual space
# Possible reasons:
#   The system is out of physical RAM or swap space
#   This process is running with CompressedOops enabled, and the Java Heap may be blocking the growth of the native heap
# Possible solutions:
#   Reduce memory load on the system
#   Increase physical memory or swap space
#   Check if swap backing store is full
#   Decrease Java heap size (-Xmx/-Xms)
#   Decrease number of Java threads
#   Decrease Java thread stack sizes (-Xss)
#   Set larger code cache with -XX:ReservedCodeCacheSize=
#   JVM is running with Unscaled Compressed Oops mode in which the Java heap is
#     placed in the first 4GB address space. The Java Heap base address is the
#     maximum limit for the native heap growth. Please use -XX:HeapBaseMinAddress
#     to set the Java Heap base and to place the Java Heap above 4GB virtual address.
# This output file may be truncated or incomplete.
#
#  Out of Memory Error (os_windows.cpp:3926), pid=32184, tid=41436
#
# JRE version:  (21.0.10) (build )
# Java VM: OpenJDK 64-Bit Server VM (21.0.10+-14961533-b1163.108, mixed mode, sharing, tiered, compressed oops, compressed class ptrs, g1 gc, windows-amd64)
# No core dump will be written. Minidumps are not enabled by default on client versions of Windows
#

---------------  S U M M A R Y ------------

Command Line: org.jetbrains.kotlin.cli.jvm.K2JVMCompiler @C:\Users\prave\AndroidStudioProjects\smartcareerpath\app\build\20260601_13454231766350023249.compiler.options

Host: 11th Gen Intel(R) Core(TM) i3-1115G4 @ 3.00GHz, 4 cores, 7G,  Windows 11 , 64 bit Build 22621 (10.0.22621.5415)
Time: Mon Jun  1 23:14:05 2026 India Standard Time elapsed time: 0.100325 seconds (0d 0h 0m 0s)

---------------  T H R E A D  ---------------

Current thread (0x0000018c7fb9d3c0):  JavaThread "Unknown thread" [_thread_in_vm, id=41436, stack(0x0000002812300000,0x0000002812400000) (1024K)]

Stack: [0x0000002812300000,0x0000002812400000]
Native frames: (J=compiled Java code, j=interpreted, Vv=VM code, C=native code)
V  [jvm.dll+0x6d78a9]
V  [jvm.dll+0x8665b3]
V  [jvm.dll+0x868bde]
V  [jvm.dll+0x8692c3]
V  [jvm.dll+0x280ee6]
V  [jvm.dll+0x6d4165]
V  [jvm.dll+0x6c77fa]
V  [jvm.dll+0x358f4b]
V  [jvm.dll+0x360bc6]
V  [jvm.dll+0x3b2ea6]
V  [jvm.dll+0x3b3178]
V  [jvm.dll+0x32b65c]
V  [jvm.dll+0x32c34b]
V  [jvm.dll+0x82f449]
V  [jvm.dll+0x3c0078]
V  [jvm.dll+0x8185e8]
V  [jvm.dll+0x45449e]
V  [jvm.dll+0x455c01]
C  [jli.dll+0x52ab]
C  [ucrtbase.dll+0x29333]
C  [KERNEL32.DLL+0x1259d]
C  [ntdll.dll+0x5af78]


---------------  P R O C E S S  ---------------

Threads class SMR info:
_java_thread_list=0x00007ffabddcb9c8, length=0, elements={
}

Java Threads: ( => current thread )
Total: 0

Other Threads:
  0x0000018c7fbf2c40 WorkerThread "GC Thread#0"                     [id=35472, stack(0x0000002812400000,0x0000002812500000) (1024K)]
  0x0000018c7fc03c40 ConcurrentGCThread "G1 Main Marker"            [id=31464, stack(0x0000002812500000,0x0000002812600000) (1024K)]
  0x0000018c7fc058d0 WorkerThread "G1 Conc#0"                       [id=1516, stack(0x0000002812600000,0x0000002812700000) (1024K)]

[error occurred during error reporting (printing all threads), id 0xc0000005, EXCEPTION_ACCESS_VIOLATION (0xc0000005) at pc=0x00007ffabd5be637]
VM state: not at safepoint (not fully initialized)

VM Mutex/Monitor currently owned by a thread:  ([mutex/lock_event])
[0x00007ffabde387d0] Heap_lock - owner thread: 0x0000018c7fb9d3c0

Heap address: 0x0000000084000000, size: 1984 MB, Compressed Oops mode: 32-bit

CDS archive(s) mapped at: [0x0000000000000000-0x0000000000000000-0x0000000000000000), size 0, SharedBaseAddress: 0x0000000800000000, ArchiveRelocationMode: 1.
Narrow klass base: 0x0000000000000000, Narrow klass shift: 0, Narrow klass range: 0x0

GC Precious Log:
 CardTable entry size: 512
 Card Set container configuration: InlinePtr #cards 5 size 8 Array Of Cards #cards 12 size 40 Howl #buckets 4 coarsen threshold 1843 Howl Bitmap #cards 512 size 80 coarsen threshold 460 Card regions per heap region 1 cards per card region 2048

Heap:
 garbage-first heap   total 0K, used 0K [0x0000000084000000, 0x0000000100000000)
  region size 1024K, 0 young (0K), 0 survivors (0K)
 Metaspace       used 0K, committed 0K, reserved 0K
  class space    used 0K, committed 0K, reserved 0K

Heap Regions: E=young(eden), S=young(survivor), O=old, HS=humongous(starts), HC=humongous(continues), CS=collection set, F=free, TAMS=top-at-mark-start, PB=parsable bottom

Card table byte_map: [0x0000018c127d0000,0x0000018c12bb0000] _byte_map_base: 0x0000018c123b0000

Marking Bits: (CMBitMap*) 0x0000018c7fbf3350
 Bits: [0x0000018c12bb0000, 0x0000018c14ab0000)

GC Heap History (0 events):
No events

Dll operation events (1 events):
Event: 0.041 Loaded shared library C:\Program Files\Android\Android Studio\jbr\bin\java.dll

Deoptimization events (0 events):
No events

Classes loaded (0 events):
No events

Classes unloaded (0 events):
No events

Classes redefined (0 events):
No events

Internal exceptions (0 events):
No events

ZGC Phase Switch (0 events):
No events

VM Operations (0 events):
No events

Memory protections (0 events):
No events

Nmethod flushes (0 events):
No events

Events (0 events):
No events


Dynamic libraries:
0x00007ff6d4d60000 - 0x00007ff6d4d6a000 	C:\Program Files\Android\Android Studio\jbr\bin\java.exe
0x00007ffb50410000 - 0x00007ffb50628000 	C:\Windows\SYSTEM32\ntdll.dll
0x00007ffb4f2b0000 - 0x00007ffb4f374000 	C:\Windows\System32\KERNEL32.DLL
0x00007ffb4d7b0000 - 0x00007ffb4db83000 	C:\Windows\System32\KERNELBASE.dll
0x00007ffb4d550000 - 0x00007ffb4d661000 	C:\Windows\System32\ucrtbase.dll
0x00007ffb489f0000 - 0x00007ffb48a08000 	C:\Program Files\Android\Android Studio\jbr\bin\jli.dll
0x00007ffb4f0d0000 - 0x00007ffb4f282000 	C:\Windows\System32\USER32.dll
0x00007ffb489d0000 - 0x00007ffb489eb000 	C:\Program Files\Android\Android Studio\jbr\bin\VCRUNTIME140.dll
0x00007ffb4e080000 - 0x00007ffb4e0a6000 	C:\Windows\System32\win32u.dll
0x00007ffb4ec80000 - 0x00007ffb4eca9000 	C:\Windows\System32\GDI32.dll
0x00007ffb4df60000 - 0x00007ffb4e07b000 	C:\Windows\System32\gdi32full.dll
0x00007ffb3d0c0000 - 0x00007ffb3d35c000 	C:\Windows\WinSxS\amd64_microsoft.windows.common-controls_6595b64144ccf1df_6.0.22621.6060_none_2712eda17382d24b\COMCTL32.dll
0x00007ffb4dd00000 - 0x00007ffb4dd9a000 	C:\Windows\System32\msvcp_win.dll
0x00007ffb4ebd0000 - 0x00007ffb4ec77000 	C:\Windows\System32\msvcrt.dll
0x00007ffb4e0b0000 - 0x00007ffb4e0e1000 	C:\Windows\System32\IMM32.DLL
0x00007ffb49740000 - 0x00007ffb4974c000 	C:\Program Files\Android\Android Studio\jbr\bin\vcruntime140_1.dll
0x00007ffb166c0000 - 0x00007ffb1674d000 	C:\Program Files\Android\Android Studio\jbr\bin\msvcp140.dll
0x00007ffabd280000 - 0x00007ffabdf16000 	C:\Program Files\Android\Android Studio\jbr\bin\server\jvm.dll
0x00007ffb4fc60000 - 0x00007ffb4fd11000 	C:\Windows\System32\ADVAPI32.dll
0x00007ffb4fb50000 - 0x00007ffb4fbf8000 	C:\Windows\System32\sechost.dll
0x00007ffb4d520000 - 0x00007ffb4d548000 	C:\Windows\System32\bcrypt.dll
0x00007ffb4e200000 - 0x00007ffb4e318000 	C:\Windows\System32\RPCRT4.dll
0x00007ffb501a0000 - 0x00007ffb50211000 	C:\Windows\System32\WS2_32.dll
0x00007ffb44770000 - 0x00007ffb447a4000 	C:\Windows\SYSTEM32\WINMM.dll
0x00007ffb43760000 - 0x00007ffb4376a000 	C:\Windows\SYSTEM32\VERSION.dll
0x00007ffb4c330000 - 0x00007ffb4c37d000 	C:\Windows\SYSTEM32\POWRPROF.dll
0x00007ffb4c310000 - 0x00007ffb4c323000 	C:\Windows\SYSTEM32\UMPDC.dll
0x00007ffb4c5b0000 - 0x00007ffb4c5c8000 	C:\Windows\SYSTEM32\kernel.appcore.dll
0x00007ffb49580000 - 0x00007ffb4958a000 	C:\Program Files\Android\Android Studio\jbr\bin\jimage.dll
0x00007ffb4ab90000 - 0x00007ffb4adc3000 	C:\Windows\SYSTEM32\DBGHELP.DLL
0x00007ffb4ecb0000 - 0x00007ffb4f041000 	C:\Windows\System32\combase.dll
0x00007ffb500b0000 - 0x00007ffb50188000 	C:\Windows\System32\OLEAUT32.dll
0x00007ffb2aea0000 - 0x00007ffb2aed2000 	C:\Windows\SYSTEM32\dbgcore.DLL
0x00007ffb4dee0000 - 0x00007ffb4df5b000 	C:\Windows\System32\bcryptPrimitives.dll
0x00007ffb47280000 - 0x00007ffb472a0000 	C:\Program Files\Android\Android Studio\jbr\bin\java.dll

JVMTI agents: none

dbghelp: loaded successfully - version: 4.0.5 - missing functions: none
symbol engine: initialized successfully - sym options: 0x614 - pdb path: .;C:\Program Files\Android\Android Studio\jbr\bin;C:\Windows\SYSTEM32;C:\Windows\WinSxS\amd64_microsoft.windows.common-controls_6595b64144ccf1df_6.0.22621.6060_none_2712eda17382d24b;C:\Program Files\Android\Android Studio\jbr\bin\server

VM Arguments:
java_command: org.jetbrains.kotlin.cli.jvm.K2JVMCompiler @C:\Users\prave\AndroidStudioProjects\smartcareerpath\app\build\20260601_13454231766350023249.compiler.options
java_class_path (initial): C:\Users\prave\.gradle\caches\modules-2\files-2.1\org.jetbrains.kotlin\kotlin-compiler-embeddable\2.2.10\6882d39ef03b18879c1a5d2a83c2212361bed5fe\kotlin-compiler-embeddable-2.2.10.jar;C:\Users\prave\.gradle\caches\modules-2\files-2.1\org.jetbrains.kotlin\kotlin-stdlib\2.2.10\30de6faa127a4a012db8e71bf1b9c0a99b1402b2\kotlin-stdlib-2.2.10.jar;C:\Users\prave\.gradle\caches\modules-2\files-2.1\org.jetbrains.kotlin\kotlin-script-runtime\2.2.10\712f9bc08f378c13a4a00f0bbb28c76e59183e83\kotlin-script-runtime-2.2.10.jar;C:\Users\prave\.gradle\caches\modules-2\files-2.1\org.jetbrains.kotlin\kotlin-reflect\1.6.10\1cbe9c92c12a94eea200d23c2bbaedaf3daf5132\kotlin-reflect-1.6.10.jar;C:\Users\prave\.gradle\caches\modules-2\files-2.1\org.jetbrains.kotlin\kotlin-daemon-embeddable\2.2.10\212fd3c2c6e4e5d0f4db3c4191233e2b622380cc\kotlin-daemon-embeddable-2.2.10.jar;C:\Users\prave\.gradle\caches\modules-2\files-2.1\org.jetbrains.kotlinx\kotlinx-coroutines-core-jvm\1.8.0\ac1dc37a30a93150b704022f8d895ee1bd3a36b3\kotlinx-coroutines-core-jvm-1.8.0.jar;C:\Users\prave\.gradle\caches\modules-2\files-2.1\org.jetbrains\annotations\13.0\919f0dfe192fb4e063e7dacadee7f8bb9a2672a9\annotations-13.0.jar
Launcher Type: SUN_STANDARD

[Global flags]
     intx CICompilerCount                          = 3                                         {product} {ergonomic}
     uint ConcGCThreads                            = 1                                         {product} {ergonomic}
     uint G1ConcRefinementThreads                  = 4                                         {product} {ergonomic}
   size_t G1HeapRegionSize                         = 1048576                                   {product} {ergonomic}
    uintx GCDrainStackTargetSize                   = 64                                        {product} {ergonomic}
   size_t InitialHeapSize                          = 130023424                                 {product} {ergonomic}
   size_t MarkStackSize                            = 4194304                                   {product} {ergonomic}
   size_t MaxHeapSize                              = 2080374784                                {product} {ergonomic}
   size_t MinHeapDeltaBytes                        = 1048576                                   {product} {ergonomic}
   size_t MinHeapSize                              = 8388608                                   {product} {ergonomic}
    uintx NonNMethodCodeHeapSize                   = 5832780                                {pd product} {ergonomic}
    uintx NonProfiledCodeHeapSize                  = 122912730                              {pd product} {ergonomic}
    uintx ProfiledCodeHeapSize                     = 122912730                              {pd product} {ergonomic}
    uintx ReservedCodeCacheSize                    = 251658240                              {pd product} {ergonomic}
     bool SegmentedCodeCache                       = true                                      {product} {ergonomic}
   size_t SoftMaxHeapSize                          = 2080374784                             {manageable} {ergonomic}
     bool UseCompressedOops                        = true                           {product lp64_product} {ergonomic}
     bool UseG1GC                                  = true                                      {product} {ergonomic}
     bool UseLargePagesIndividualAllocation        = false                                  {pd product} {ergonomic}

Logging:
Log output configuration:
 #0: stdout all=warning uptime,level,tags foldmultilines=false
 #1: stderr all=off uptime,level,tags foldmultilines=false

Release file:
<release file has not been read>
Environment Variables:
PATH=C:\Program Files\Python312\Scripts\;C:\Program Files\Python312\;C:\Windows\system32;C:\Windows;C:\Windows\System32\Wbem;C:\Windows\System32\WindowsPowerShell\v1.0\;C:\Windows\System32\OpenSSH\;C:\Program Files\dotnet\;C:\Program Files\IBM\SPSS\Statistics\23\JRE\bin;C:\Program Files\nodejs\;C:\ProgramData\chocolatey\bin;C:\Users\prave\AppData\Local\Programs\Python\Python314\Scripts\;C:\Users\prave\AppData\Local\Programs\Python\Python314\;C:\altera\91sp2\modelsim_ase\win32aloem;C:\altera\91sp2\modelsim_ase\modelsim_ase\win32aloem;C:\Users\prave\AppData\Local\Microsoft\WindowsApps;;C:\Users\prave\AppData\Local\Programs\Microsoft VS Code\bin;C:\Modeltech_pe_edu_10.3a\win32pe_edu;C:\Users\prave\AppData\Roaming\npm;C:\Users\prave\AppData\Local\Programs\Antigravity\bin
USERNAME=prave
OS=Windows_NT
PROCESSOR_IDENTIFIER=Intel64 Family 6 Model 140 Stepping 1, GenuineIntel
TMP=C:\Users\prave\AppData\Local\Temp
TEMP=C:\Users\prave\AppData\Local\Temp




Periodic native trim disabled

JNI global refs:
JNI global refs: 0, weak refs: 0

JNI global refs memory usage: 0, weak refs: 0

Process memory usage:
Resident Set Size: 11608K (0% of 8121124K total physical memory with 498744K free physical memory)

OOME stack traces (most recent first):
Classloader memory used:

---------------  S Y S T E M  ---------------

OS:
 Windows 11 , 64 bit Build 22621 (10.0.22621.5415)
OS uptime: 11 days 2:01 hours
Hyper-V role detected

CPU: total 4 (initial active 4) (2 cores per cpu, 2 threads per core) family 6 model 140 stepping 1 microcode 0xbe, cx8, cmov, fxsr, ht, mmx, 3dnowpref, sse, sse2, sse3, ssse3, sse4.1, sse4.2, popcnt, lzcnt, tsc, tscinvbit, avx, avx2, aes, erms, clmul, bmi1, bmi2, adx, avx512f, avx512dq, avx512cd, avx512bw, avx512vl, sha, fma, vzeroupper, avx512_vpopcntdq, avx512_vpclmulqdq, avx512_vaes, avx512_vnni, clflush, clflushopt, clwb, avx512_vbmi2, avx512_vbmi, hv, rdtscp, rdpid, fsrm, gfni, avx512_bitalg, f16c, cet_ibt, cet_ss, avx512_ifma
Processor Information for processor 0
  Max Mhz: 2995, Current Mhz: 1996, Mhz Limit: 2995
Processor Information for processor 1
  Max Mhz: 2995, Current Mhz: 2995, Mhz Limit: 2995
Processor Information for processor 2
  Max Mhz: 2995, Current Mhz: 1996, Mhz Limit: 2995
Processor Information for processor 3
  Max Mhz: 2995, Current Mhz: 2995, Mhz Limit: 2995

Memory: 4k page, system-wide physical 7930M (487M free)
TotalPageFile size 32506M (AvailPageFile size 17M)
current process WorkingSet (physical memory assigned to process): 11M, peak: 11M
current process commit charge ("private bytes"): 52M, peak: 175M

vm_info: OpenJDK 64-Bit Server VM (21.0.10+-14961533-b1163.108) for windows-amd64 JRE (21.0.10+-14961533-b1163.108), built on 2026-03-02T19:58:50Z by "builder" with MS VC++ 16.10 / 16.11 (VS2019)

END.
