#
# There is insufficient memory for the Java Runtime Environment to continue.
# Native memory allocation (mmap) failed to map 19922944 bytes. Error detail: G1 virtual space
# Possible reasons:
#   The system is out of physical RAM or swap space
#   This process is running with CompressedOops enabled, and the Java Heap may be blocking the growth of the native heap
# Possible solutions:
#   Reduce memory load on the system
#   Increase physical memory or swap space
#   Check if swap backing store is full
#   Decrease Java heap size (-Xmx/-Xms)
#   Decrease number of Java threads
#   Decrease Java thread stack sizes (-Xss)
#   Set larger code cache with -XX:ReservedCodeCacheSize=
#   JVM is running with Unscaled Compressed Oops mode in which the Java heap is
#     placed in the first 4GB address space. The Java Heap base address is the
#     maximum limit for the native heap growth. Please use -XX:HeapBaseMinAddress
#     to set the Java Heap base and to place the Java Heap above 4GB virtual address.
# This output file may be truncated or incomplete.
#
#  Out of Memory Error (os_windows.cpp:3926), pid=43676, tid=14992
#
# JRE version: OpenJDK Runtime Environment (21.0.10) (build 21.0.10+-14961533-b1163.108)
# Java VM: OpenJDK 64-Bit Server VM (21.0.10+-14961533-b1163.108, mixed mode, tiered, compressed oops, compressed class ptrs, g1 gc, windows-amd64)
# No core dump will be written. Minidumps are not enabled by default on client versions of Windows
#

---------------  S U M M A R Y ------------

Command Line: --add-opens=java.base/java.lang=ALL-UNNAMED --add-opens=java.base/java.lang.invoke=ALL-UNNAMED --add-opens=java.base/java.util=ALL-UNNAMED --add-opens=java.prefs/java.util.prefs=ALL-UNNAMED --add-exports=jdk.compiler/com.sun.tools.javac.api=ALL-UNNAMED --add-exports=jdk.compiler/com.sun.tools.javac.util=ALL-UNNAMED --add-opens=java.base/java.util=ALL-UNNAMED --add-opens=java.prefs/java.util.prefs=ALL-UNNAMED --add-opens=java.base/java.nio.charset=ALL-UNNAMED --add-opens=java.base/java.net=ALL-UNNAMED --add-opens=java.base/java.util.concurrent=ALL-UNNAMED --add-opens=java.base/java.util.concurrent.atomic=ALL-UNNAMED --add-opens=java.xml/javax.xml.namespace=ALL-UNNAMED --add-opens=java.base/java.time=ALL-UNNAMED -Xmx2048m -Dfile.encoding=UTF-8 -Duser.country=IN -Duser.language=en -Duser.variant -javaagent:C:\Users\prave\.gradle\wrapper\dists\gradle-9.4.1-bin\arn2x92ynaizyzdaamcbpbhtj\gradle-9.4.1\lib\agents\gradle-instrumentation-agent-9.4.1.jar org.gradle.launcher.daemon.bootstrap.GradleDaemon 9.4.1

Host: 11th Gen Intel(R) Core(TM) i3-1115G4 @ 3.00GHz, 4 cores, 7G,  Windows 11 , 64 bit Build 22621 (10.0.22621.5415)
Time: Mon Jun  1 22:38:21 2026 India Standard Time elapsed time: 35.849771 seconds (0d 0h 0m 35s)

---------------  T H R E A D  ---------------

Current thread (0x0000027efff43860):  VMThread "VM Thread"          [id=14992, stack(0x000000b01cf00000,0x000000b01d000000) (1024K)]

Stack: [0x000000b01cf00000,0x000000b01d000000]
Native frames: (J=compiled Java code, j=interpreted, Vv=VM code, C=native code)
V  [jvm.dll+0x6d78a9]
V  [jvm.dll+0x8665b3]
V  [jvm.dll+0x868bde]
V  [jvm.dll+0x8692c3]
V  [jvm.dll+0x280ee6]
V  [jvm.dll+0x6d4165]
V  [jvm.dll+0x6c77fa]
V  [jvm.dll+0x358f4b]
V  [jvm.dll+0x360bc6]
V  [jvm.dll+0x3b2ea6]
V  [jvm.dll+0x3b3178]
V  [jvm.dll+0x32b65c]
V  [jvm.dll+0x32e066]
V  [jvm.dll+0x337f3d]
V  [jvm.dll+0x36f6a5]
V  [jvm.dll+0x86f048]
V  [jvm.dll+0x870394]
V  [jvm.dll+0x8708d0]
V  [jvm.dll+0x870b63]
V  [jvm.dll+0x80fd28]
V  [jvm.dll+0x6d60fd]
C  [ucrtbase.dll+0x29333]
C  [KERNEL32.DLL+0x1259d]
C  [ntdll.dll+0x5af78]

VM_Operation (0x000000b01caff5d0): G1PauseRemark, mode: safepoint, requested by thread 0x0000027eff206390


---------------  P R O C E S S  ---------------

Threads class SMR info:
_java_thread_list=0x0000027e9e48a430, length=40, elements={
0x0000027eff19ca70, 0x0000027e96206db0, 0x0000027e96209cf0, 0x0000027e9620ac00,
0x0000027e96235610, 0x0000027e962371e0, 0x0000027e96239260, 0x0000027e9623a0d0,
0x0000027e9623cee0, 0x0000027e96241880, 0x0000027e96573e30, 0x0000027e9bc378e0,
0x0000027e9cc41300, 0x0000027e9cc31fa0, 0x0000027e9d61b420, 0x0000027e9c022a40,
0x0000027e9c02a7d0, 0x0000027e9c0559f0, 0x0000027e9cc406f0, 0x0000027e9cc3f9d0,
0x0000027e9cc3f340, 0x0000027e9cc40060, 0x0000027e9d436a40, 0x0000027e9d435d20,
0x0000027e9d434970, 0x0000027e9d4328a0, 0x0000027e9d4363b0, 0x0000027e9d437df0,
0x0000027e9d4314f0, 0x0000027e9d435690, 0x0000027e9d4342e0, 0x0000027e9d432f30,
0x0000027e9d4335c0, 0x0000027e9d430e60, 0x0000027e9d432210, 0x0000027e9d433c50,
0x0000027e9f3ab220, 0x0000027e9f3ad980, 0x0000027e9f3aa500, 0x0000027e9f3ab8b0
}

Java Threads: ( => current thread )
  0x0000027eff19ca70 JavaThread "main"                              [_thread_blocked, id=43312, stack(0x000000b01c800000,0x000000b01c900000) (1024K)]
  0x0000027e96206db0 JavaThread "Common-Cleaner"             daemon [_thread_blocked, id=7092, stack(0x000000b01d000000,0x000000b01d100000) (1024K)]
  0x0000027e96209cf0 JavaThread "Reference Handler"          daemon [_thread_blocked, id=37556, stack(0x000000b01d100000,0x000000b01d200000) (1024K)]
  0x0000027e9620ac00 JavaThread "Finalizer"                  daemon [_thread_blocked, id=19828, stack(0x000000b01d200000,0x000000b01d300000) (1024K)]
  0x0000027e96235610 JavaThread "Signal Dispatcher"          daemon [_thread_blocked, id=12312, stack(0x000000b01d300000,0x000000b01d400000) (1024K)]
  0x0000027e962371e0 JavaThread "Attach Listener"            daemon [_thread_blocked, id=33000, stack(0x000000b01d400000,0x000000b01d500000) (1024K)]
  0x0000027e96239260 JavaThread "Service Thread"             daemon [_thread_blocked, id=11040, stack(0x000000b01d500000,0x000000b01d600000) (1024K)]
  0x0000027e9623a0d0 JavaThread "Monitor Deflation Thread"   daemon [_thread_blocked, id=40880, stack(0x000000b01d600000,0x000000b01d700000) (1024K)]
  0x0000027e9623cee0 JavaThread "C2 CompilerThread0"         daemon [_thread_blocked, id=25168, stack(0x000000b01d700000,0x000000b01d800000) (1024K)]
  0x0000027e96241880 JavaThread "C1 CompilerThread0"         daemon [_thread_blocked, id=27352, stack(0x000000b01d800000,0x000000b01d900000) (1024K)]
  0x0000027e96573e30 JavaThread "Notification Thread"        daemon [_thread_blocked, id=26868, stack(0x000000b01d900000,0x000000b01da00000) (1024K)]
  0x0000027e9bc378e0 JavaThread "Daemon health stats"               [_thread_blocked, id=46024, stack(0x000000b01dd00000,0x000000b01de00000) (1024K)]
  0x0000027e9cc41300 JavaThread "Incoming local TCP Connector on port 57003"        [_thread_in_native, id=32688, stack(0x000000b01de00000,0x000000b01df00000) (1024K)]
  0x0000027e9cc31fa0 JavaThread "Daemon periodic checks"            [_thread_blocked, id=1892, stack(0x000000b01df00000,0x000000b01e000000) (1024K)]
  0x0000027e9d61b420 JavaThread "Daemon"                            [_thread_blocked, id=20612, stack(0x000000b01e000000,0x000000b01e100000) (1024K)]
  0x0000027e9c022a40 JavaThread "Handler for socket connection from /127.0.0.1:57003 to /127.0.0.1:57004"        [_thread_in_native, id=32464, stack(0x000000b01e100000,0x000000b01e200000) (1024K)]
  0x0000027e9c02a7d0 JavaThread "Cancel handler"                    [_thread_blocked, id=37892, stack(0x000000b01e200000,0x000000b01e300000) (1024K)]
  0x0000027e9c0559f0 JavaThread "Daemon worker"                     [_thread_blocked, id=33912, stack(0x000000b01e300000,0x000000b01e400000) (1024K)]
  0x0000027e9cc406f0 JavaThread "Asynchronous log dispatcher for DefaultDaemonConnection: socket connection from /127.0.0.1:57003 to /127.0.0.1:57004"        [_thread_blocked, id=45416, stack(0x000000b01e400000,0x000000b01e500000) (1024K)]
  0x0000027e9cc3f9d0 JavaThread "Stdin handler"                     [_thread_blocked, id=25756, stack(0x000000b01e500000,0x000000b01e600000) (1024K)]
  0x0000027e9cc3f340 JavaThread "Daemon client event forwarder"        [_thread_blocked, id=32024, stack(0x000000b01e600000,0x000000b01e700000) (1024K)]
  0x0000027e9cc40060 JavaThread "Cache worker for journal cache (C:\Users\prave\.gradle\caches\journal-1)"        [_thread_blocked, id=44908, stack(0x000000b01e700000,0x000000b01e800000) (1024K)]
  0x0000027e9d436a40 JavaThread "File lock request listener"        [_thread_in_native, id=6820, stack(0x000000b01e800000,0x000000b01e900000) (1024K)]
  0x0000027e9d435d20 JavaThread "Cache worker for file hash cache (C:\Users\prave\.gradle\caches\9.4.1\fileHashes)"        [_thread_blocked, id=29928, stack(0x000000b01e900000,0x000000b01ea00000) (1024K)]
  0x0000027e9d434970 JavaThread "Cache worker for file hash cache (C:\Users\prave\AndroidStudioProjects\smartcareerpath\.gradle\9.4.1\fileHashes)"        [_thread_blocked, id=15296, stack(0x000000b01ea00000,0x000000b01eb00000) (1024K)]
  0x0000027e9d4328a0 JavaThread "Cache worker for Build Output Cleanup Cache (C:\Users\prave\AndroidStudioProjects\smartcareerpath\.gradle\buildOutputCleanup)"        [_thread_blocked, id=45584, stack(0x000000b01eb00000,0x000000b01ec00000) (1024K)]
  0x0000027e9d4363b0 JavaThread "File watcher server"        daemon [_thread_in_native, id=20888, stack(0x000000b01ec00000,0x000000b01ed00000) (1024K)]
  0x0000027e9d437df0 JavaThread "File watcher consumer"      daemon [_thread_blocked, id=12280, stack(0x000000b01ed00000,0x000000b01ee00000) (1024K)]
  0x0000027e9d4314f0 JavaThread "Cache worker for file content cache (C:\Users\prave\.gradle\caches\9.4.1\fileContent)"        [_thread_blocked, id=21984, stack(0x000000b01ee00000,0x000000b01ef00000) (1024K)]
  0x0000027e9d435690 JavaThread "Cache worker for checksums cache (C:\Users\prave\AndroidStudioProjects\smartcareerpath\.gradle\9.4.1\checksums)"        [_thread_blocked, id=20940, stack(0x000000b01ef00000,0x000000b01f000000) (1024K)]
  0x0000027e9d4342e0 JavaThread "Cache worker for cache directory md-supplier (C:\Users\prave\.gradle\caches\9.4.1\md-supplier)"        [_thread_blocked, id=30804, stack(0x000000b01f000000,0x000000b01f100000) (1024K)]
  0x0000027e9d432f30 JavaThread "Cache worker for cache directory md-rule (C:\Users\prave\.gradle\caches\9.4.1\md-rule)"        [_thread_blocked, id=26904, stack(0x000000b01f100000,0x000000b01f200000) (1024K)]
  0x0000027e9d4335c0 JavaThread "jar transforms"                    [_thread_blocked, id=41552, stack(0x000000b01f200000,0x000000b01f300000) (1024K)]
  0x0000027e9d430e60 JavaThread "jar transforms Thread 2"           [_thread_blocked, id=32556, stack(0x000000b01f300000,0x000000b01f400000) (1024K)]
  0x0000027e9d432210 JavaThread "jar transforms Thread 3"           [_thread_blocked, id=45736, stack(0x000000b01f400000,0x000000b01f500000) (1024K)]
  0x0000027e9d433c50 JavaThread "Build operations"                  [_thread_blocked, id=2576, stack(0x000000b01f500000,0x000000b01f600000) (1024K)]
  0x0000027e9f3ab220 JavaThread "Build operations Thread 2"         [_thread_blocked, id=30800, stack(0x000000b01f600000,0x000000b01f700000) (1024K)]
  0x0000027e9f3ad980 JavaThread "Build operations Thread 3"         [_thread_blocked, id=25392, stack(0x000000b01f700000,0x000000b01f800000) (1024K)]
  0x0000027e9f3aa500 JavaThread "Build operations Thread 4"         [_thread_blocked, id=35832, stack(0x000000b01f800000,0x000000b01f900000) (1024K)]
  0x0000027e9f3ab8b0 JavaThread "jar transforms Thread 4"           [_thread_blocked, id=13964, stack(0x000000b01f900000,0x000000b01fa00000) (1024K)]
Total: 40

Other Threads:
=>0x0000027efff43860 VMThread "VM Thread"                           [id=14992, stack(0x000000b01cf00000,0x000000b01d000000) (1024K)]
  0x0000027effeff3a0 WatcherThread "VM Periodic Task Thread"        [id=7200, stack(0x000000b01ce00000,0x000000b01cf00000) (1024K)]
  0x0000027eff1f53a0 WorkerThread "GC Thread#0"                     [id=33864, stack(0x000000b01c900000,0x000000b01ca00000) (1024K)]
  0x0000027e9677f9f0 WorkerThread "GC Thread#1"                     [id=30812, stack(0x000000b01da00000,0x000000b01db00000) (1024K)]
  0x0000027e9677fda0 WorkerThread "GC Thread#2"                     [id=21772, stack(0x000000b01db00000,0x000000b01dc00000) (1024K)]
  0x0000027e9b622a80 WorkerThread "GC Thread#3"                     [id=17664, stack(0x000000b01dc00000,0x000000b01dd00000) (1024K)]
  0x0000027eff206390 ConcurrentGCThread "G1 Main Marker"            [id=31448, stack(0x000000b01ca00000,0x000000b01cb00000) (1024K)]
  0x0000027eff207010 WorkerThread "G1 Conc#0"                       [id=31840, stack(0x000000b01cb00000,0x000000b01cc00000) (1024K)]
  0x0000027effdcf130 ConcurrentGCThread "G1 Refine#0"               [id=12616, stack(0x000000b01cc00000,0x000000b01cd00000) (1024K)]
  0x0000027effdcfcb0 ConcurrentGCThread "G1 Service"                [id=29736, stack(0x000000b01cd00000,0x000000b01ce00000) (1024K)]
Total: 10

Threads with active compile tasks:
C2 CompilerThread0  35898 9551       4       org.objectweb.asm.Type::getDescriptor (73 bytes)
Total: 1

VM state: at safepoint (normal execution)

VM Mutex/Monitor currently owned by a thread:  ([mutex/lock_event])
[0x00007ffabde386d0] Threads_lock - owner thread: 0x0000027efff43860
[0x00007ffabde387d0] Heap_lock - owner thread: 0x0000027eff206390

Heap address: 0x0000000080000000, size: 2048 MB, Compressed Oops mode: 32-bit

CDS archive(s) not mapped
Compressed class space mapped at: 0x0000000100000000-0x0000000140000000, reserved size: 1073741824
Narrow klass base: 0x0000000000000000, Narrow klass shift: 3, Narrow klass range: 0x140000000

GC Precious Log:
 CardTable entry size: 512
 Card Set container configuration: InlinePtr #cards 5 size 8 Array Of Cards #cards 12 size 40 Howl #buckets 4 coarsen threshold 1843 Howl Bitmap #cards 512 size 80 coarsen threshold 460 Card regions per heap region 1 cards per card region 2048
 CPUs: 4 total, 4 available
 Memory: 7930M
 Large Page Support: Disabled
 NUMA Support: Disabled
 Compressed Oops: Enabled (32-bit)
 Heap Region Size: 1M
 Heap Min Capacity: 8M
 Heap Initial Capacity: 124M
 Heap Max Capacity: 2G
 Pre-touch: Disabled
 Parallel Workers: 4
 Concurrent Workers: 1
 Concurrent Refinement Workers: 4
 Periodic GC: Disabled

Heap:
 garbage-first heap   total 105472K, used 76990K [0x0000000080000000, 0x0000000100000000)
  region size 1024K, 6 young (6144K), 2 survivors (2048K)
 Metaspace       used 84473K, committed 86464K, reserved 1179648K
  class space    used 11774K, committed 12736K, reserved 1048576K

Heap Regions: E=young(eden), S=young(survivor), O=old, HS=humongous(starts), HC=humongous(continues), CS=collection set, F=free, TAMS=top-at-mark-start, PB=parsable bottom
|   0|0x0000000080000000, 0x0000000080100000, 0x0000000080100000|100%|HS|  |TAMS 0x0000000080100000| PB 0x0000000080000000| Complete 
|   1|0x0000000080100000, 0x0000000080200000, 0x0000000080200000|100%|HC|  |TAMS 0x0000000080200000| PB 0x0000000080100000| Complete 
|   2|0x0000000080200000, 0x0000000080300000, 0x0000000080300000|100%|HC|  |TAMS 0x0000000080300000| PB 0x0000000080200000| Complete 
|   3|0x0000000080300000, 0x0000000080400000, 0x0000000080400000|100%|HC|  |TAMS 0x0000000080400000| PB 0x0000000080300000| Complete 
|   4|0x0000000080400000, 0x0000000080500000, 0x0000000080500000|100%| O|  |TAMS 0x0000000080500000| PB 0x0000000080500000| Untracked 
|   5|0x0000000080500000, 0x0000000080600000, 0x0000000080600000|100%| O|  |TAMS 0x0000000080600000| PB 0x0000000080600000| Untracked 
|   6|0x0000000080600000, 0x0000000080700000, 0x0000000080700000|100%| O|  |TAMS 0x0000000080700000| PB 0x0000000080700000| Untracked 
|   7|0x0000000080700000, 0x0000000080800000, 0x0000000080800000|100%| O|  |TAMS 0x0000000080800000| PB 0x0000000080800000| Untracked 
|   8|0x0000000080800000, 0x0000000080900000, 0x0000000080900000|100%|HS|  |TAMS 0x0000000080900000| PB 0x0000000080800000| Complete 
|   9|0x0000000080900000, 0x0000000080a00000, 0x0000000080a00000|100%| O|  |TAMS 0x0000000080a00000| PB 0x0000000080a00000| Untracked 
|  10|0x0000000080a00000, 0x0000000080b00000, 0x0000000080b00000|100%| O|  |TAMS 0x0000000080b00000| PB 0x0000000080b00000| Untracked 
|  11|0x0000000080b00000, 0x0000000080c00000, 0x0000000080c00000|100%| O|  |TAMS 0x0000000080c00000| PB 0x0000000080c00000| Untracked 
|  12|0x0000000080c00000, 0x0000000080d00000, 0x0000000080d00000|100%| O|  |TAMS 0x0000000080d00000| PB 0x0000000080d00000| Untracked 
|  13|0x0000000080d00000, 0x0000000080e00000, 0x0000000080e00000|100%| O|  |TAMS 0x0000000080e00000| PB 0x0000000080e00000| Untracked 
|  14|0x0000000080e00000, 0x0000000080f00000, 0x0000000080f00000|100%| O|  |TAMS 0x0000000080f00000| PB 0x0000000080f00000| Untracked 
|  15|0x0000000080f00000, 0x0000000081000000, 0x0000000081000000|100%| O|  |TAMS 0x0000000081000000| PB 0x0000000081000000| Untracked 
|  16|0x0000000081000000, 0x0000000081100000, 0x0000000081100000|100%| O|  |TAMS 0x0000000081100000| PB 0x0000000081100000| Untracked 
|  17|0x0000000081100000, 0x0000000081200000, 0x0000000081200000|100%| O|  |TAMS 0x0000000081200000| PB 0x0000000081200000| Untracked 
|  18|0x0000000081200000, 0x0000000081300000, 0x0000000081300000|100%| O|  |TAMS 0x0000000081300000| PB 0x0000000081300000| Untracked 
|  19|0x0000000081300000, 0x0000000081400000, 0x0000000081400000|100%| O|  |TAMS 0x0000000081400000| PB 0x0000000081400000| Untracked 
|  20|0x0000000081400000, 0x0000000081500000, 0x0000000081500000|100%| O|  |TAMS 0x0000000081500000| PB 0x0000000081500000| Untracked 
|  21|0x0000000081500000, 0x0000000081600000, 0x0000000081600000|100%| O|  |TAMS 0x0000000081600000| PB 0x0000000081600000| Updating 
|  22|0x0000000081600000, 0x0000000081700000, 0x0000000081700000|100%| O|  |TAMS 0x0000000081700000| PB 0x0000000081700000| Untracked 
|  23|0x0000000081700000, 0x0000000081800000, 0x0000000081800000|100%| O|  |TAMS 0x0000000081800000| PB 0x0000000081800000| Untracked 
|  24|0x0000000081800000, 0x0000000081900000, 0x0000000081900000|100%| O|  |TAMS 0x0000000081900000| PB 0x0000000081900000| Untracked 
|  25|0x0000000081900000, 0x0000000081a00000, 0x0000000081a00000|100%| O|  |TAMS 0x0000000081a00000| PB 0x0000000081a00000| Updating 
|  26|0x0000000081a00000, 0x0000000081b00000, 0x0000000081b00000|100%| O|  |TAMS 0x0000000081b00000| PB 0x0000000081b00000| Untracked 
|  27|0x0000000081b00000, 0x0000000081c00000, 0x0000000081c00000|100%| O|  |TAMS 0x0000000081c00000| PB 0x0000000081c00000| Updating 
|  28|0x0000000081c00000, 0x0000000081d00000, 0x0000000081d00000|100%| O|  |TAMS 0x0000000081d00000| PB 0x0000000081d00000| Untracked 
|  29|0x0000000081d00000, 0x0000000081e00000, 0x0000000081e00000|100%|HS|  |TAMS 0x0000000081e00000| PB 0x0000000081d00000| Complete 
|  30|0x0000000081e00000, 0x0000000081f00000, 0x0000000081f00000|100%|HC|  |TAMS 0x0000000081f00000| PB 0x0000000081e00000| Complete 
|  31|0x0000000081f00000, 0x0000000082000000, 0x0000000082000000|100%| O|  |TAMS 0x0000000082000000| PB 0x0000000082000000| Untracked 
|  32|0x0000000082000000, 0x0000000082100000, 0x0000000082100000|100%| O|  |TAMS 0x0000000082100000| PB 0x0000000082100000| Untracked 
|  33|0x0000000082100000, 0x0000000082200000, 0x0000000082200000|100%| O|  |TAMS 0x0000000082200000| PB 0x0000000082200000| Untracked 
|  34|0x0000000082200000, 0x0000000082300000, 0x0000000082300000|100%| O|  |TAMS 0x0000000082300000| PB 0x0000000082300000| Untracked 
|  35|0x0000000082300000, 0x0000000082400000, 0x0000000082400000|100%| O|  |TAMS 0x0000000082400000| PB 0x0000000082400000| Untracked 
|  36|0x0000000082400000, 0x0000000082500000, 0x0000000082500000|100%| O|  |TAMS 0x0000000082500000| PB 0x0000000082500000| Untracked 
|  37|0x0000000082500000, 0x0000000082600000, 0x0000000082600000|100%| O|  |TAMS 0x0000000082600000| PB 0x0000000082600000| Untracked 
|  38|0x0000000082600000, 0x0000000082700000, 0x0000000082700000|100%| O|  |TAMS 0x0000000082700000| PB 0x0000000082700000| Untracked 
|  39|0x0000000082700000, 0x0000000082800000, 0x0000000082800000|100%| O|  |TAMS 0x0000000082800000| PB 0x0000000082800000| Untracked 
|  40|0x0000000082800000, 0x0000000082900000, 0x0000000082900000|100%| O|  |TAMS 0x0000000082900000| PB 0x0000000082900000| Untracked 
|  41|0x0000000082900000, 0x0000000082a00000, 0x0000000082a00000|100%| O|  |TAMS 0x0000000082a00000| PB 0x0000000082a00000| Untracked 
|  42|0x0000000082a00000, 0x0000000082b00000, 0x0000000082b00000|100%| O|  |TAMS 0x0000000082b00000| PB 0x0000000082b00000| Untracked 
|  43|0x0000000082b00000, 0x0000000082c00000, 0x0000000082c00000|100%| O|  |TAMS 0x0000000082c00000| PB 0x0000000082c00000| Untracked 
|  44|0x0000000082c00000, 0x0000000082d00000, 0x0000000082d00000|100%| O|  |TAMS 0x0000000082d00000| PB 0x0000000082d00000| Untracked 
|  45|0x0000000082d00000, 0x0000000082e00000, 0x0000000082e00000|100%| O|  |TAMS 0x0000000082e00000| PB 0x0000000082e00000| Untracked 
|  46|0x0000000082e00000, 0x0000000082f00000, 0x0000000082f00000|100%| O|  |TAMS 0x0000000082f00000| PB 0x0000000082f00000| Untracked 
|  47|0x0000000082f00000, 0x0000000083000000, 0x0000000083000000|100%| O|  |TAMS 0x0000000083000000| PB 0x0000000083000000| Untracked 
|  48|0x0000000083000000, 0x0000000083100000, 0x0000000083100000|100%|HS|  |TAMS 0x0000000083100000| PB 0x0000000083000000| Complete 
|  49|0x0000000083100000, 0x0000000083200000, 0x0000000083200000|100%|HS|  |TAMS 0x0000000083200000| PB 0x0000000083100000| Complete 
|  50|0x0000000083200000, 0x0000000083300000, 0x0000000083300000|100%| O|  |TAMS 0x0000000083300000| PB 0x0000000083300000| Untracked 
|  51|0x0000000083300000, 0x0000000083400000, 0x0000000083400000|100%| O|  |TAMS 0x0000000083400000| PB 0x0000000083400000| Untracked 
|  52|0x0000000083400000, 0x0000000083400000, 0x0000000083500000|  0%| F|  |TAMS 0x0000000083400000| PB 0x0000000083400000| Untracked 
|  53|0x0000000083500000, 0x0000000083600000, 0x0000000083600000|100%|HS|  |TAMS 0x0000000083600000| PB 0x0000000083500000| Complete 
|  54|0x0000000083600000, 0x0000000083700000, 0x0000000083700000|100%|HC|  |TAMS 0x0000000083700000| PB 0x0000000083600000| Complete 
|  55|0x0000000083700000, 0x0000000083800000, 0x0000000083800000|100%|HS|  |TAMS 0x0000000083800000| PB 0x0000000083700000| Complete 
|  56|0x0000000083800000, 0x0000000083900000, 0x0000000083900000|100%|HS|  |TAMS 0x0000000083900000| PB 0x0000000083800000| Complete 
|  57|0x0000000083900000, 0x0000000083a00000, 0x0000000083a00000|100%| O|  |TAMS 0x0000000083a00000| PB 0x0000000083a00000| Updating 
|  58|0x0000000083a00000, 0x0000000083b00000, 0x0000000083b00000|100%|HS|  |TAMS 0x0000000083b00000| PB 0x0000000083a00000| Complete 
|  59|0x0000000083b00000, 0x0000000083c00000, 0x0000000083c00000|100%|HS|  |TAMS 0x0000000083c00000| PB 0x0000000083b00000| Complete 
|  60|0x0000000083c00000, 0x0000000083d00000, 0x0000000083d00000|100%| O|  |TAMS 0x0000000083d00000| PB 0x0000000083d00000| Updating 
|  61|0x0000000083d00000, 0x0000000083d00000, 0x0000000083e00000|  0%| F|  |TAMS 0x0000000083d00000| PB 0x0000000083d00000| Untracked 
|  62|0x0000000083e00000, 0x0000000083e00000, 0x0000000083f00000|  0%| F|  |TAMS 0x0000000083e00000| PB 0x0000000083e00000| Untracked 
|  63|0x0000000083f00000, 0x0000000083f00000, 0x0000000084000000|  0%| F|  |TAMS 0x0000000083f00000| PB 0x0000000083f00000| Untracked 
|  64|0x0000000084000000, 0x0000000084000000, 0x0000000084100000|  0%| F|  |TAMS 0x0000000084000000| PB 0x0000000084000000| Untracked 
|  65|0x0000000084100000, 0x0000000084200000, 0x0000000084200000|100%| O|  |TAMS 0x0000000084200000| PB 0x0000000084200000| Untracked 
|  66|0x0000000084200000, 0x0000000084300000, 0x0000000084300000|100%| O|  |TAMS 0x0000000084300000| PB 0x0000000084300000| Untracked 
|  67|0x0000000084300000, 0x0000000084400000, 0x0000000084400000|100%| O|  |TAMS 0x0000000084400000| PB 0x0000000084400000| Untracked 
|  68|0x0000000084400000, 0x00000000844fc648, 0x0000000084500000| 98%| O|  |TAMS 0x00000000844fc648| PB 0x00000000844fc648| Updating 
|  69|0x0000000084500000, 0x0000000084500000, 0x0000000084600000|  0%| F|  |TAMS 0x0000000084500000| PB 0x0000000084500000| Untracked 
|  70|0x0000000084600000, 0x00000000846331e0, 0x0000000084700000| 19%| S|CS|TAMS 0x0000000084600000| PB 0x0000000084600000| Complete 
|  71|0x0000000084700000, 0x0000000084800000, 0x0000000084800000|100%| S|CS|TAMS 0x0000000084700000| PB 0x0000000084700000| Complete 
|  72|0x0000000084800000, 0x0000000084800000, 0x0000000084900000|  0%| F|  |TAMS 0x0000000084800000| PB 0x0000000084800000| Untracked 
|  73|0x0000000084900000, 0x0000000084900000, 0x0000000084a00000|  0%| F|  |TAMS 0x0000000084900000| PB 0x0000000084900000| Untracked 
|  74|0x0000000084a00000, 0x0000000084a00000, 0x0000000084b00000|  0%| F|  |TAMS 0x0000000084a00000| PB 0x0000000084a00000| Untracked 
|  75|0x0000000084b00000, 0x0000000084b00000, 0x0000000084c00000|  0%| F|  |TAMS 0x0000000084b00000| PB 0x0000000084b00000| Untracked 
|  76|0x0000000084c00000, 0x0000000084c00000, 0x0000000084d00000|  0%| F|  |TAMS 0x0000000084c00000| PB 0x0000000084c00000| Untracked 
|  77|0x0000000084d00000, 0x0000000084d00000, 0x0000000084e00000|  0%| F|  |TAMS 0x0000000084d00000| PB 0x0000000084d00000| Untracked 
|  78|0x0000000084e00000, 0x0000000084e00000, 0x0000000084f00000|  0%| F|  |TAMS 0x0000000084e00000| PB 0x0000000084e00000| Untracked 
|  79|0x0000000084f00000, 0x0000000084f00000, 0x0000000085000000|  0%| F|  |TAMS 0x0000000084f00000| PB 0x0000000084f00000| Untracked 
|  80|0x0000000085000000, 0x0000000085000000, 0x0000000085100000|  0%| F|  |TAMS 0x0000000085000000| PB 0x0000000085000000| Untracked 
|  81|0x0000000085100000, 0x0000000085100000, 0x0000000085200000|  0%| F|  |TAMS 0x0000000085100000| PB 0x0000000085100000| Untracked 
|  82|0x0000000085200000, 0x0000000085200000, 0x0000000085300000|  0%| F|  |TAMS 0x0000000085200000| PB 0x0000000085200000| Untracked 
|  83|0x0000000085300000, 0x0000000085300000, 0x0000000085400000|  0%| F|  |TAMS 0x0000000085300000| PB 0x0000000085300000| Untracked 
|  84|0x0000000085400000, 0x0000000085400000, 0x0000000085500000|  0%| F|  |TAMS 0x0000000085400000| PB 0x0000000085400000| Untracked 
|  85|0x0000000085500000, 0x0000000085500000, 0x0000000085600000|  0%| F|  |TAMS 0x0000000085500000| PB 0x0000000085500000| Untracked 
|  86|0x0000000085600000, 0x0000000085600000, 0x0000000085700000|  0%| F|  |TAMS 0x0000000085600000| PB 0x0000000085600000| Untracked 
|  87|0x0000000085700000, 0x0000000085700000, 0x0000000085800000|  0%| F|  |TAMS 0x0000000085700000| PB 0x0000000085700000| Untracked 
|  88|0x0000000085800000, 0x0000000085800000, 0x0000000085900000|  0%| F|  |TAMS 0x0000000085800000| PB 0x0000000085800000| Untracked 
|  89|0x0000000085900000, 0x0000000085900000, 0x0000000085a00000|  0%| F|  |TAMS 0x0000000085900000| PB 0x0000000085900000| Untracked 
|  90|0x0000000085a00000, 0x0000000085a00000, 0x0000000085b00000|  0%| F|  |TAMS 0x0000000085a00000| PB 0x0000000085a00000| Untracked 
|  91|0x0000000085b00000, 0x0000000085b00000, 0x0000000085c00000|  0%| F|  |TAMS 0x0000000085b00000| PB 0x0000000085b00000| Untracked 
|  92|0x0000000085c00000, 0x0000000085c5f0c0, 0x0000000085d00000| 37%| E|  |TAMS 0x0000000085c00000| PB 0x0000000085c00000| Complete 
|  93|0x0000000085d00000, 0x0000000085e00000, 0x0000000085e00000|100%| E|CS|TAMS 0x0000000085d00000| PB 0x0000000085d00000| Complete 
|  94|0x0000000085e00000, 0x0000000085f00000, 0x0000000085f00000|100%| E|CS|TAMS 0x0000000085e00000| PB 0x0000000085e00000| Complete 
| 123|0x0000000087b00000, 0x0000000087c00000, 0x0000000087c00000|100%| E|CS|TAMS 0x0000000087b00000| PB 0x0000000087b00000| Complete 
|2041|0x00000000ff900000, 0x00000000ffa00000, 0x00000000ffa00000|100%| O|  |TAMS 0x00000000ffa00000| PB 0x00000000ffa00000| Updating 
|2042|0x00000000ffa00000, 0x00000000ffb00000, 0x00000000ffb00000|100%| O|  |TAMS 0x00000000ffb00000| PB 0x00000000ffb00000| Updating 
|2043|0x00000000ffb00000, 0x00000000ffc00000, 0x00000000ffc00000|100%| O|  |TAMS 0x00000000ffc00000| PB 0x00000000ffc00000| Updating 
|2044|0x00000000ffc00000, 0x00000000ffd00000, 0x00000000ffd00000|100%| O|  |TAMS 0x00000000ffd00000| PB 0x00000000ffd00000| Untracked 
|2045|0x00000000ffd00000, 0x00000000ffe00000, 0x00000000ffe00000|100%| O|  |TAMS 0x00000000ffe00000| PB 0x00000000ffe00000| Untracked 
|2046|0x00000000ffe00000, 0x00000000fff00000, 0x00000000fff00000|100%| O|  |TAMS 0x00000000fff00000| PB 0x00000000fff00000| Untracked 
|2047|0x00000000fff00000, 0x0000000100000000, 0x0000000100000000|100%| O|  |TAMS 0x0000000100000000| PB 0x0000000100000000| Untracked 

Card table byte_map: [0x0000027eff660000,0x0000027effa60000] _byte_map_base: 0x0000027eff260000

Marking Bits: (CMBitMap*) 0x0000027eff1f5ab0
 Bits: [0x0000027e920a0000, 0x0000027e940a0000)

Polling page: 0x0000027efe960000

Metaspace:

Usage:
  Non-class:     71.00 MB used.
      Class:     11.50 MB used.
       Both:     82.49 MB used.

Virtual space:
  Non-class space:      128.00 MB reserved,      72.00 MB ( 56%) committed,  2 nodes.
      Class space:        1.00 GB reserved,      12.44 MB (  1%) committed,  1 nodes.
             Both:        1.12 GB reserved,      84.44 MB (  7%) committed. 

Chunk freelists:
   Non-Class:  7.84 MB
       Class:  3.55 MB
        Both:  11.39 MB

MaxMetaspaceSize: unlimited
CompressedClassSpaceSize: 1.00 GB
Initial GC threshold: 21.00 MB
Current GC threshold: 131.38 MB
CDS: off
 - commit_granule_bytes: 65536.
 - commit_granule_words: 8192.
 - virtual_space_node_default_size: 8388608.
 - enlarge_chunks_in_place: 1.
 - use_allocation_guard: 0.


Internal statistics:

num_allocs_failed_limit: 6.
num_arena_births: 3648.
num_arena_deaths: 0.
num_vsnodes_births: 3.
num_vsnodes_deaths: 0.
num_space_committed: 1351.
num_space_uncommitted: 0.
num_chunks_returned_to_freelist: 6.
num_chunks_taken_from_freelist: 7149.
num_chunk_merges: 3.
num_chunk_splits: 4577.
num_chunks_enlarged: 2764.
num_inconsistent_stats: 0.

CodeHeap 'non-profiled nmethods': size=120000Kb used=4406Kb max_used=4501Kb free=115593Kb
 bounds [0x0000027e8ab70000, 0x0000027e8afe0000, 0x0000027e920a0000]
CodeHeap 'profiled nmethods': size=120000Kb used=14635Kb max_used=15236Kb free=105364Kb
 bounds [0x0000027e830a0000, 0x0000027e83fb0000, 0x0000027e8a5d0000]
CodeHeap 'non-nmethods': size=5760Kb used=2179Kb max_used=2223Kb free=3580Kb
 bounds [0x0000027e8a5d0000, 0x0000027e8a840000, 0x0000027e8ab70000]
CodeCache: size=245760Kb, used=21220Kb, max_used=21960Kb, free=224537Kb
 total_blobs=8814, nmethods=7961, adapters=757, full_count=0
Compilation: enabled, stopped_count=0, restarted_count=0

Compilation events (20 events):
Event: 35.653 Thread 0x0000027e9623cee0 nmethod 9541 0x0000027e8afd3610 code [0x0000027e8afd37e0, 0x0000027e8afd3cb0]
Event: 35.781 Thread 0x0000027e9623cee0 9542   !   4       java.util.zip.ZipFile$Source::readFullyAt (78 bytes)
Event: 35.786 Thread 0x0000027e9623cee0 nmethod 9542 0x0000027e8afd3f10 code [0x0000027e8afd40e0, 0x0000027e8afd4728]
Event: 35.805 Thread 0x0000027e96241880 9543       3       jdk.internal.org.objectweb.asm.ByteVector::putInt (74 bytes)
Event: 35.806 Thread 0x0000027e96241880 nmethod 9543 0x0000027e83abb710 code [0x0000027e83abb8c0, 0x0000027e83abbb10]
Event: 35.815 Thread 0x0000027e96241880 9544       3       sun.reflect.generics.reflectiveObjects.TypeVariableImpl::make (68 bytes)
Event: 35.816 Thread 0x0000027e96241880 nmethod 9544 0x0000027e830e5d90 code [0x0000027e830e6020, 0x0000027e830e6ce0]
Event: 35.816 Thread 0x0000027e96241880 9545       3       sun.reflect.annotation.AnnotationParser::parseConst (209 bytes)
Event: 35.818 Thread 0x0000027e96241880 nmethod 9545 0x0000027e83578890 code [0x0000027e83578ce0, 0x0000027e8357a618]
Event: 35.820 Thread 0x0000027e96241880 9546       3       org.objectweb.asm.SymbolTable::addConstantMethodHandle (208 bytes)
Event: 35.821 Thread 0x0000027e96241880 nmethod 9546 0x0000027e83931e90 code [0x0000027e83932140, 0x0000027e83932b80]
Event: 35.821 Thread 0x0000027e9623cee0 9547       4       org.objectweb.asm.AnnotationWriter::putAnnotations (67 bytes)
Event: 35.824 Thread 0x0000027e9623cee0 nmethod 9547 0x0000027e8afd4b90 code [0x0000027e8afd4d60, 0x0000027e8afd4f78]
Event: 35.834 Thread 0x0000027e96241880 9548       3       org.gradle.internal.instantiation.generator.AsmBackedClassGenerator$ClassBuilderImpl::access$5900 (4 bytes)
Event: 35.834 Thread 0x0000027e96241880 nmethod 9548 0x0000027e830e5a90 code [0x0000027e830e5c20, 0x0000027e830e5d18]
Event: 35.835 Thread 0x0000027e9623cee0 9549       4       org.objectweb.asm.Frame::getConcreteOutputType (111 bytes)
Event: 35.836 Thread 0x0000027e96241880 9550       1       org.gradle.api.internal.tasks.properties.annotations.OutputPropertyRoleAnnotationHandler::getAnnotationTypes (5 bytes)
Event: 35.836 Thread 0x0000027e96241880 nmethod 9550 0x0000027e8addf310 code [0x0000027e8addf4a0, 0x0000027e8addf568]
Event: 35.837 Thread 0x0000027e9623cee0 nmethod 9549 0x0000027e8afd5210 code [0x0000027e8afd53a0, 0x0000027e8afd5510]
Event: 35.837 Thread 0x0000027e9623cee0 9551       4       org.objectweb.asm.Type::getDescriptor (73 bytes)

GC Heap History (20 events):
Event: 25.484 GC heap before
{Heap before GC invocations=21 (full 0):
 garbage-first heap   total 76800K, used 70604K [0x0000000080000000, 0x0000000100000000)
  region size 1024K, 25 young (25600K), 2 survivors (2048K)
 Metaspace       used 74378K, committed 76160K, reserved 1114112K
  class space    used 10545K, committed 11392K, reserved 1048576K
}
Event: 25.489 GC heap after
{Heap after GC invocations=22 (full 0):
 garbage-first heap   total 76800K, used 48128K [0x0000000080000000, 0x0000000100000000)
  region size 1024K, 3 young (3072K), 3 survivors (3072K)
 Metaspace       used 74378K, committed 76160K, reserved 1114112K
  class space    used 10545K, committed 11392K, reserved 1048576K
}
Event: 26.693 GC heap before
{Heap before GC invocations=23 (full 0):
 garbage-first heap   total 80896K, used 70656K [0x0000000080000000, 0x0000000100000000)
  region size 1024K, 26 young (26624K), 3 survivors (3072K)
 Metaspace       used 77224K, committed 79104K, reserved 1179648K
  class space    used 11002K, committed 11904K, reserved 1048576K
}
Event: 26.699 GC heap after
{Heap after GC invocations=24 (full 0):
 garbage-first heap   total 80896K, used 49480K [0x0000000080000000, 0x0000000100000000)
  region size 1024K, 4 young (4096K), 4 survivors (4096K)
 Metaspace       used 77224K, committed 79104K, reserved 1179648K
  class space    used 11002K, committed 11904K, reserved 1048576K
}
Event: 29.773 GC heap before
{Heap before GC invocations=24 (full 0):
 garbage-first heap   total 80896K, used 74056K [0x0000000080000000, 0x0000000100000000)
  region size 1024K, 29 young (29696K), 4 survivors (4096K)
 Metaspace       used 78138K, committed 80000K, reserved 1179648K
  class space    used 11075K, committed 11968K, reserved 1048576K
}
Event: 29.788 GC heap after
{Heap after GC invocations=25 (full 0):
 garbage-first heap   total 82944K, used 52003K [0x0000000080000000, 0x0000000100000000)
  region size 1024K, 4 young (4096K), 4 survivors (4096K)
 Metaspace       used 78138K, committed 80000K, reserved 1179648K
  class space    used 11075K, committed 11968K, reserved 1048576K
}
Event: 30.969 GC heap before
{Heap before GC invocations=25 (full 0):
 garbage-first heap   total 82944K, used 75555K [0x0000000080000000, 0x0000000100000000)
  region size 1024K, 28 young (28672K), 4 survivors (4096K)
 Metaspace       used 78385K, committed 80256K, reserved 1179648K
  class space    used 11075K, committed 11968K, reserved 1048576K
}
Event: 30.978 GC heap after
{Heap after GC invocations=26 (full 0):
 garbage-first heap   total 82944K, used 53152K [0x0000000080000000, 0x0000000100000000)
  region size 1024K, 2 young (2048K), 2 survivors (2048K)
 Metaspace       used 78385K, committed 80256K, reserved 1179648K
  class space    used 11075K, committed 11968K, reserved 1048576K
}
Event: 31.871 GC heap before
{Heap before GC invocations=27 (full 0):
 garbage-first heap   total 91136K, used 75680K [0x0000000080000000, 0x0000000100000000)
  region size 1024K, 25 young (25600K), 2 survivors (2048K)
 Metaspace       used 78441K, committed 80320K, reserved 1179648K
  class space    used 11075K, committed 11968K, reserved 1048576K
}
Event: 31.875 GC heap after
{Heap after GC invocations=28 (full 0):
 garbage-first heap   total 91136K, used 53767K [0x0000000080000000, 0x0000000100000000)
  region size 1024K, 2 young (2048K), 2 survivors (2048K)
 Metaspace       used 78441K, committed 80320K, reserved 1179648K
  class space    used 11075K, committed 11968K, reserved 1048576K
}
Event: 32.812 GC heap before
{Heap before GC invocations=28 (full 0):
 garbage-first heap   total 91136K, used 83463K [0x0000000080000000, 0x0000000100000000)
  region size 1024K, 32 young (32768K), 2 survivors (2048K)
 Metaspace       used 78460K, committed 80320K, reserved 1179648K
  class space    used 11075K, committed 11968K, reserved 1048576K
}
Event: 32.819 GC heap after
{Heap after GC invocations=29 (full 0):
 garbage-first heap   total 91136K, used 54350K [0x0000000080000000, 0x0000000100000000)
  region size 1024K, 3 young (3072K), 3 survivors (3072K)
 Metaspace       used 78460K, committed 80320K, reserved 1179648K
  class space    used 11075K, committed 11968K, reserved 1048576K
}
Event: 33.521 GC heap before
{Heap before GC invocations=29 (full 0):
 garbage-first heap   total 91136K, used 72782K [0x0000000080000000, 0x0000000100000000)
  region size 1024K, 22 young (22528K), 3 survivors (3072K)
 Metaspace       used 78814K, committed 80704K, reserved 1179648K
  class space    used 11121K, committed 12032K, reserved 1048576K
}
Event: 33.528 GC heap after
{Heap after GC invocations=30 (full 0):
 garbage-first heap   total 91136K, used 56706K [0x0000000080000000, 0x0000000100000000)
  region size 1024K, 4 young (4096K), 4 survivors (4096K)
 Metaspace       used 78814K, committed 80704K, reserved 1179648K
  class space    used 11121K, committed 12032K, reserved 1048576K
}
Event: 34.340 GC heap before
{Heap before GC invocations=31 (full 0):
 garbage-first heap   total 99328K, used 92546K [0x0000000080000000, 0x0000000100000000)
  region size 1024K, 31 young (31744K), 4 survivors (4096K)
 Metaspace       used 80159K, committed 82048K, reserved 1179648K
  class space    used 11272K, committed 12160K, reserved 1048576K
}
Event: 34.357 GC heap after
{Heap after GC invocations=32 (full 0):
 garbage-first heap   total 105472K, used 72336K [0x0000000080000000, 0x0000000100000000)
  region size 1024K, 4 young (4096K), 4 survivors (4096K)
 Metaspace       used 80159K, committed 82048K, reserved 1179648K
  class space    used 11272K, committed 12160K, reserved 1048576K
}
Event: 35.055 GC heap before
{Heap before GC invocations=32 (full 0):
 garbage-first heap   total 105472K, used 95888K [0x0000000080000000, 0x0000000100000000)
  region size 1024K, 27 young (27648K), 4 survivors (4096K)
 Metaspace       used 81840K, committed 83712K, reserved 1179648K
  class space    used 11510K, committed 12416K, reserved 1048576K
}
Event: 35.061 GC heap after
{Heap after GC invocations=33 (full 0):
 garbage-first heap   total 105472K, used 73454K [0x0000000080000000, 0x0000000100000000)
  region size 1024K, 1 young (1024K), 1 survivors (1024K)
 Metaspace       used 81840K, committed 83712K, reserved 1179648K
  class space    used 11510K, committed 12416K, reserved 1048576K
}
Event: 35.706 GC heap before
{Heap before GC invocations=33 (full 0):
 garbage-first heap   total 105472K, used 97006K [0x0000000080000000, 0x0000000100000000)
  region size 1024K, 24 young (24576K), 1 survivors (1024K)
 Metaspace       used 83881K, committed 85824K, reserved 1179648K
  class space    used 11716K, committed 12608K, reserved 1048576K
}
Event: 35.711 GC heap after
{Heap after GC invocations=34 (full 0):
 garbage-first heap   total 105472K, used 73918K [0x0000000080000000, 0x0000000100000000)
  region size 1024K, 2 young (2048K), 2 survivors (2048K)
 Metaspace       used 83881K, committed 85824K, reserved 1179648K
  class space    used 11716K, committed 12608K, reserved 1048576K
}

Dll operation events (3 events):
Event: 0.033 Loaded shared library C:\Program Files\Android\Android Studio\jbr\bin\java.dll
Event: 0.045 Loaded shared library C:\Program Files\Android\Android Studio\jbr\bin\zip.dll
Event: 2.033 Loaded shared library C:\Program Files\Android\Android Studio\jbr\bin\verify.dll

Deoptimization events (20 events):
Event: 34.907 Thread 0x0000027e9c0559f0 Uncommon trap: trap_request=0xffffff45 fr.pc=0x0000027e8acc559c relative=0x0000000000001cfc
Event: 34.907 Thread 0x0000027e9c0559f0 Uncommon trap: reason=unstable_if action=reinterpret pc=0x0000027e8acc559c method=java.util.zip.InflaterInputStream.read([BII)I @ 94 c2
Event: 34.907 Thread 0x0000027e9c0559f0 DEOPT PACKING pc=0x0000027e8acc559c sp=0x000000b01e3f4770
Event: 34.907 Thread 0x0000027e9c0559f0 DEOPT UNPACKING pc=0x0000027e8a627aa2 sp=0x000000b01e3f47d0 mode 2
Event: 35.241 Thread 0x0000027e9c0559f0 Uncommon trap: trap_request=0xffffffc6 fr.pc=0x0000027e8af895ac relative=0x000000000000036c
Event: 35.241 Thread 0x0000027e9c0559f0 Uncommon trap: reason=bimorphic_or_optimized_type_check action=maybe_recompile pc=0x0000027e8af895ac method=com.google.common.collect.NaturalOrdering.compare(Ljava/lang/Comparable;Ljava/lang/Comparable;)I @ 12 c2
Event: 35.241 Thread 0x0000027e9c0559f0 DEOPT PACKING pc=0x0000027e8af895ac sp=0x000000b01e3f6180
Event: 35.241 Thread 0x0000027e9c0559f0 DEOPT UNPACKING pc=0x0000027e8a627aa2 sp=0x000000b01e3f6090 mode 2
Event: 35.241 Thread 0x0000027e9c0559f0 Uncommon trap: trap_request=0xffffffc6 fr.pc=0x0000027e8af895ac relative=0x000000000000036c
Event: 35.241 Thread 0x0000027e9c0559f0 Uncommon trap: reason=bimorphic_or_optimized_type_check action=maybe_recompile pc=0x0000027e8af895ac method=com.google.common.collect.NaturalOrdering.compare(Ljava/lang/Comparable;Ljava/lang/Comparable;)I @ 12 c2
Event: 35.241 Thread 0x0000027e9c0559f0 DEOPT PACKING pc=0x0000027e8af895ac sp=0x000000b01e3f6340
Event: 35.241 Thread 0x0000027e9c0559f0 DEOPT UNPACKING pc=0x0000027e8a627aa2 sp=0x000000b01e3f6268 mode 2
Event: 35.273 Thread 0x0000027e9c0559f0 Uncommon trap: trap_request=0xffffffde fr.pc=0x0000027e8aedc7c8 relative=0x00000000000070c8
Event: 35.273 Thread 0x0000027e9c0559f0 Uncommon trap: reason=class_check action=maybe_recompile pc=0x0000027e8aedc7c8 method=java.util.jar.JarFile.getManifestFromReference()Ljava/util/jar/Manifest; @ 152 c2
Event: 35.273 Thread 0x0000027e9c0559f0 DEOPT PACKING pc=0x0000027e8aedc7c8 sp=0x000000b01e3f6030
Event: 35.273 Thread 0x0000027e9c0559f0 DEOPT UNPACKING pc=0x0000027e8a627aa2 sp=0x000000b01e3f5e38 mode 2
Event: 35.724 Thread 0x0000027e96206db0 Uncommon trap: trap_request=0xffffffc6 fr.pc=0x0000027e8ada3f24 relative=0x0000000000000d24
Event: 35.724 Thread 0x0000027e96206db0 Uncommon trap: reason=bimorphic_or_optimized_type_check action=maybe_recompile pc=0x0000027e8ada3f24 method=jdk.internal.ref.PhantomCleanable.clean()V @ 12 c2
Event: 35.724 Thread 0x0000027e96206db0 DEOPT PACKING pc=0x0000027e8ada3f24 sp=0x000000b01d0ff420
Event: 35.724 Thread 0x0000027e96206db0 DEOPT UNPACKING pc=0x0000027e8a627aa2 sp=0x000000b01d0ff430 mode 2

Classes loaded (20 events):
Event: 35.801 Loading class java/time/format/DateTimeFormatterBuilder$NanosPrinterParser
Event: 35.801 Loading class java/time/format/DateTimeFormatterBuilder$NanosPrinterParser done
Event: 35.801 Loading class java/time/format/DateTimeFormatterBuilder$ZoneIdPrinterParser
Event: 35.802 Loading class java/time/format/DateTimeFormatterBuilder$ZoneIdPrinterParser done
Event: 35.802 Loading class java/time/format/DateTimeFormatterBuilder$StringLiteralPrinterParser
Event: 35.802 Loading class java/time/format/DateTimeFormatterBuilder$StringLiteralPrinterParser done
Event: 35.802 Loading class java/time/format/DateTimeFormatterBuilder$InstantPrinterParser
Event: 35.802 Loading class java/time/format/DateTimeFormatterBuilder$InstantPrinterParser done
Event: 35.803 Loading class java/time/format/DateTimeTextProvider$LocaleStore
Event: 35.803 Loading class java/time/format/DateTimeTextProvider$LocaleStore done
Event: 35.803 Loading class java/time/format/DateTimeTextProvider
Event: 35.804 Loading class java/time/format/DateTimeTextProvider done
Event: 35.804 Loading class java/time/format/DateTimeTextProvider$1
Event: 35.804 Loading class java/time/format/DateTimeTextProvider$1 done
Event: 35.804 Loading class java/time/format/DateTimeFormatterBuilder$1
Event: 35.804 Loading class java/time/format/DateTimeFormatterBuilder$1 done
Event: 35.805 Loading class java/time/format/DateTimeFormatterBuilder$TextPrinterParser
Event: 35.805 Loading class java/time/format/DateTimeFormatterBuilder$TextPrinterParser done
Event: 35.806 Loading class java/util/concurrent/Executors$DefaultThreadFactory
Event: 35.807 Loading class java/util/concurrent/Executors$DefaultThreadFactory done

Classes unloaded (0 events):
No events

Classes redefined (0 events):
No events

Internal exceptions (20 events):
Event: 35.755 Thread 0x0000027e9c0559f0 Exception <a 'sun/nio/fs/WindowsException'{0x0000000087ba8a80}> (0x0000000087ba8a80) 
thrown [s\src\hotspot\share\prims\jni.cpp, line 537]
Event: 35.756 Thread 0x0000027e9c0559f0 Exception <a 'sun/nio/fs/WindowsException'{0x0000000087bb8e00}> (0x0000000087bb8e00) 
thrown [s\src\hotspot\share\prims\jni.cpp, line 537]
Event: 35.758 Thread 0x0000027e9c0559f0 Exception <a 'sun/nio/fs/WindowsException'{0x0000000087be9ba8}> (0x0000000087be9ba8) 
thrown [s\src\hotspot\share\prims\jni.cpp, line 537]
Event: 35.761 Thread 0x0000027e9c0559f0 Exception <a 'sun/nio/fs/WindowsException'{0x0000000085e1dee8}> (0x0000000085e1dee8) 
thrown [s\src\hotspot\share\prims\jni.cpp, line 537]
Event: 35.762 Thread 0x0000027e9c0559f0 Exception <a 'sun/nio/fs/WindowsException'{0x0000000085e45c90}> (0x0000000085e45c90) 
thrown [s\src\hotspot\share\prims\jni.cpp, line 537]
Event: 35.765 Thread 0x0000027e9c0559f0 Exception <a 'sun/nio/fs/WindowsException'{0x0000000085e6b510}> (0x0000000085e6b510) 
thrown [s\src\hotspot\share\prims\jni.cpp, line 537]
Event: 35.766 Thread 0x0000027e9c0559f0 Exception <a 'sun/nio/fs/WindowsException'{0x0000000085e789c8}> (0x0000000085e789c8) 
thrown [s\src\hotspot\share\prims\jni.cpp, line 537]
Event: 35.772 Thread 0x0000027e9c0559f0 Exception <a 'sun/nio/fs/WindowsException'{0x0000000085e89460}> (0x0000000085e89460) 
thrown [s\src\hotspot\share\prims\jni.cpp, line 537]
Event: 35.773 Thread 0x0000027e9c0559f0 Exception <a 'sun/nio/fs/WindowsException'{0x0000000085e9ea90}> (0x0000000085e9ea90) 
thrown [s\src\hotspot\share\prims\jni.cpp, line 537]
Event: 35.778 Thread 0x0000027e9c0559f0 Exception <a 'sun/nio/fs/WindowsException'{0x0000000085eaf0c0}> (0x0000000085eaf0c0) 
thrown [s\src\hotspot\share\prims\jni.cpp, line 537]
Event: 35.781 Thread 0x0000027e9c0559f0 Exception <a 'sun/nio/fs/WindowsException'{0x0000000085ed1f78}> (0x0000000085ed1f78) 
thrown [s\src\hotspot\share\prims\jni.cpp, line 537]
Event: 35.809 Thread 0x0000027e9c0559f0 Exception <a 'sun/nio/fs/WindowsException'{0x0000000085d1a5d8}> (0x0000000085d1a5d8) 
thrown [s\src\hotspot\share\prims\jni.cpp, line 537]
Event: 35.811 Thread 0x0000027e9c0559f0 Exception <a 'sun/nio/fs/WindowsException'{0x0000000085d29208}> (0x0000000085d29208) 
thrown [s\src\hotspot\share\prims\jni.cpp, line 537]
Event: 35.812 Thread 0x0000027e9c0559f0 Exception <a 'sun/nio/fs/WindowsException'{0x0000000085d4a380}> (0x0000000085d4a380) 
thrown [s\src\hotspot\share\prims\jni.cpp, line 537]
Event: 35.814 Thread 0x0000027e9c0559f0 Exception <a 'sun/nio/fs/WindowsException'{0x0000000085d6d420}> (0x0000000085d6d420) 
thrown [s\src\hotspot\share\prims\jni.cpp, line 537]
Event: 35.815 Thread 0x0000027e9c0559f0 Exception <a 'sun/nio/fs/WindowsException'{0x0000000085d89aa8}> (0x0000000085d89aa8) 
thrown [s\src\hotspot\share\prims\jni.cpp, line 537]
Event: 35.827 Thread 0x0000027e9c0559f0 Exception <a 'sun/nio/fs/WindowsException'{0x0000000085dd7b28}> (0x0000000085dd7b28) 
thrown [s\src\hotspot\share\prims\jni.cpp, line 537]
Event: 35.829 Thread 0x0000027e9c0559f0 Exception <a 'sun/nio/fs/WindowsException'{0x0000000085de9800}> (0x0000000085de9800) 
thrown [s\src\hotspot\share\prims\jni.cpp, line 537]
Event: 35.830 Thread 0x0000027e9c0559f0 Exception <a 'sun/nio/fs/WindowsException'{0x0000000085dfdf40}> (0x0000000085dfdf40) 
thrown [s\src\hotspot\share\prims\jni.cpp, line 537]
Event: 35.832 Thread 0x0000027e9c0559f0 Exception <a 'sun/nio/fs/WindowsException'{0x0000000085c138b0}> (0x0000000085c138b0) 
thrown [s\src\hotspot\share\prims\jni.cpp, line 537]

ZGC Phase Switch (0 events):
No events

VM Operations (20 events):
Event: 31.106 Executing safepoint VM operation: G1PauseRemark done
Event: 31.145 Executing safepoint VM operation: G1PauseCleanup
Event: 31.154 Executing safepoint VM operation: G1PauseCleanup done
Event: 31.871 Executing safepoint VM operation: G1CollectForAllocation (G1 Evacuation Pause)
Event: 31.875 Executing safepoint VM operation: G1CollectForAllocation (G1 Evacuation Pause) done
Event: 32.812 Executing safepoint VM operation: G1CollectForAllocation (G1 Evacuation Pause)
Event: 32.819 Executing safepoint VM operation: G1CollectForAllocation (G1 Evacuation Pause) done
Event: 33.520 Executing safepoint VM operation: G1TryInitiateConcMark (G1 Humongous Allocation)
Event: 33.528 Executing safepoint VM operation: G1TryInitiateConcMark (G1 Humongous Allocation) done
Event: 33.654 Executing safepoint VM operation: G1PauseRemark
Event: 33.661 Executing safepoint VM operation: G1PauseRemark done
Event: 33.706 Executing safepoint VM operation: G1PauseCleanup
Event: 33.706 Executing safepoint VM operation: G1PauseCleanup done
Event: 34.340 Executing safepoint VM operation: G1CollectForAllocation (G1 Evacuation Pause)
Event: 34.357 Executing safepoint VM operation: G1CollectForAllocation (G1 Evacuation Pause) done
Event: 35.055 Executing safepoint VM operation: G1CollectForAllocation (G1 Evacuation Pause)
Event: 35.061 Executing safepoint VM operation: G1CollectForAllocation (G1 Evacuation Pause) done
Event: 35.706 Executing safepoint VM operation: G1CollectForAllocation (G1 Evacuation Pause)
Event: 35.711 Executing safepoint VM operation: G1CollectForAllocation (G1 Evacuation Pause) done
Event: 35.838 Executing safepoint VM operation: G1PauseRemark

Memory protections (0 events):
No events

Nmethod flushes (20 events):
Event: 35.846 Thread 0x0000027efff43860 flushing  nmethod 0x0000027e83545010
Event: 35.846 Thread 0x0000027efff43860 flushing  nmethod 0x0000027e837a9610
Event: 35.846 Thread 0x0000027efff43860 flushing  nmethod 0x0000027e837f6210
Event: 35.846 Thread 0x0000027efff43860 flushing  nmethod 0x0000027e8380b590
Event: 35.846 Thread 0x0000027efff43860 flushing  nmethod 0x0000027e83868490
Event: 35.846 Thread 0x0000027efff43860 flushing  nmethod 0x0000027e83961b10
Event: 35.846 Thread 0x0000027efff43860 flushing  nmethod 0x0000027e83962b10
Event: 35.846 Thread 0x0000027efff43860 flushing  nmethod 0x0000027e83963090
Event: 35.846 Thread 0x0000027efff43860 flushing  nmethod 0x0000027e83963b90
Event: 35.846 Thread 0x0000027efff43860 flushing  nmethod 0x0000027e83966490
Event: 35.846 Thread 0x0000027efff43860 flushing  nmethod 0x0000027e83967510
Event: 35.846 Thread 0x0000027efff43860 flushing  nmethod 0x0000027e839af610
Event: 35.846 Thread 0x0000027efff43860 flushing  nmethod 0x0000027e839b1f10
Event: 35.846 Thread 0x0000027efff43860 flushing  nmethod 0x0000027e839b6a10
Event: 35.846 Thread 0x0000027efff43860 flushing  nmethod 0x0000027e839b7a90
Event: 35.846 Thread 0x0000027efff43860 flushing  nmethod 0x0000027e839b8490
Event: 35.846 Thread 0x0000027efff43860 flushing  nmethod 0x0000027e83b41710
Event: 35.846 Thread 0x0000027efff43860 flushing  nmethod 0x0000027e83bf8c90
Event: 35.846 Thread 0x0000027efff43860 flushing  nmethod 0x0000027e83c2cb10
Event: 35.846 Thread 0x0000027efff43860 flushing  nmethod 0x0000027e83df0990

Events (20 events):
Event: 13.195 Thread 0x0000027e9c0559f0 Thread added: 0x0000027e9d4335c0
Event: 13.303 Thread 0x0000027e9c0559f0 Thread added: 0x0000027e9d430e60
Event: 14.618 Thread 0x0000027e9c0559f0 Thread added: 0x0000027e9d432210
Event: 16.464 Thread 0x0000027e9c0559f0 Thread added: 0x0000027e9d433c50
Event: 16.468 Thread 0x0000027e9c0559f0 Thread added: 0x0000027e9f3ab220
Event: 16.471 Thread 0x0000027e9c0559f0 Thread added: 0x0000027e9f3ad980
Event: 16.596 Thread 0x0000027e9c0559f0 Thread added: 0x0000027e9f3aa500
Event: 17.254 Thread 0x0000027e9c0559f0 Thread added: 0x0000027e9f3ab8b0
Event: 21.409 Thread 0x0000027e96241880 Thread added: 0x0000027e9e82f7f0
Event: 21.606 Thread 0x0000027e9e82f7f0 Thread exited: 0x0000027e9e82f7f0
Event: 21.635 Thread 0x0000027e96241880 Thread added: 0x0000027e9e82f7f0
Event: 21.976 Thread 0x0000027e9e82f7f0 Thread exited: 0x0000027e9e82f7f0
Event: 25.169 Thread 0x0000027e96241880 Thread added: 0x0000027e9f59d800
Event: 26.868 Thread 0x0000027e9f59d800 Thread exited: 0x0000027e9f59d800
Event: 31.443 Thread 0x0000027e96241880 Thread added: 0x0000027e9b4f8530
Event: 32.157 Thread 0x0000027e9b4f8530 Thread exited: 0x0000027e9b4f8530
Event: 32.653 Thread 0x0000027e9623cee0 Thread added: 0x0000027e9f01fdd0
Event: 33.114 Thread 0x0000027e9f01fdd0 Thread exited: 0x0000027e9f01fdd0
Event: 34.399 Thread 0x0000027e96241880 Thread added: 0x0000027e9e4166d0
Event: 34.851 Thread 0x0000027e9e4166d0 Thread exited: 0x0000027e9e4166d0


Dynamic libraries:
0x00007ff6de7b0000 - 0x00007ff6de7ba000 	C:\Program Files\Android\Android Studio\jbr\bin\java.exe
0x00007ffb50410000 - 0x00007ffb50628000 	C:\Windows\SYSTEM32\ntdll.dll
0x00007ffb4f2b0000 - 0x00007ffb4f374000 	C:\Windows\System32\KERNEL32.DLL
0x00007ffb4d7b0000 - 0x00007ffb4db83000 	C:\Windows\System32\KERNELBASE.dll
0x00007ffb4d550000 - 0x00007ffb4d661000 	C:\Windows\System32\ucrtbase.dll
0x00007ffb49660000 - 0x00007ffb4967b000 	C:\Program Files\Android\Android Studio\jbr\bin\VCRUNTIME140.dll
0x00007ffb49640000 - 0x00007ffb49658000 	C:\Program Files\Android\Android Studio\jbr\bin\jli.dll
0x00007ffb3d0c0000 - 0x00007ffb3d35c000 	C:\Windows\WinSxS\amd64_microsoft.windows.common-controls_6595b64144ccf1df_6.0.22621.6060_none_2712eda17382d24b\COMCTL32.dll
0x00007ffb4f0d0000 - 0x00007ffb4f282000 	C:\Windows\System32\USER32.dll
0x00007ffb4ebd0000 - 0x00007ffb4ec77000 	C:\Windows\System32\msvcrt.dll
0x00007ffb4ec80000 - 0x00007ffb4eca9000 	C:\Windows\System32\GDI32.dll
0x00007ffb4e080000 - 0x00007ffb4e0a6000 	C:\Windows\System32\win32u.dll
0x00007ffb4df60000 - 0x00007ffb4e07b000 	C:\Windows\System32\gdi32full.dll
0x00007ffb4dd00000 - 0x00007ffb4dd9a000 	C:\Windows\System32\msvcp_win.dll
0x00007ffb4e0b0000 - 0x00007ffb4e0e1000 	C:\Windows\System32\IMM32.DLL
0x00007ffb490c0000 - 0x00007ffb490cc000 	C:\Program Files\Android\Android Studio\jbr\bin\vcruntime140_1.dll
0x00007ffb1bee0000 - 0x00007ffb1bf6d000 	C:\Program Files\Android\Android Studio\jbr\bin\msvcp140.dll
0x00007ffabd280000 - 0x00007ffabdf16000 	C:\Program Files\Android\Android Studio\jbr\bin\server\jvm.dll
0x00007ffb4fc60000 - 0x00007ffb4fd11000 	C:\Windows\System32\ADVAPI32.dll
0x00007ffb4fb50000 - 0x00007ffb4fbf8000 	C:\Windows\System32\sechost.dll
0x00007ffb4d520000 - 0x00007ffb4d548000 	C:\Windows\System32\bcrypt.dll
0x00007ffb4e200000 - 0x00007ffb4e318000 	C:\Windows\System32\RPCRT4.dll
0x00007ffb501a0000 - 0x00007ffb50211000 	C:\Windows\System32\WS2_32.dll
0x00007ffb4c330000 - 0x00007ffb4c37d000 	C:\Windows\SYSTEM32\POWRPROF.dll
0x00007ffb44770000 - 0x00007ffb447a4000 	C:\Windows\SYSTEM32\WINMM.dll
0x00007ffb43760000 - 0x00007ffb4376a000 	C:\Windows\SYSTEM32\VERSION.dll
0x00007ffb4c310000 - 0x00007ffb4c323000 	C:\Windows\SYSTEM32\UMPDC.dll
0x00007ffb4c5b0000 - 0x00007ffb4c5c8000 	C:\Windows\SYSTEM32\kernel.appcore.dll
0x00007ffb48df0000 - 0x00007ffb48dfa000 	C:\Program Files\Android\Android Studio\jbr\bin\jimage.dll
0x00007ffb4ab90000 - 0x00007ffb4adc3000 	C:\Windows\SYSTEM32\DBGHELP.DLL
0x00007ffb4ecb0000 - 0x00007ffb4f041000 	C:\Windows\System32\combase.dll
0x00007ffb500b0000 - 0x00007ffb50188000 	C:\Windows\System32\OLEAUT32.dll
0x00007ffb2aea0000 - 0x00007ffb2aed2000 	C:\Windows\SYSTEM32\dbgcore.DLL
0x00007ffb4dee0000 - 0x00007ffb4df5b000 	C:\Windows\System32\bcryptPrimitives.dll
0x00007ffb46550000 - 0x00007ffb4655e000 	C:\Program Files\Android\Android Studio\jbr\bin\instrument.dll
0x00007ffb48dd0000 - 0x00007ffb48df0000 	C:\Program Files\Android\Android Studio\jbr\bin\java.dll
0x00007ffb44750000 - 0x00007ffb44768000 	C:\Program Files\Android\Android Studio\jbr\bin\zip.dll
0x00007ffb4e330000 - 0x00007ffb4ebcc000 	C:\Windows\System32\SHELL32.dll
0x00007ffb4d670000 - 0x00007ffb4d7af000 	C:\Windows\System32\wintypes.dll
0x00007ffb4b3e0000 - 0x00007ffb4bcfa000 	C:\Windows\SYSTEM32\windows.storage.dll
0x00007ffb4f970000 - 0x00007ffb4fa74000 	C:\Windows\System32\SHCORE.dll
0x00007ffb4fd20000 - 0x00007ffb4fd89000 	C:\Windows\System32\shlwapi.dll
0x00007ffb4d450000 - 0x00007ffb4d475000 	C:\Windows\SYSTEM32\profapi.dll
0x00007ffb48dc0000 - 0x00007ffb48dd0000 	C:\Program Files\Android\Android Studio\jbr\bin\net.dll
0x00007ffb48ef0000 - 0x00007ffb4901c000 	C:\Windows\SYSTEM32\WINHTTP.dll
0x00007ffb4ca90000 - 0x00007ffb4caf9000 	C:\Windows\system32\mswsock.dll
0x00007ffb3fe50000 - 0x00007ffb3fe66000 	C:\Program Files\Android\Android Studio\jbr\bin\nio.dll
0x00007ffb49630000 - 0x00007ffb49640000 	C:\Program Files\Android\Android Studio\jbr\bin\verify.dll
0x00007ffb47270000 - 0x00007ffb47297000 	C:\Users\prave\.gradle\native\660c5614fbf4a5f2a75b1949f50a0caf5cd603558e7d8a26e50b933a0cfb79d1\windows-amd64\native-platform.dll
0x00007ffb1b3c0000 - 0x00007ffb1b437000 	C:\Users\prave\.gradle\native\0.2.8\x86_64-windows-gnu\gradle-fileevents.dll
0x00007ffb47260000 - 0x00007ffb47269000 	C:\Program Files\Android\Android Studio\jbr\bin\management.dll
0x00007ffb47200000 - 0x00007ffb4720b000 	C:\Program Files\Android\Android Studio\jbr\bin\management_ext.dll
0x00007ffb4e320000 - 0x00007ffb4e328000 	C:\Windows\System32\PSAPI.DLL
0x00007ffb4bfd0000 - 0x00007ffb4bffd000 	C:\Windows\SYSTEM32\IPHLPAPI.DLL
0x00007ffb4fa90000 - 0x00007ffb4fa99000 	C:\Windows\System32\NSI.dll
0x00007ffb489d0000 - 0x00007ffb489d9000 	C:\Program Files\Android\Android Studio\jbr\bin\extnet.dll
0x00007ffb4cd20000 - 0x00007ffb4cd3b000 	C:\Windows\SYSTEM32\CRYPTSP.dll
0x00007ffb4c510000 - 0x00007ffb4c547000 	C:\Windows\system32\rsaenh.dll
0x00007ffb4cba0000 - 0x00007ffb4cbc8000 	C:\Windows\SYSTEM32\USERENV.dll
0x00007ffb4cd40000 - 0x00007ffb4cd4c000 	C:\Windows\SYSTEM32\CRYPTBASE.dll
0x00007ffb40210000 - 0x00007ffb40218000 	C:\Windows\system32\wshunix.dll
0x00007ffb4c040000 - 0x00007ffb4c138000 	C:\Windows\SYSTEM32\DNSAPI.dll
0x00007ffb435b0000 - 0x00007ffb435ba000 	C:\Windows\System32\rasadhlp.dll
0x00007ffb43770000 - 0x00007ffb437f4000 	C:\Windows\System32\fwpuclnt.dll

JVMTI agents:
C:\Users\prave\.gradle\wrapper\dists\gradle-9.4.1-bin\arn2x92ynaizyzdaamcbpbhtj\gradle-9.4.1\lib\agents\gradle-instrumentation-agent-9.4.1.jar path:C:\Program Files\Android\Android Studio\jbr\bin\instrument.dll, loaded, initialized, instrumentlib options:none

dbghelp: loaded successfully - version: 4.0.5 - missing functions: none
symbol engine: initialized successfully - sym options: 0x614 - pdb path: .;C:\Program Files\Android\Android Studio\jbr\bin;C:\Windows\SYSTEM32;C:\Windows\WinSxS\amd64_microsoft.windows.common-controls_6595b64144ccf1df_6.0.22621.6060_none_2712eda17382d24b;C:\Program Files\Android\Android Studio\jbr\bin\server;C:\Users\prave\.gradle\native\660c5614fbf4a5f2a75b1949f50a0caf5cd603558e7d8a26e50b933a0cfb79d1\windows-amd64;C:\Users\prave\.gradle\native\0.2.8\x86_64-windows-gnu

VM Arguments:
jvm_args: --add-opens=java.base/java.lang=ALL-UNNAMED --add-opens=java.base/java.lang.invoke=ALL-UNNAMED --add-opens=java.base/java.util=ALL-UNNAMED --add-opens=java.prefs/java.util.prefs=ALL-UNNAMED --add-exports=jdk.compiler/com.sun.tools.javac.api=ALL-UNNAMED --add-exports=jdk.compiler/com.sun.tools.javac.util=ALL-UNNAMED --add-opens=java.base/java.util=ALL-UNNAMED --add-opens=java.prefs/java.util.prefs=ALL-UNNAMED --add-opens=java.base/java.nio.charset=ALL-UNNAMED --add-opens=java.base/java.net=ALL-UNNAMED --add-opens=java.base/java.util.concurrent=ALL-UNNAMED --add-opens=java.base/java.util.concurrent.atomic=ALL-UNNAMED --add-opens=java.xml/javax.xml.namespace=ALL-UNNAMED --add-opens=java.base/java.time=ALL-UNNAMED -Xmx2048m -Dfile.encoding=UTF-8 -Duser.country=IN -Duser.language=en -Duser.variant -javaagent:C:\Users\prave\.gradle\wrapper\dists\gradle-9.4.1-bin\arn2x92ynaizyzdaamcbpbhtj\gradle-9.4.1\lib\agents\gradle-instrumentation-agent-9.4.1.jar 
java_command: org.gradle.launcher.daemon.bootstrap.GradleDaemon 9.4.1
java_class_path (initial): C:\Users\prave\.gradle\wrapper\dists\gradle-9.4.1-bin\arn2x92ynaizyzdaamcbpbhtj\gradle-9.4.1\lib\gradle-daemon-main-9.4.1.jar
Launcher Type: SUN_STANDARD

[Global flags]
     intx CICompilerCount                          = 3                                         {product} {ergonomic}
     uint ConcGCThreads                            = 1                                         {product} {ergonomic}
     uint G1ConcRefinementThreads                  = 4                                         {product} {ergonomic}
   size_t G1HeapRegionSize                         = 1048576                                   {product} {ergonomic}
    uintx GCDrainStackTargetSize                   = 64                                        {product} {ergonomic}
   size_t InitialHeapSize                          = 130023424                                 {product} {ergonomic}
   size_t MarkStackSize                            = 4194304                                   {product} {ergonomic}
   size_t MaxHeapSize                              = 2147483648                                {product} {command line}
   size_t MaxNewSize                               = 1287651328                                {product} {ergonomic}
   size_t MinHeapDeltaBytes                        = 1048576                                   {product} {ergonomic}
   size_t MinHeapSize                              = 8388608                                   {product} {ergonomic}
    uintx NonNMethodCodeHeapSize                   = 5832780                                {pd product} {ergonomic}
    uintx NonProfiledCodeHeapSize                  = 122912730                              {pd product} {ergonomic}
    uintx ProfiledCodeHeapSize                     = 122912730                              {pd product} {ergonomic}
    uintx ReservedCodeCacheSize                    = 251658240                              {pd product} {ergonomic}
     bool SegmentedCodeCache                       = true                                      {product} {ergonomic}
   size_t SoftMaxHeapSize                          = 2147483648                             {manageable} {ergonomic}
     bool UseCompressedOops                        = true                           {product lp64_product} {ergonomic}
     bool UseG1GC                                  = true                                      {product} {ergonomic}
     bool UseLargePagesIndividualAllocation        = false                                  {pd product} {ergonomic}

Logging:
Log output configuration:
 #0: stdout all=warning uptime,level,tags foldmultilines=false
 #1: stderr all=off uptime,level,tags foldmultilines=false

Release file:
JAVA_VERSION="21.0.10" 
MODULES="java.base java.compiler java.datatransfer java.xml java.prefs java.desktop java.instrument java.logging java.management java.security.sasl java.naming java.rmi java.management.rmi java.net.http java.scripting java.security.jgss java.transaction.xa java.sql java.sql.rowset java.xml.crypto java.se java.smartcardio jdk.accessibility jdk.internal.jvmstat jdk.attach jdk.charsets jdk.internal.opt jdk.zipfs jdk.compiler jdk.crypto.ec jdk.crypto.cryptoki jdk.dynalink jdk.hotspot.agent jdk.httpserver jdk.internal.ed jdk.internal.le jdk.internal.vm.ci jdk.jartool jdk.javadoc jdk.jcmd jdk.jdeps jdk.jdwp.agent jdk.jdi jdk.jfr jdk.jlink jdk.jsobject jdk.localedata jdk.management jdk.management.agent jdk.management.jfr jdk.naming.dns jdk.naming.rmi jdk.net jdk.sctp jdk.security.auth jdk.security.jgss jdk.unsupported jdk.unsupported.desktop jdk.xml.dom" 
IMPLEMENTOR="JetBrains s.r.o." 
JAVA_RUNTIME_VERSION="21.0.10+-14961533-b1163.108" 
LIBC="default" 
OS_ARCH="x86_64" 
OS_NAME="Windows" 
SOURCE=".:git:1351622c2ff2" 

Environment Variables:
PATH=C:\Program Files\Python312\Scripts\;C:\Program Files\Python312\;C:\Windows\system32;C:\Windows;C:\Windows\System32\Wbem;C:\Windows\System32\WindowsPowerShell\v1.0\;C:\Windows\System32\OpenSSH\;C:\Program Files\dotnet\;C:\Program Files\IBM\SPSS\Statistics\23\JRE\bin;C:\Program Files\nodejs\;C:\ProgramData\chocolatey\bin;C:\Users\prave\AppData\Local\Programs\Python\Python314\Scripts\;C:\Users\prave\AppData\Local\Programs\Python\Python314\;C:\altera\91sp2\modelsim_ase\win32aloem;C:\altera\91sp2\modelsim_ase\modelsim_ase\win32aloem;C:\Users\prave\AppData\Local\Microsoft\WindowsApps;;C:\Users\prave\AppData\Local\Programs\Microsoft VS Code\bin;C:\Modeltech_pe_edu_10.3a\win32pe_edu;C:\Users\prave\AppData\Roaming\npm;C:\Users\prave\AppData\Local\Programs\Antigravity\bin
USERNAME=prave
OS=Windows_NT
PROCESSOR_IDENTIFIER=Intel64 Family 6 Model 140 Stepping 1, GenuineIntel
TMP=C:\Users\prave\AppData\Local\Temp
TEMP=C:\Users\prave\AppData\Local\Temp




Periodic native trim disabled

JNI global refs:
JNI global refs: 28, weak refs: 0

JNI global refs memory usage: 835, weak refs: 833

Process memory usage:
Resident Set Size: 318668K (3% of 8121124K total physical memory with 396824K free physical memory)

OOME stack traces (most recent first):
Classloader memory used:
Loader org.gradle.internal.classloader.VisitableURLClassLoader                         : 39258K
Loader bootstrap                                                                       : 28102K
Loader org.gradle.initialization.MixInLegacyTypesClassLoader                           : 11293K
Loader org.gradle.internal.classloader.VisitableURLClassLoader$InstrumentingVisitableURLClassLoader: 4743K
Loader jdk.internal.loader.ClassLoaders$PlatformClassLoader                            : 444K
Loader jdk.internal.loader.ClassLoaders$AppClassLoader                                 : 189K
Loader jdk.internal.reflect.DelegatingClassLoader                                      : 162K
Loader org.gradle.internal.classloader.VisitableURLClassLoader                         : 159K
Loader org.gradle.groovy.scripts.internal.DefaultScriptCompilationHandler$ScriptClassLoader: 120K

Classes loaded by more than one classloader:
Class Program                                                                         : loaded 4 times (x 74B)
Class com.google.common.base.PairwiseEquivalence                                      : loaded 2 times (x 83B)
Class com.google.common.collect.RegularImmutableMap$KeySet                            : loaded 2 times (x 152B)
Class org.gradle.internal.classloader.FilteringClassLoader                            : loaded 2 times (x 105B)
Class org.gradle.internal.classloader.ClassLoaderHierarchy                            : loaded 2 times (x 70B)
Class com.google.common.util.concurrent.ExecutionError                                : loaded 2 times (x 82B)
Class com.google.common.collect.ImmutableList$1                                       : loaded 2 times (x 97B)
Class com.google.common.collect.RegularImmutableMap                                   : loaded 2 times (x 121B)
Class com.google.common.collect.ImmutableMap$MapViewOfValuesAsSingletonSets           : loaded 2 times (x 126B)
Class com.google.common.collect.UnmodifiableListIterator                              : loaded 2 times (x 95B)
Class [Lcom.google.common.cache.CacheBuilder$OneWeigher;                              : loaded 2 times (x 69B)
Class com.google.common.base.Suppliers                                                : loaded 2 times (x 71B)
Class org.gradle.internal.classloader.DefaultClassLoaderFactory                       : loaded 2 times (x 82B)
Class [Lcom.google.common.collect.ImmutableMapEntry;                                  : loaded 2 times (x 69B)
Class ijKotlinCoroutineJvmDebugInit1_ehvpe6xtk4q77b1m75r6vg650$_run_closure1$_closure2: loaded 2 times (x 139B)
Class com.google.common.collect.ImmutableEnumMap                                      : loaded 2 times (x 126B)
Class org.gradle.api.internal.DefaultClassPathProvider                                : loaded 2 times (x 76B)
Class [Lorg.gradle.api.internal.ClassPathProvider;                                    : loaded 2 times (x 69B)
Class org.gradle.api.internal.ClassPathProvider                                       : loaded 2 times (x 70B)
Class com.google.common.cache.LocalCache$LocalLoadingCache                            : loaded 2 times (x 134B)
Class org.gradle.internal.service.UnknownServiceException                             : loaded 2 times (x 83B)
Class com.google.common.cache.LocalCache$Strength$1                                   : loaded 2 times (x 81B)
Class com.google.common.cache.LocalCache$Strength$2                                   : loaded 2 times (x 81B)
Class ijKotlinCoroutineJvmDebugInit1_ehvpe6xtk4q77b1m75r6vg650$_run_closure1          : loaded 2 times (x 139B)
Class com.google.common.cache.LocalCache$Strength$3                                   : loaded 2 times (x 81B)
Class com.google.common.collect.MapDifference                                         : loaded 2 times (x 70B)
Class com.google.common.cache.CacheBuilder$NullListener                               : loaded 2 times (x 82B)
Class org.gradle.internal.classpath.TransformedClassPath                              : loaded 2 times (x 96B)
Class org.gradle.internal.classloader.InstrumentingClassLoader                        : loaded 2 times (x 70B)
Class com.google.common.cache.CacheLoader$FunctionToCacheLoader                       : loaded 2 times (x 75B)
Class com.google.common.collect.Iterators$ArrayItr                                    : loaded 2 times (x 97B)
Class com.google.common.collect.ImmutableCollection$Builder                           : loaded 2 times (x 76B)
Class com.google.common.base.MoreObjects                                              : loaded 2 times (x 71B)
Class com.google.common.collect.UnmodifiableIterator                                  : loaded 2 times (x 80B)
Class org.gradle.internal.service.ServiceLocator                                      : loaded 2 times (x 70B)
Class com.google.common.cache.LocalCache$1                                            : loaded 2 times (x 89B)
Class com.google.common.collect.Iterators$SingletonIterator                           : loaded 2 times (x 81B)
Class com.google.common.collect.AbstractMapEntry                                      : loaded 2 times (x 81B)
Class com.google.common.cache.LocalCache$2                                            : loaded 2 times (x 142B)
Class com.google.common.collect.RegularImmutableAsList                                : loaded 2 times (x 217B)
Class com.google.common.collect.Iterators                                             : loaded 2 times (x 71B)
Class com.google.common.util.concurrent.UncheckedExecutionException                   : loaded 2 times (x 82B)
Class org.gradle.kotlin.dsl.VersionCatalogAccessorsKt                                 : loaded 2 times (x 71B)
Class com.google.common.cache.CacheLoader$UnsupportedLoadingOperationException        : loaded 2 times (x 82B)
Class com.google.common.collect.IndexedImmutableSet                                   : loaded 2 times (x 152B)
Class com.google.common.collect.BiMap                                                 : loaded 2 times (x 70B)
Class com.google.common.collect.ImmutableMap$1                                        : loaded 2 times (x 81B)
Class org.gradle.api.internal.classpath.DefaultModuleRegistry$DefaultModule           : loaded 2 times (x 82B)
Class com.google.common.collect.AbstractIterator                                      : loaded 2 times (x 82B)
Class com.google.common.collect.AbstractIndexedListIterator                           : loaded 2 times (x 96B)
Class com.google.common.collect.ImmutableMapEntrySet                                  : loaded 2 times (x 152B)
Class org.gradle.api.internal.classpath.Module                                        : loaded 2 times (x 70B)
Class com.google.common.cache.Weigher                                                 : loaded 2 times (x 70B)
Class org.gradle.api.internal.classpath.UnknownModuleException                        : loaded 2 times (x 82B)
Class com.google.common.cache.LocalCache$Strength                                     : loaded 2 times (x 81B)
Class com.google.common.cache.Cache                                                   : loaded 2 times (x 70B)
Class com.google.common.collect.ImmutableMap$Builder                                  : loaded 2 times (x 82B)
Class com.google.common.cache.RemovalListener                                         : loaded 2 times (x 70B)
Class org.gradle.api.internal.DefaultClassPathRegistry                                : loaded 2 times (x 76B)
Class org.gradle.internal.classpath.DefaultClassPath$ImmutableUniqueList              : loaded 2 times (x 199B)
Class org.gradle.api.internal.ClassPathRegistry                                       : loaded 2 times (x 70B)
Class com.google.common.cache.CacheBuilder                                            : loaded 2 times (x 72B)
Class com.google.common.collect.SingletonImmutableList                                : loaded 2 times (x 207B)
Class com.google.common.base.Equivalence$Identity                                     : loaded 2 times (x 82B)
Class Settings_gradle$1                                                               : loaded 2 times (x 74B)
Class org.gradle.internal.classpath.ClassPath                                         : loaded 2 times (x 70B)
Class com.google.common.collect.ImmutableList$ReverseImmutableList                    : loaded 2 times (x 209B)
Class org.gradle.api.internal.classpath.DefaultModuleRegistry$DefaultModuleAlias      : loaded 2 times (x 80B)
Class com.google.common.base.Suppliers$SupplierOfInstance                             : loaded 2 times (x 79B)
Class com.google.common.collect.Iterators$1                                           : loaded 2 times (x 81B)
Class com.google.common.cache.LocalCache$ComputingValueReference                      : loaded 2 times (x 96B)
Class com.google.common.collect.SingletonImmutableSet                                 : loaded 2 times (x 146B)
Class com.google.common.collect.ImmutableMap$IteratorBasedImmutableMap                : loaded 2 times (x 126B)
Class com.google.common.cache.LocalCache$Segment                                      : loaded 2 times (x 154B)
Class com.google.common.cache.CacheLoader                                             : loaded 2 times (x 74B)
Class com.google.common.collect.Iterators$4                                           : loaded 2 times (x 82B)
Class com.google.common.collect.ImmutableBiMap                                        : loaded 2 times (x 143B)
Class org.gradle.api.internal.classpath.ModuleRegistry                                : loaded 2 times (x 70B)
Class org.gradle.internal.installation.GradleInstallation$1                           : loaded 2 times (x 75B)
Class com.google.common.collect.Iterators$5                                           : loaded 2 times (x 82B)
Class com.google.common.cache.LocalCache$LocalManualCache$1                           : loaded 2 times (x 75B)
Class com.google.common.collect.ImmutableCollection                                   : loaded 2 times (x 125B)
Class org.gradle.api.internal.classpath.DefaultModuleRegistry                         : loaded 2 times (x 84B)
Class com.google.common.cache.ReferenceEntry                                          : loaded 2 times (x 70B)
Class com.google.common.base.Converter                                                : loaded 2 times (x 90B)
Class com.google.common.collect.ImmutableSet$CachingAsList                            : loaded 2 times (x 148B)
Class com.google.common.base.FunctionalEquivalence                                    : loaded 2 times (x 83B)
Class com.google.common.collect.Iterators$9                                           : loaded 2 times (x 81B)
Class com.google.common.collect.ImmutableAsList                                       : loaded 2 times (x 209B)
Class ijJvmDebugger1_c7taw3lrjo1eoziqqyouhqjk8$_run_closure1                          : loaded 2 times (x 139B)
Class com.google.common.cache.CacheLoader$SupplierToCacheLoader                       : loaded 2 times (x 75B)
Class ijKotlinCoroutineJvmDebugInit1_ehvpe6xtk4q77b1m75r6vg650                        : loaded 2 times (x 171B)
Class org.gradle.internal.service.ServiceLookupException                              : loaded 2 times (x 82B)
Class [Lcom.google.common.cache.LocalCache$EntryFactory;                              : loaded 2 times (x 69B)
Class org.gradle.internal.classloader.ClassLoaderFactory                              : loaded 2 times (x 70B)
Class com.google.common.cache.LocalCache$LocalManualCache                             : loaded 2 times (x 99B)
Class org.gradle.internal.service.CachingServiceLocator                               : loaded 2 times (x 82B)
Class com.google.common.collect.ImmutableMapEntry                                     : loaded 2 times (x 85B)
Class com.google.common.base.Equivalence                                              : loaded 2 times (x 82B)
Class com.google.common.base.Function                                                 : loaded 2 times (x 70B)
Class com.google.common.collect.ImmutableMapEntry$NonTerminalImmutableMapEntry        : loaded 2 times (x 85B)
Class ijJvmDebugger1_c7taw3lrjo1eoziqqyouhqjk8                                        : loaded 2 times (x 171B)
Class com.google.common.cache.CacheBuilder$OneWeigher                                 : loaded 2 times (x 82B)
Class com.google.common.collect.RegularImmutableList                                  : loaded 2 times (x 213B)
Class org.gradle.internal.classloader.ClasspathUtil                                   : loaded 2 times (x 71B)
Class com.google.common.collect.Maps                                                  : loaded 2 times (x 71B)
Class org.gradle.api.specs.Spec                                                       : loaded 2 times (x 70B)
Class [Lcom.google.common.collect.ImmutableEntry;                                     : loaded 2 times (x 69B)
Class com.google.common.cache.LocalCache$LoadingValueReference                        : loaded 2 times (x 96B)
Class com.google.common.collect.Maps$8                                                : loaded 2 times (x 82B)
Class org.gradle.internal.classloader.VisitableURLClassLoader$InstrumentingVisitableURLClassLoader: loaded 2 times (x 123B)
Class [Lcom.google.common.cache.CacheBuilder$NullListener;                            : loaded 2 times (x 69B)
Class org.gradle.internal.classloader.VisitableURLClassLoader$Spec                    : loaded 2 times (x 74B)
Class org.gradle.internal.classpath.DefaultClassPath                                  : loaded 2 times (x 90B)
Class com.google.common.collect.ImmutableSet                                          : loaded 2 times (x 145B)
Class com.google.common.collect.RegularImmutableMap$Values                            : loaded 2 times (x 207B)
Class org.gradle.internal.classloader.ClassLoaderSpec                                 : loaded 2 times (x 71B)
Class com.google.common.cache.CacheStats                                              : loaded 2 times (x 71B)
Class Settings_gradle$1$1                                                             : loaded 2 times (x 74B)
Class org.gradle.api.internal.classpath.Module$ModuleAlias                            : loaded 2 times (x 70B)
Class com.google.common.base.Supplier                                                 : loaded 2 times (x 70B)
Class org.gradle.internal.classloader.VisitableURLClassLoader                         : loaded 2 times (x 117B)
Class Settings_gradle                                                                 : loaded 2 times (x 124B)
Class org.gradle.internal.Cast                                                        : loaded 2 times (x 71B)
Class org.gradle.api.Action                                                           : loaded 2 times (x 70B)
Class com.google.common.base.Ticker                                                   : loaded 2 times (x 72B)
Class [Lcom.google.common.cache.LocalCache$Segment;                                   : loaded 2 times (x 69B)
Class com.google.common.base.Predicate                                                : loaded 2 times (x 70B)
Class [Lcom.google.common.cache.LocalCache$Strength;                                  : loaded 2 times (x 69B)
Class com.google.common.cache.CacheBuilder$1                                          : loaded 2 times (x 85B)
Class com.google.common.collect.ImmutableMap                                          : loaded 2 times (x 120B)
Class org.gradle.internal.classpath.DefaultClassPath$ImmutableUniqueList$Builder      : loaded 2 times (x 75B)
Class com.google.common.cache.LocalCache                                              : loaded 2 times (x 187B)
Class com.google.common.cache.CacheBuilder$2                                          : loaded 2 times (x 79B)
Class com.google.common.cache.CacheBuilder$3                                          : loaded 2 times (x 72B)
Class [Lcom.google.common.collect.AbstractMapEntry;                                   : loaded 2 times (x 69B)
Class com.google.common.collect.ImmutableEntry                                        : loaded 2 times (x 82B)
Class org.gradle.api.GradleException                                                  : loaded 2 times (x 82B)
Class com.google.common.collect.CollectPreconditions                                  : loaded 2 times (x 71B)
Class com.google.common.collect.SortedMapDifference                                   : loaded 2 times (x 70B)
Class com.google.common.cache.LocalCache$EntryFactory                                 : loaded 2 times (x 83B)
Class org.gradle.internal.IoActions                                                   : loaded 2 times (x 71B)
Class com.google.common.cache.CacheLoader$InvalidCacheLoadException                   : loaded 2 times (x 82B)
Class com.google.common.collect.ImmutableSet$RegularSetBuilderImpl                    : loaded 2 times (x 77B)
Class com.google.common.cache.LoadingCache                                            : loaded 2 times (x 70B)
Class [Lcom.google.common.cache.Weigher;                                              : loaded 2 times (x 69B)
Class com.google.common.collect.RegularImmutableMap$BucketOverflowException           : loaded 2 times (x 82B)
Class com.google.common.cache.LocalCache$ValueReference                               : loaded 2 times (x 70B)
Class com.google.common.base.Equivalence$Equals                                       : loaded 2 times (x 82B)
Class com.google.common.collect.Hashing                                               : loaded 2 times (x 71B)
Class com.google.common.base.Preconditions                                            : loaded 2 times (x 71B)
Class com.google.common.collect.PeekingIterator                                       : loaded 2 times (x 70B)
Class com.google.common.cache.LocalCache$EntryFactory$1                               : loaded 2 times (x 83B)
Class [Lcom.google.common.cache.RemovalListener;                                      : loaded 2 times (x 69B)
Class com.google.common.cache.LocalCache$EntryFactory$2                               : loaded 2 times (x 83B)
Class com.google.common.cache.LocalCache$EntryFactory$3                               : loaded 2 times (x 83B)
Class com.google.common.base.Ticker$1                                                 : loaded 2 times (x 72B)
Class com.google.common.collect.Maps$BiMapConverter                                   : loaded 2 times (x 90B)
Class com.google.common.collect.ImmutableMapEntrySet$RegularEntrySet                  : loaded 2 times (x 152B)
Class ijJvmDebugger1_c7taw3lrjo1eoziqqyouhqjk8$_run_closure1$_closure2                : loaded 2 times (x 140B)
Class com.google.common.cache.LocalCache$EntryFactory$4                               : loaded 2 times (x 83B)
Class com.google.common.cache.LocalCache$EntryFactory$5                               : loaded 2 times (x 83B)
Class com.google.common.cache.LocalCache$EntryFactory$6                               : loaded 2 times (x 83B)
Class Build_gradle                                                                    : loaded 2 times (x 72B)
Class org.gradle.internal.installation.CurrentGradleInstallationLocator               : loaded 2 times (x 71B)
Class com.google.common.cache.LocalCache$EntryFactory$7                               : loaded 2 times (x 83B)
Class com.google.common.collect.ImmutableList                                         : loaded 2 times (x 206B)
Class org.gradle.internal.service.DefaultServiceLocator                               : loaded 2 times (x 83B)
Class com.google.common.cache.LocalCache$EntryFactory$8                               : loaded 2 times (x 83B)
Class com.google.common.collect.ImmutableSet$SetBuilderImpl                           : loaded 2 times (x 76B)
Class org.gradle.internal.installation.CurrentGradleInstallation                      : loaded 2 times (x 73B)
Class com.google.common.cache.CacheLoader$1                                           : loaded 2 times (x 75B)
Class com.google.common.collect.ImmutableList$SubList                                 : loaded 2 times (x 209B)
Class org.gradle.util.internal.GUtil                                                  : loaded 2 times (x 71B)
Class com.google.common.cache.AbstractCache$StatsCounter                              : loaded 2 times (x 70B)
Class com.google.common.collect.Iterators$MergingIterator                             : loaded 2 times (x 81B)
Class com.google.common.collect.RegularImmutableSet                                   : loaded 2 times (x 149B)
Class org.gradle.internal.installation.GradleInstallation                             : loaded 2 times (x 75B)

---------------  S Y S T E M  ---------------

OS:
 Windows 11 , 64 bit Build 22621 (10.0.22621.5415)
OS uptime: 11 days 1:25 hours
Hyper-V role detected

CPU: total 4 (initial active 4) (2 cores per cpu, 2 threads per core) family 6 model 140 stepping 1 microcode 0xbe, cx8, cmov, fxsr, ht, mmx, 3dnowpref, sse, sse2, sse3, ssse3, sse4.1, sse4.2, popcnt, lzcnt, tsc, tscinvbit, avx, avx2, aes, erms, clmul, bmi1, bmi2, adx, avx512f, avx512dq, avx512cd, avx512bw, avx512vl, sha, fma, vzeroupper, avx512_vpopcntdq, avx512_vpclmulqdq, avx512_vaes, avx512_vnni, clflush, clflushopt, clwb, avx512_vbmi2, avx512_vbmi, hv, rdtscp, rdpid, fsrm, gfni, avx512_bitalg, f16c, cet_ibt, cet_ss, avx512_ifma
Processor Information for processor 0
  Max Mhz: 2995, Current Mhz: 2995, Mhz Limit: 2995
Processor Information for processor 1
  Max Mhz: 2995, Current Mhz: 2995, Mhz Limit: 2995
Processor Information for processor 2
  Max Mhz: 2995, Current Mhz: 2995, Mhz Limit: 2995
Processor Information for processor 3
  Max Mhz: 2995, Current Mhz: 1996, Mhz Limit: 2995

Memory: 4k page, system-wide physical 7930M (386M free)
TotalPageFile size 32506M (AvailPageFile size 15M)
current process WorkingSet (physical memory assigned to process): 313M, peak: 330M
current process commit charge ("private bytes"): 348M, peak: 366M

vm_info: OpenJDK 64-Bit Server VM (21.0.10+-14961533-b1163.108) for windows-amd64 JRE (21.0.10+-14961533-b1163.108), built on 2026-03-02T19:58:50Z by "builder" with MS VC++ 16.10 / 16.11 (VS2019)

END.
