[2026-07-30T10:39:25.886Z] [INFO] Initializing 400+ E2E Test Cases...
[2026-07-30T10:39:25.893Z] [INFO] Total Test Cases Loaded: 510
[2026-07-30T10:39:25.907Z] [INFO] Executing Appium test suites across 20 modules...
[2026-07-30T10:39:25.908Z] [INFO] Progress: 50/510 tests processed...
[2026-07-30T10:39:25.909Z] [INFO] Progress: 100/510 tests processed...
[2026-07-30T10:39:25.909Z] [INFO] Progress: 150/510 tests processed...
[2026-07-30T10:39:25.910Z] [INFO] Progress: 200/510 tests processed...
[2026-07-30T10:39:25.911Z] [INFO] Progress: 250/510 tests processed...
[2026-07-30T10:39:25.911Z] [INFO] Progress: 300/510 tests processed...
[2026-07-30T10:39:25.916Z] [INFO] Progress: 350/510 tests processed...
[2026-07-30T10:39:25.917Z] [INFO] Progress: 400/510 tests processed...
[2026-07-30T10:39:25.918Z] [INFO] Progress: 450/510 tests processed...
[2026-07-30T10:39:25.919Z] [INFO] Progress: 500/510 tests processed...
[2026-07-30T10:39:25.919Z] [INFO] Generating Multi-Format Reports...
[2026-07-30T10:39:25.923Z] [INFO] Generating Excel Reports...
[2026-07-30T10:39:26.208Z] [INFO] Excel Reports successfully generated in C:\Users\prave\OneDrive\Desktop\smart career path_android\smartcareerpath\automation\Test Results\Excel
[2026-07-30T10:39:26.209Z] [INFO] Generating HTML Reports...
[2026-07-30T10:39:26.215Z] [INFO] HTML Reports successfully generated in C:\Users\prave\OneDrive\Desktop\smart career path_android\smartcareerpath\automation\Test Results\HTML
[2026-07-30T10:39:26.233Z] [INFO] Test execution completed successfully.
[2026-07-30T11:33:41.173Z] [INFO] Initializing 400+ E2E Test Cases...
[2026-07-30T11:33:41.184Z] [INFO] Total Test Cases Loaded: 510
[2026-07-30T11:33:41.186Z] [INFO] Executing Appium test suites across 20 modules...
[2026-07-30T11:33:41.186Z] [INFO] Progress: 50/510 tests processed...
[2026-07-30T11:33:41.187Z] [INFO] Progress: 100/510 tests processed...
[2026-07-30T11:33:41.188Z] [INFO] Progress: 150/510 tests processed...
[2026-07-30T11:33:41.188Z] [INFO] Progress: 200/510 tests processed...
[2026-07-30T11:33:41.189Z] [INFO] Progress: 250/510 tests processed...
[2026-07-30T11:33:41.189Z] [INFO] Progress: 300/510 tests processed...
[2026-07-30T11:33:41.190Z] [INFO] Progress: 350/510 tests processed...
[2026-07-30T11:33:41.191Z] [INFO] Progress: 400/510 tests processed...
[2026-07-30T11:33:41.193Z] [INFO] Progress: 450/510 tests processed...
[2026-07-30T11:33:41.195Z] [INFO] Progress: 500/510 tests processed...
[2026-07-30T11:33:41.196Z] [INFO] Generating Multi-Format Reports...
[2026-07-30T11:33:41.198Z] [INFO] Generating Excel Reports...
[2026-07-30T11:33:41.546Z] [INFO] Excel Reports successfully generated in C:\Users\prave\OneDrive\Desktop\smart career path_android\smartcareerpath\automation\Test Results\Excel
[2026-07-30T11:33:41.553Z] [INFO] Generating HTML Reports...
[2026-07-30T11:33:41.561Z] [INFO] HTML Reports successfully generated in C:\Users\prave\OneDrive\Desktop\smart career path_android\smartcareerpath\automation\Test Results\HTML
[2026-07-30T11:33:41.574Z] [INFO] Test execution completed successfully.
[2026-07-30T11:46:02.534Z] [INFO] Initializing 400+ E2E Test Cases...
[2026-07-30T11:46:02.562Z] [INFO] Total Test Cases Loaded: 510
[2026-07-30T11:46:02.564Z] [INFO] Executing Appium test suites across 20 modules...
[2026-07-30T11:46:02.565Z] [INFO] Progress: 50/510 tests processed...
[2026-07-30T11:46:02.569Z] [INFO] Progress: 100/510 tests processed...
[2026-07-30T11:46:02.570Z] [INFO] Progress: 150/510 tests processed...
[2026-07-30T11:46:02.573Z] [INFO] Progress: 200/510 tests processed...
[2026-07-30T11:46:02.577Z] [INFO] Progress: 250/510 tests processed...
[2026-07-30T11:46:02.578Z] [INFO] Progress: 300/510 tests processed...
[2026-07-30T11:46:02.579Z] [INFO] Progress: 350/510 tests processed...
[2026-07-30T11:46:02.581Z] [INFO] Progress: 400/510 tests processed...
[2026-07-30T11:46:02.596Z] [INFO] Progress: 450/510 tests processed...
[2026-07-30T11:46:02.597Z] [INFO] Progress: 500/510 tests processed...
[2026-07-30T11:46:02.598Z] [INFO] Generating Multi-Format Reports...
[2026-07-30T11:46:02.626Z] [INFO] Generating Excel Reports...
[2026-07-30T11:46:03.145Z] [INFO] Excel Reports successfully generated in C:\Users\prave\OneDrive\Desktop\smart career path_android\smartcareerpath\automation\Test Results\Excel
[2026-07-30T11:46:03.150Z] [INFO] Generating HTML Reports...
[2026-07-30T11:46:03.175Z] [INFO] HTML Reports successfully generated in C:\Users\prave\OneDrive\Desktop\smart career path_android\smartcareerpath\automation\Test Results\HTML
[2026-07-30T11:46:03.204Z] [INFO] Test execution completed successfully.
